====================================================================================================
Running Python 3.10.19 (main, Oct 21 2025, 16:38:01) [GCC 11.2.0]
Running PyTorch 2.7.1+cpu
+------------------------------------------------------------------------------------------------+
| npu-smi 25.5.2                   Version: 25.5.2                                               |
+---------------------------+---------------+----------------------------------------------------+
| NPU   Name                | Health        | Power(W)    Temp(C)           Hugepages-Usage(page)|
| Chip  Phy-ID              | Bus-Id        | AICore(%)   Memory-Usage(MB)  HBM-Usage(MB)        |
+===========================+===============+====================================================+
| 0     Ascend910           | OK            | 163.3       41                0    / 0             |
| 0     0                   | 0000:9D:00.0  | 0           0    / 0          4618 / 65536         |
+------------------------------------------------------------------------------------------------+
| 0     Ascend910           | OK            | -           40                0    / 0             |
| 1     1                   | 0000:9F:00.0  | 0           0    / 0          3437 / 65536         |
+===========================+===============+====================================================+
| 1     Ascend910           | OK            | 165.9       41                0    / 0             |
| 0     2                   | 0000:99:00.0  | 0           0    / 0          3670 / 65536         |
+------------------------------------------------------------------------------------------------+
| 1     Ascend910           | OK            | -           42                0    / 0             |
| 1     3                   | 0000:9B:00.0  | 0           0    / 0          3437 / 65536         |
+===========================+===============+====================================================+
| 2     Ascend910           | OK            | 161.0       43                0    / 0             |
| 0     4                   | 0000:95:00.0  | 0           0    / 0          3681 / 65536         |
+------------------------------------------------------------------------------------------------+
| 2     Ascend910           | OK            | -           42                0    / 0             |
| 1     5                   | 0000:97:00.0  | 0           0    / 0          3426 / 65536         |
+===========================+===============+====================================================+
| 3     Ascend910           | OK            | 158.4       41                0    / 0             |
| 0     6                   | 0000:91:00.0  | 0           0    / 0          3669 / 65536         |
+------------------------------------------------------------------------------------------------+
| 3     Ascend910           | OK            | -           42                0    / 0             |
| 1     7                   | 0000:93:00.0  | 0           0    / 0          3437 / 65536         |
+===========================+===============+====================================================+
| 4     Ascend910           | OK            | 166.1       40                0    / 0             |
| 0     8                   | 0000:8D:00.0  | 0           0    / 0          3680 / 65536         |
+------------------------------------------------------------------------------------------------+
| 4     Ascend910           | OK            | -           40                0    / 0             |
| 1     9                   | 0000:8F:00.0  | 0           0    / 0          3426 / 65536         |
+===========================+===============+====================================================+
| 5     Ascend910           | OK            | 166.4       41                0    / 0             |
| 0     10                  | 0000:89:00.0  | 0           0    / 0          3683 / 65536         |
+------------------------------------------------------------------------------------------------+
| 5     Ascend910           | OK            | -           40                0    / 0             |
| 1     11                  | 0000:8B:00.0  | 0           0    / 0          3426 / 65536         |
+===========================+===============+====================================================+
| 6     Ascend910           | OK            | 165.4       41                0    / 0             |
| 0     12                  | 0000:85:00.0  | 0           0    / 0          3681 / 65536         |
+------------------------------------------------------------------------------------------------+
| 6     Ascend910           | OK            | -           44                0    / 0             |
| 1     13                  | 0000:87:00.0  | 0           0    / 0          3426 / 65536         |
+===========================+===============+====================================================+
| 7     Ascend910           | OK            | 167.3       44                0    / 0             |
| 0     14                  | 0000:81:00.0  | 0           0    / 0          3681 / 65536         |
+------------------------------------------------------------------------------------------------+
| 7     Ascend910           | OK            | -           43                0    / 0             |
| 1     15                  | 0000:83:00.0  | 0           0    / 0          3426 / 65536         |
+===========================+===============+====================================================+
+---------------------------+---------------+----------------------------------------------------+
| NPU     Chip              | Process id    | Process name             | Process memory(MB)      |
+===========================+===============+====================================================+
| 0       0                 | 4149531       | python3.10               | 116                     |
| 0       0                 | 4149532       | python3.10               | 116                     |
| 0       0                 | 4149534       | python3.10               | 116                     |
| 0       0                 | 4149536       | python3.10               | 116                     |
| 0       0                 | 4149530       | python3.10               | 116                     |
| 0       0                 | 4149522       | python3.10               | 599                     |
| 0       0                 | 4149523       | python3.10               | 116                     |
| 0       0                 | 4149524       | python3.10               | 116                     |
| 0       1                 | 4149523       | python3.10               | 599                     |
+===========================+===============+====================================================+
| 1       0                 | 4149524       | python3.10               | 599                     |
| 1       1                 | 4149525       | python3.10               | 599                     |
+===========================+===============+====================================================+
| 2       0                 | 4149526       | python3.10               | 599                     |
| 2       1                 | 4149527       | python3.10               | 599                     |
+===========================+===============+====================================================+
| 3       0                 | 4149528       | python3.10               | 599                     |
| 3       1                 | 4149529       | python3.10               | 599                     |
+===========================+===============+====================================================+
| 4       0                 | 4149530       | python3.10               | 599                     |
| 4       1                 | 4149531       | python3.10               | 599                     |
+===========================+===============+====================================================+
| 5       0                 | 4149532       | python3.10               | 599                     |
| 5       1                 | 4149533       | python3.10               | 599                     |
+===========================+===============+====================================================+
| 6       0                 | 4149534       | python3.10               | 599                     |
| 6       1                 | 4149535       | python3.10               | 599                     |
+===========================+===============+====================================================+
| 7       0                 | 4149536       | python3.10               | 599                     |
| 7       1                 | 4149537       | python3.10               | 599                     |
+===========================+===============+====================================================+

====================================================================================================
step:0/1670 val_loss:10.8258 train_time:0ms step_avg:0.10ms
step:1/1670 train_time:1272ms step_avg:1272.01ms
step:2/1670 train_time:1340ms step_avg:670.17ms
step:3/1670 train_time:1544ms step_avg:514.77ms
step:4/1670 train_time:1735ms step_avg:433.75ms
step:5/1670 train_time:1934ms step_avg:386.73ms
step:6/1670 train_time:2135ms step_avg:355.77ms
step:7/1670 train_time:2326ms step_avg:332.33ms
step:8/1670 train_time:2524ms step_avg:315.53ms
step:9/1670 train_time:2721ms step_avg:302.30ms
step:10/1670 train_time:2917ms step_avg:291.74ms
step:11/1670 train_time:3116ms step_avg:283.29ms
step:12/1670 train_time:3311ms step_avg:275.92ms
step:13/1670 train_time:3510ms step_avg:270.02ms
step:14/1670 train_time:3711ms step_avg:265.10ms
step:15/1670 train_time:3915ms step_avg:261.01ms
step:16/1670 train_time:4118ms step_avg:257.38ms
step:17/1670 train_time:4309ms step_avg:253.45ms
step:18/1670 train_time:4506ms step_avg:250.31ms
step:19/1670 train_time:4704ms step_avg:247.56ms
step:20/1670 train_time:4902ms step_avg:245.12ms
step:21/1670 train_time:5102ms step_avg:242.95ms
step:22/1670 train_time:5298ms step_avg:240.80ms
step:23/1670 train_time:5497ms step_avg:238.98ms
step:24/1670 train_time:5695ms step_avg:237.29ms
step:25/1670 train_time:5893ms step_avg:235.72ms
step:26/1670 train_time:6094ms step_avg:234.40ms
step:27/1670 train_time:6288ms step_avg:232.91ms
step:28/1670 train_time:6486ms step_avg:231.64ms
step:29/1670 train_time:6684ms step_avg:230.48ms
step:30/1670 train_time:6884ms step_avg:229.46ms
step:31/1670 train_time:7080ms step_avg:228.39ms
step:32/1670 train_time:7278ms step_avg:227.44ms
step:33/1670 train_time:7476ms step_avg:226.55ms
step:34/1670 train_time:7674ms step_avg:225.71ms
step:35/1670 train_time:7871ms step_avg:224.90ms
step:36/1670 train_time:8071ms step_avg:224.18ms
step:37/1670 train_time:8270ms step_avg:223.51ms
step:38/1670 train_time:8468ms step_avg:222.83ms
step:39/1670 train_time:8665ms step_avg:222.18ms
step:40/1670 train_time:8866ms step_avg:221.64ms
step:41/1670 train_time:9063ms step_avg:221.04ms
step:42/1670 train_time:9264ms step_avg:220.58ms
step:43/1670 train_time:9456ms step_avg:219.91ms
step:44/1670 train_time:9653ms step_avg:219.40ms
step:45/1670 train_time:9851ms step_avg:218.92ms
step:46/1670 train_time:10057ms step_avg:218.63ms
step:47/1670 train_time:10265ms step_avg:218.40ms
step:48/1670 train_time:10453ms step_avg:217.77ms
step:49/1670 train_time:10652ms step_avg:217.39ms
step:50/1670 train_time:10857ms step_avg:217.13ms
step:51/1670 train_time:11051ms step_avg:216.68ms
step:52/1670 train_time:11247ms step_avg:216.28ms
step:53/1670 train_time:11443ms step_avg:215.91ms
step:54/1670 train_time:11640ms step_avg:215.56ms
step:55/1670 train_time:11838ms step_avg:215.24ms
step:56/1670 train_time:12038ms step_avg:214.96ms
step:57/1670 train_time:12235ms step_avg:214.65ms
step:58/1670 train_time:12434ms step_avg:214.37ms
step:59/1670 train_time:12633ms step_avg:214.12ms
step:60/1670 train_time:12833ms step_avg:213.88ms
step:61/1670 train_time:13030ms step_avg:213.60ms
step:62/1670 train_time:13227ms step_avg:213.34ms
step:63/1670 train_time:13424ms step_avg:213.08ms
step:64/1670 train_time:13625ms step_avg:212.89ms
step:65/1670 train_time:13823ms step_avg:212.66ms
step:66/1670 train_time:14018ms step_avg:212.39ms
step:67/1670 train_time:14217ms step_avg:212.19ms
step:68/1670 train_time:14414ms step_avg:211.97ms
step:69/1670 train_time:14612ms step_avg:211.77ms
step:70/1670 train_time:14810ms step_avg:211.57ms
step:71/1670 train_time:15010ms step_avg:211.41ms
step:72/1670 train_time:15206ms step_avg:211.20ms
step:73/1670 train_time:15404ms step_avg:211.01ms
step:74/1670 train_time:15604ms step_avg:210.87ms
step:75/1670 train_time:15801ms step_avg:210.68ms
step:76/1670 train_time:16000ms step_avg:210.53ms
step:77/1670 train_time:16198ms step_avg:210.36ms
step:78/1670 train_time:16396ms step_avg:210.20ms
step:79/1670 train_time:16591ms step_avg:210.02ms
step:80/1670 train_time:16788ms step_avg:209.85ms
step:81/1670 train_time:16988ms step_avg:209.73ms
step:82/1670 train_time:17184ms step_avg:209.56ms
step:83/1670 train_time:17383ms step_avg:209.43ms
step:84/1670 train_time:17582ms step_avg:209.31ms
step:85/1670 train_time:17777ms step_avg:209.14ms
step:86/1670 train_time:17974ms step_avg:209.00ms
step:87/1670 train_time:18171ms step_avg:208.86ms
step:88/1670 train_time:18369ms step_avg:208.74ms
step:89/1670 train_time:18568ms step_avg:208.63ms
step:90/1670 train_time:18764ms step_avg:208.49ms
step:91/1670 train_time:18960ms step_avg:208.35ms
step:92/1670 train_time:19157ms step_avg:208.23ms
step:93/1670 train_time:19353ms step_avg:208.09ms
step:94/1670 train_time:19552ms step_avg:208.00ms
step:95/1670 train_time:19749ms step_avg:207.88ms
step:96/1670 train_time:19948ms step_avg:207.79ms
step:97/1670 train_time:20144ms step_avg:207.67ms
step:98/1670 train_time:20341ms step_avg:207.56ms
step:99/1670 train_time:20538ms step_avg:207.46ms
step:100/1670 train_time:20737ms step_avg:207.37ms
step:101/1670 train_time:20935ms step_avg:207.28ms
step:102/1670 train_time:21132ms step_avg:207.18ms
step:103/1670 train_time:21330ms step_avg:207.09ms
step:104/1670 train_time:21526ms step_avg:206.98ms
step:105/1670 train_time:21724ms step_avg:206.89ms
step:106/1670 train_time:21921ms step_avg:206.80ms
step:107/1670 train_time:22127ms step_avg:206.79ms
step:108/1670 train_time:22325ms step_avg:206.72ms
step:109/1670 train_time:22527ms step_avg:206.67ms
step:110/1670 train_time:22724ms step_avg:206.59ms
step:111/1670 train_time:22918ms step_avg:206.47ms
step:112/1670 train_time:23116ms step_avg:206.39ms
step:113/1670 train_time:23316ms step_avg:206.34ms
step:114/1670 train_time:23521ms step_avg:206.33ms
step:115/1670 train_time:23718ms step_avg:206.24ms
step:116/1670 train_time:23918ms step_avg:206.19ms
step:117/1670 train_time:24112ms step_avg:206.09ms
step:118/1670 train_time:24316ms step_avg:206.07ms
step:119/1670 train_time:24514ms step_avg:206.00ms
step:120/1670 train_time:24713ms step_avg:205.95ms
step:121/1670 train_time:24908ms step_avg:205.85ms
step:122/1670 train_time:25107ms step_avg:205.79ms
step:123/1670 train_time:25302ms step_avg:205.70ms
step:124/1670 train_time:25503ms step_avg:205.67ms
step:125/1670 train_time:25707ms step_avg:205.66ms
step:125/1670 val_loss:4.2979 train_time:25848ms step_avg:206.78ms
step:126/1670 train_time:26003ms step_avg:206.38ms
step:127/1670 train_time:26182ms step_avg:206.16ms
step:128/1670 train_time:26382ms step_avg:206.11ms
step:129/1670 train_time:26577ms step_avg:206.02ms
step:130/1670 train_time:26774ms step_avg:205.95ms
step:131/1670 train_time:26971ms step_avg:205.88ms
step:132/1670 train_time:27176ms step_avg:205.88ms
step:133/1670 train_time:27375ms step_avg:205.83ms
step:134/1670 train_time:27575ms step_avg:205.78ms
step:135/1670 train_time:27771ms step_avg:205.71ms
step:136/1670 train_time:27974ms step_avg:205.69ms
step:137/1670 train_time:28168ms step_avg:205.60ms
step:138/1670 train_time:28364ms step_avg:205.53ms
step:139/1670 train_time:28561ms step_avg:205.47ms
step:140/1670 train_time:28757ms step_avg:205.41ms
step:141/1670 train_time:28953ms step_avg:205.34ms
step:142/1670 train_time:29150ms step_avg:205.28ms
step:143/1670 train_time:29346ms step_avg:205.22ms
step:144/1670 train_time:29542ms step_avg:205.15ms
step:145/1670 train_time:29738ms step_avg:205.09ms
step:146/1670 train_time:29934ms step_avg:205.03ms
step:147/1670 train_time:30131ms step_avg:204.97ms
step:148/1670 train_time:30329ms step_avg:204.92ms
step:149/1670 train_time:30526ms step_avg:204.88ms
step:150/1670 train_time:30723ms step_avg:204.82ms
step:151/1670 train_time:30920ms step_avg:204.77ms
step:152/1670 train_time:31116ms step_avg:204.71ms
step:153/1670 train_time:31313ms step_avg:204.66ms
step:154/1670 train_time:31510ms step_avg:204.61ms
step:155/1670 train_time:31707ms step_avg:204.56ms
step:156/1670 train_time:31906ms step_avg:204.52ms
step:157/1670 train_time:32101ms step_avg:204.46ms
step:158/1670 train_time:32301ms step_avg:204.44ms
step:159/1670 train_time:32496ms step_avg:204.37ms
step:160/1670 train_time:32692ms step_avg:204.32ms
step:161/1670 train_time:32888ms step_avg:204.28ms
step:162/1670 train_time:33085ms step_avg:204.23ms
step:163/1670 train_time:33287ms step_avg:204.21ms
step:164/1670 train_time:33483ms step_avg:204.16ms
step:165/1670 train_time:33678ms step_avg:204.11ms
step:166/1670 train_time:33875ms step_avg:204.07ms
step:167/1670 train_time:34073ms step_avg:204.03ms
step:168/1670 train_time:34271ms step_avg:203.99ms
step:169/1670 train_time:34468ms step_avg:203.95ms
step:170/1670 train_time:34672ms step_avg:203.96ms
step:171/1670 train_time:34860ms step_avg:203.86ms
step:172/1670 train_time:35057ms step_avg:203.82ms
step:173/1670 train_time:35253ms step_avg:203.77ms
step:174/1670 train_time:35450ms step_avg:203.74ms
step:175/1670 train_time:35647ms step_avg:203.70ms
step:176/1670 train_time:35844ms step_avg:203.66ms
step:177/1670 train_time:36041ms step_avg:203.62ms
step:178/1670 train_time:36237ms step_avg:203.58ms
step:179/1670 train_time:36433ms step_avg:203.54ms
step:180/1670 train_time:36632ms step_avg:203.51ms
step:181/1670 train_time:36827ms step_avg:203.47ms
step:182/1670 train_time:37026ms step_avg:203.44ms
step:183/1670 train_time:37225ms step_avg:203.41ms
step:184/1670 train_time:37421ms step_avg:203.37ms
step:185/1670 train_time:37618ms step_avg:203.34ms
step:186/1670 train_time:37814ms step_avg:203.30ms
step:187/1670 train_time:38012ms step_avg:203.27ms
step:188/1670 train_time:38209ms step_avg:203.24ms
step:189/1670 train_time:38405ms step_avg:203.20ms
step:190/1670 train_time:38603ms step_avg:203.18ms
step:191/1670 train_time:38801ms step_avg:203.15ms
step:192/1670 train_time:38997ms step_avg:203.11ms
step:193/1670 train_time:39193ms step_avg:203.07ms
step:194/1670 train_time:39394ms step_avg:203.06ms
step:195/1670 train_time:39587ms step_avg:203.01ms
step:196/1670 train_time:39784ms step_avg:202.98ms
step:197/1670 train_time:39979ms step_avg:202.94ms
step:198/1670 train_time:40179ms step_avg:202.93ms
step:199/1670 train_time:40382ms step_avg:202.92ms
step:200/1670 train_time:40577ms step_avg:202.88ms
step:201/1670 train_time:40776ms step_avg:202.86ms
step:202/1670 train_time:40974ms step_avg:202.84ms
step:203/1670 train_time:41169ms step_avg:202.80ms
step:204/1670 train_time:41365ms step_avg:202.77ms
step:205/1670 train_time:41561ms step_avg:202.74ms
step:206/1670 train_time:41757ms step_avg:202.70ms
step:207/1670 train_time:41951ms step_avg:202.66ms
step:208/1670 train_time:42143ms step_avg:202.61ms
step:209/1670 train_time:42340ms step_avg:202.59ms
step:210/1670 train_time:43295ms step_avg:206.16ms
step:211/1670 train_time:43527ms step_avg:206.29ms
step:212/1670 train_time:43723ms step_avg:206.24ms
step:213/1670 train_time:43923ms step_avg:206.21ms
step:214/1670 train_time:44123ms step_avg:206.18ms
step:215/1670 train_time:44319ms step_avg:206.14ms
step:216/1670 train_time:44515ms step_avg:206.09ms
step:217/1670 train_time:44711ms step_avg:206.04ms
step:218/1670 train_time:44908ms step_avg:206.00ms
step:219/1670 train_time:45099ms step_avg:205.93ms
step:220/1670 train_time:45295ms step_avg:205.89ms
step:221/1670 train_time:45492ms step_avg:205.85ms
step:222/1670 train_time:45689ms step_avg:205.80ms
step:223/1670 train_time:45888ms step_avg:205.77ms
step:224/1670 train_time:46087ms step_avg:205.74ms
step:225/1670 train_time:46284ms step_avg:205.71ms
step:226/1670 train_time:46484ms step_avg:205.68ms
step:227/1670 train_time:46689ms step_avg:205.68ms
step:228/1670 train_time:46889ms step_avg:205.65ms
step:229/1670 train_time:47082ms step_avg:205.60ms
step:230/1670 train_time:47280ms step_avg:205.56ms
step:231/1670 train_time:47475ms step_avg:205.52ms
step:232/1670 train_time:47673ms step_avg:205.49ms
step:233/1670 train_time:47867ms step_avg:205.44ms
step:234/1670 train_time:48064ms step_avg:205.40ms
step:235/1670 train_time:48252ms step_avg:205.33ms
step:236/1670 train_time:48452ms step_avg:205.31ms
step:237/1670 train_time:48655ms step_avg:205.29ms
step:238/1670 train_time:48865ms step_avg:205.31ms
step:239/1670 train_time:49059ms step_avg:205.27ms
step:240/1670 train_time:49246ms step_avg:205.19ms
step:241/1670 train_time:49449ms step_avg:205.18ms
step:242/1670 train_time:49645ms step_avg:205.14ms
step:243/1670 train_time:49840ms step_avg:205.10ms
step:244/1670 train_time:50039ms step_avg:205.08ms
step:245/1670 train_time:50238ms step_avg:205.05ms
step:246/1670 train_time:50430ms step_avg:205.00ms
step:247/1670 train_time:50631ms step_avg:204.98ms
step:248/1670 train_time:50824ms step_avg:204.94ms
step:249/1670 train_time:51016ms step_avg:204.88ms
step:250/1670 train_time:51213ms step_avg:204.85ms
step:250/1670 val_loss:3.9671 train_time:51363ms step_avg:205.45ms
step:251/1670 train_time:51519ms step_avg:205.26ms
step:252/1670 train_time:51677ms step_avg:205.07ms
step:253/1670 train_time:51873ms step_avg:205.03ms
step:254/1670 train_time:52072ms step_avg:205.01ms
step:255/1670 train_time:52267ms step_avg:204.97ms
step:256/1670 train_time:52463ms step_avg:204.94ms
step:257/1670 train_time:52664ms step_avg:204.92ms
step:258/1670 train_time:52862ms step_avg:204.89ms
step:259/1670 train_time:53061ms step_avg:204.87ms
step:260/1670 train_time:53258ms step_avg:204.84ms
step:261/1670 train_time:53455ms step_avg:204.81ms
step:262/1670 train_time:53651ms step_avg:204.77ms
step:263/1670 train_time:53847ms step_avg:204.74ms
step:264/1670 train_time:54053ms step_avg:204.75ms
step:265/1670 train_time:54244ms step_avg:204.69ms
step:266/1670 train_time:54440ms step_avg:204.66ms
step:267/1670 train_time:54639ms step_avg:204.64ms
step:268/1670 train_time:54842ms step_avg:204.64ms
step:269/1670 train_time:55040ms step_avg:204.61ms
step:270/1670 train_time:55238ms step_avg:204.58ms
step:271/1670 train_time:55435ms step_avg:204.56ms
step:272/1670 train_time:55635ms step_avg:204.54ms
step:273/1670 train_time:55834ms step_avg:204.52ms
step:274/1670 train_time:56030ms step_avg:204.49ms
step:275/1670 train_time:56226ms step_avg:204.46ms
step:276/1670 train_time:56424ms step_avg:204.43ms
step:277/1670 train_time:56618ms step_avg:204.40ms
step:278/1670 train_time:56824ms step_avg:204.40ms
step:279/1670 train_time:57020ms step_avg:204.37ms
step:280/1670 train_time:57208ms step_avg:204.31ms
step:281/1670 train_time:57409ms step_avg:204.30ms
step:282/1670 train_time:57613ms step_avg:204.30ms
step:283/1670 train_time:57806ms step_avg:204.26ms
step:284/1670 train_time:58000ms step_avg:204.23ms
step:285/1670 train_time:58197ms step_avg:204.20ms
step:286/1670 train_time:58393ms step_avg:204.17ms
step:287/1670 train_time:58590ms step_avg:204.15ms
step:288/1670 train_time:58786ms step_avg:204.12ms
step:289/1670 train_time:58983ms step_avg:204.09ms
step:290/1670 train_time:59182ms step_avg:204.08ms
step:291/1670 train_time:59377ms step_avg:204.04ms
step:292/1670 train_time:59573ms step_avg:204.02ms
step:293/1670 train_time:59768ms step_avg:203.99ms
step:294/1670 train_time:59965ms step_avg:203.96ms
step:295/1670 train_time:60162ms step_avg:203.94ms
step:296/1670 train_time:60358ms step_avg:203.91ms
step:297/1670 train_time:60554ms step_avg:203.88ms
step:298/1670 train_time:60750ms step_avg:203.86ms
step:299/1670 train_time:60945ms step_avg:203.83ms
step:300/1670 train_time:61151ms step_avg:203.84ms
step:301/1670 train_time:61346ms step_avg:203.81ms
step:302/1670 train_time:61545ms step_avg:203.79ms
step:303/1670 train_time:61741ms step_avg:203.77ms
step:304/1670 train_time:61937ms step_avg:203.74ms
step:305/1670 train_time:62133ms step_avg:203.71ms
step:306/1670 train_time:62329ms step_avg:203.69ms
step:307/1670 train_time:62527ms step_avg:203.67ms
step:308/1670 train_time:62723ms step_avg:203.65ms
step:309/1670 train_time:62919ms step_avg:203.62ms
step:310/1670 train_time:63114ms step_avg:203.59ms
step:311/1670 train_time:63310ms step_avg:203.57ms
step:312/1670 train_time:63508ms step_avg:203.55ms
step:313/1670 train_time:63705ms step_avg:203.53ms
step:314/1670 train_time:63901ms step_avg:203.51ms
step:315/1670 train_time:64099ms step_avg:203.49ms
step:316/1670 train_time:64296ms step_avg:203.47ms
step:317/1670 train_time:64494ms step_avg:203.45ms
step:318/1670 train_time:64699ms step_avg:203.46ms
step:319/1670 train_time:64897ms step_avg:203.44ms
step:320/1670 train_time:65100ms step_avg:203.44ms
step:321/1670 train_time:65298ms step_avg:203.42ms
step:322/1670 train_time:65492ms step_avg:203.39ms
step:323/1670 train_time:65690ms step_avg:203.38ms
step:324/1670 train_time:65884ms step_avg:203.35ms
step:325/1670 train_time:66085ms step_avg:203.34ms
step:326/1670 train_time:66278ms step_avg:203.31ms
step:327/1670 train_time:66476ms step_avg:203.29ms
step:328/1670 train_time:66671ms step_avg:203.27ms
step:329/1670 train_time:66869ms step_avg:203.25ms
step:330/1670 train_time:67065ms step_avg:203.23ms
step:331/1670 train_time:67262ms step_avg:203.21ms
step:332/1670 train_time:67460ms step_avg:203.19ms
step:333/1670 train_time:67657ms step_avg:203.18ms
step:334/1670 train_time:67853ms step_avg:203.15ms
step:335/1670 train_time:68050ms step_avg:203.13ms
step:336/1670 train_time:68248ms step_avg:203.12ms
step:337/1670 train_time:68445ms step_avg:203.10ms
step:338/1670 train_time:68642ms step_avg:203.08ms
step:339/1670 train_time:68838ms step_avg:203.06ms
step:340/1670 train_time:69036ms step_avg:203.05ms
step:341/1670 train_time:69233ms step_avg:203.03ms
step:342/1670 train_time:69430ms step_avg:203.01ms
step:343/1670 train_time:69628ms step_avg:203.00ms
step:344/1670 train_time:69823ms step_avg:202.97ms
step:345/1670 train_time:70019ms step_avg:202.95ms
step:346/1670 train_time:70225ms step_avg:202.96ms
step:347/1670 train_time:70425ms step_avg:202.95ms
step:348/1670 train_time:70614ms step_avg:202.91ms
step:349/1670 train_time:70811ms step_avg:202.90ms
step:350/1670 train_time:71008ms step_avg:202.88ms
step:351/1670 train_time:71207ms step_avg:202.87ms
step:352/1670 train_time:71405ms step_avg:202.86ms
step:353/1670 train_time:71600ms step_avg:202.83ms
step:354/1670 train_time:71798ms step_avg:202.82ms
step:355/1670 train_time:71998ms step_avg:202.81ms
step:356/1670 train_time:72196ms step_avg:202.80ms
step:357/1670 train_time:72394ms step_avg:202.79ms
step:358/1670 train_time:72592ms step_avg:202.77ms
step:359/1670 train_time:72787ms step_avg:202.75ms
step:360/1670 train_time:72983ms step_avg:202.73ms
step:361/1670 train_time:73182ms step_avg:202.72ms
step:362/1670 train_time:73377ms step_avg:202.70ms
step:363/1670 train_time:73577ms step_avg:202.69ms
step:364/1670 train_time:73772ms step_avg:202.67ms
step:365/1670 train_time:73969ms step_avg:202.66ms
step:366/1670 train_time:74167ms step_avg:202.64ms
step:367/1670 train_time:74369ms step_avg:202.64ms
step:368/1670 train_time:74595ms step_avg:202.70ms
step:369/1670 train_time:74812ms step_avg:202.74ms
step:370/1670 train_time:75009ms step_avg:202.73ms
step:371/1670 train_time:75204ms step_avg:202.71ms
step:372/1670 train_time:75393ms step_avg:202.67ms
step:373/1670 train_time:75589ms step_avg:202.65ms
step:374/1670 train_time:75785ms step_avg:202.63ms
step:375/1670 train_time:75984ms step_avg:202.62ms
step:375/1670 val_loss:3.8101 train_time:76138ms step_avg:203.03ms
step:376/1670 train_time:76301ms step_avg:202.93ms
step:377/1670 train_time:76471ms step_avg:202.84ms
step:378/1670 train_time:76668ms step_avg:202.83ms
step:379/1670 train_time:76865ms step_avg:202.81ms
step:380/1670 train_time:77063ms step_avg:202.80ms
step:381/1670 train_time:77262ms step_avg:202.79ms
step:382/1670 train_time:77464ms step_avg:202.79ms
step:383/1670 train_time:77660ms step_avg:202.77ms
step:384/1670 train_time:77855ms step_avg:202.75ms
step:385/1670 train_time:78066ms step_avg:202.77ms
step:386/1670 train_time:78262ms step_avg:202.75ms
step:387/1670 train_time:78460ms step_avg:202.74ms
step:388/1670 train_time:78655ms step_avg:202.72ms
step:389/1670 train_time:78854ms step_avg:202.71ms
step:390/1670 train_time:79062ms step_avg:202.72ms
step:391/1670 train_time:79256ms step_avg:202.70ms
step:392/1670 train_time:79451ms step_avg:202.68ms
step:393/1670 train_time:79655ms step_avg:202.68ms
step:394/1670 train_time:79848ms step_avg:202.66ms
step:395/1670 train_time:80037ms step_avg:202.63ms
step:396/1670 train_time:80237ms step_avg:202.62ms
step:397/1670 train_time:80434ms step_avg:202.60ms
step:398/1670 train_time:80630ms step_avg:202.59ms
step:399/1670 train_time:80826ms step_avg:202.57ms
step:400/1670 train_time:81024ms step_avg:202.56ms
step:401/1670 train_time:81219ms step_avg:202.54ms
step:402/1670 train_time:81422ms step_avg:202.54ms
step:403/1670 train_time:81616ms step_avg:202.52ms
step:404/1670 train_time:81809ms step_avg:202.50ms
step:405/1670 train_time:82010ms step_avg:202.49ms
step:406/1670 train_time:82212ms step_avg:202.49ms
step:407/1670 train_time:82406ms step_avg:202.47ms
step:408/1670 train_time:82602ms step_avg:202.45ms
step:409/1670 train_time:82796ms step_avg:202.43ms
step:410/1670 train_time:82993ms step_avg:202.42ms
step:411/1670 train_time:83188ms step_avg:202.40ms
step:412/1670 train_time:83385ms step_avg:202.39ms
step:413/1670 train_time:83580ms step_avg:202.37ms
step:414/1670 train_time:83776ms step_avg:202.36ms
step:415/1670 train_time:83974ms step_avg:202.35ms
step:416/1670 train_time:84170ms step_avg:202.33ms
step:417/1670 train_time:84367ms step_avg:202.32ms
step:418/1670 train_time:84562ms step_avg:202.30ms
step:419/1670 train_time:84758ms step_avg:202.29ms
step:420/1670 train_time:85468ms step_avg:203.50ms
step:421/1670 train_time:85951ms step_avg:204.16ms
step:422/1670 train_time:86146ms step_avg:204.14ms
step:423/1670 train_time:86344ms step_avg:204.12ms
step:424/1670 train_time:86540ms step_avg:204.10ms
step:425/1670 train_time:86737ms step_avg:204.09ms
step:426/1670 train_time:86933ms step_avg:204.07ms
step:427/1670 train_time:87134ms step_avg:204.06ms
step:428/1670 train_time:87329ms step_avg:204.04ms
step:429/1670 train_time:87527ms step_avg:204.03ms
step:430/1670 train_time:87724ms step_avg:204.01ms
step:431/1670 train_time:87919ms step_avg:203.99ms
step:432/1670 train_time:88115ms step_avg:203.97ms
step:433/1670 train_time:88316ms step_avg:203.96ms
step:434/1670 train_time:88514ms step_avg:203.95ms
step:435/1670 train_time:88712ms step_avg:203.94ms
step:436/1670 train_time:88904ms step_avg:203.91ms
step:437/1670 train_time:89097ms step_avg:203.88ms
step:438/1670 train_time:89297ms step_avg:203.87ms
step:439/1670 train_time:89493ms step_avg:203.86ms
step:440/1670 train_time:89687ms step_avg:203.83ms
step:441/1670 train_time:89883ms step_avg:203.82ms
step:442/1670 train_time:90084ms step_avg:203.81ms
step:443/1670 train_time:90280ms step_avg:203.79ms
step:444/1670 train_time:90476ms step_avg:203.78ms
step:445/1670 train_time:90673ms step_avg:203.76ms
step:446/1670 train_time:90869ms step_avg:203.74ms
step:447/1670 train_time:91065ms step_avg:203.72ms
step:448/1670 train_time:91260ms step_avg:203.71ms
step:449/1670 train_time:91456ms step_avg:203.69ms
step:450/1670 train_time:91652ms step_avg:203.67ms
step:451/1670 train_time:91848ms step_avg:203.65ms
step:452/1670 train_time:92045ms step_avg:203.64ms
step:453/1670 train_time:92243ms step_avg:203.63ms
step:454/1670 train_time:92438ms step_avg:203.61ms
step:455/1670 train_time:92638ms step_avg:203.60ms
step:456/1670 train_time:92836ms step_avg:203.59ms
step:457/1670 train_time:93034ms step_avg:203.58ms
step:458/1670 train_time:93229ms step_avg:203.56ms
step:459/1670 train_time:93436ms step_avg:203.56ms
step:460/1670 train_time:93627ms step_avg:203.54ms
step:461/1670 train_time:93818ms step_avg:203.51ms
step:462/1670 train_time:94016ms step_avg:203.50ms
step:463/1670 train_time:94212ms step_avg:203.48ms
step:464/1670 train_time:94408ms step_avg:203.47ms
step:465/1670 train_time:94605ms step_avg:203.45ms
step:466/1670 train_time:94801ms step_avg:203.44ms
step:467/1670 train_time:94994ms step_avg:203.41ms
step:468/1670 train_time:95191ms step_avg:203.40ms
step:469/1670 train_time:95390ms step_avg:203.39ms
step:470/1670 train_time:95584ms step_avg:203.37ms
step:471/1670 train_time:95787ms step_avg:203.37ms
step:472/1670 train_time:95982ms step_avg:203.35ms
step:473/1670 train_time:96174ms step_avg:203.33ms
step:474/1670 train_time:96374ms step_avg:203.32ms
step:475/1670 train_time:96571ms step_avg:203.31ms
step:476/1670 train_time:96768ms step_avg:203.29ms
step:477/1670 train_time:96964ms step_avg:203.28ms
step:478/1670 train_time:97164ms step_avg:203.27ms
step:479/1670 train_time:97358ms step_avg:203.25ms
step:480/1670 train_time:97554ms step_avg:203.24ms
step:481/1670 train_time:97752ms step_avg:203.23ms
step:482/1670 train_time:97953ms step_avg:203.22ms
step:483/1670 train_time:98152ms step_avg:203.21ms
step:484/1670 train_time:98348ms step_avg:203.20ms
step:485/1670 train_time:98543ms step_avg:203.18ms
step:486/1670 train_time:98742ms step_avg:203.17ms
step:487/1670 train_time:98948ms step_avg:203.18ms
step:488/1670 train_time:99144ms step_avg:203.16ms
step:489/1670 train_time:99340ms step_avg:203.15ms
step:490/1670 train_time:99537ms step_avg:203.14ms
step:491/1670 train_time:99734ms step_avg:203.12ms
step:492/1670 train_time:99930ms step_avg:203.11ms
step:493/1670 train_time:100129ms step_avg:203.10ms
step:494/1670 train_time:100329ms step_avg:203.10ms
step:495/1670 train_time:100531ms step_avg:203.09ms
step:496/1670 train_time:100731ms step_avg:203.09ms
step:497/1670 train_time:100927ms step_avg:203.07ms
step:498/1670 train_time:101125ms step_avg:203.06ms
step:499/1670 train_time:101316ms step_avg:203.04ms
step:500/1670 train_time:101512ms step_avg:203.02ms
step:500/1670 val_loss:3.7118 train_time:101664ms step_avg:203.33ms
step:501/1670 train_time:101817ms step_avg:203.23ms
step:502/1670 train_time:101975ms step_avg:203.14ms
step:503/1670 train_time:102173ms step_avg:203.13ms
step:504/1670 train_time:102372ms step_avg:203.12ms
step:505/1670 train_time:102570ms step_avg:203.11ms
step:506/1670 train_time:102768ms step_avg:203.10ms
step:507/1670 train_time:102964ms step_avg:203.08ms
step:508/1670 train_time:103163ms step_avg:203.08ms
step:509/1670 train_time:103357ms step_avg:203.06ms
step:510/1670 train_time:103557ms step_avg:203.05ms
step:511/1670 train_time:103757ms step_avg:203.05ms
step:512/1670 train_time:103960ms step_avg:203.05ms
step:513/1670 train_time:104148ms step_avg:203.02ms
step:514/1670 train_time:104346ms step_avg:203.01ms
step:515/1670 train_time:104551ms step_avg:203.01ms
step:516/1670 train_time:104743ms step_avg:202.99ms
step:517/1670 train_time:104941ms step_avg:202.98ms
step:518/1670 train_time:105133ms step_avg:202.96ms
step:519/1670 train_time:105330ms step_avg:202.95ms
step:520/1670 train_time:105537ms step_avg:202.96ms
step:521/1670 train_time:105731ms step_avg:202.94ms
step:522/1670 train_time:105925ms step_avg:202.92ms
step:523/1670 train_time:106117ms step_avg:202.90ms
step:524/1670 train_time:106312ms step_avg:202.89ms
step:525/1670 train_time:106509ms step_avg:202.87ms
step:526/1670 train_time:106707ms step_avg:202.87ms
step:527/1670 train_time:106910ms step_avg:202.86ms
step:528/1670 train_time:107104ms step_avg:202.85ms
step:529/1670 train_time:107307ms step_avg:202.85ms
step:530/1670 train_time:107499ms step_avg:202.83ms
step:531/1670 train_time:107699ms step_avg:202.82ms
step:532/1670 train_time:107893ms step_avg:202.81ms
step:533/1670 train_time:108092ms step_avg:202.80ms
step:534/1670 train_time:108285ms step_avg:202.78ms
step:535/1670 train_time:108487ms step_avg:202.78ms
step:536/1670 train_time:108685ms step_avg:202.77ms
step:537/1670 train_time:108877ms step_avg:202.75ms
step:538/1670 train_time:109075ms step_avg:202.74ms
step:539/1670 train_time:109271ms step_avg:202.73ms
step:540/1670 train_time:109467ms step_avg:202.72ms
step:541/1670 train_time:109667ms step_avg:202.71ms
step:542/1670 train_time:109876ms step_avg:202.72ms
step:543/1670 train_time:110066ms step_avg:202.70ms
step:544/1670 train_time:110263ms step_avg:202.69ms
step:545/1670 train_time:110455ms step_avg:202.67ms
step:546/1670 train_time:110663ms step_avg:202.68ms
step:547/1670 train_time:110849ms step_avg:202.65ms
step:548/1670 train_time:111045ms step_avg:202.64ms
step:549/1670 train_time:111243ms step_avg:202.63ms
step:550/1670 train_time:111437ms step_avg:202.61ms
step:551/1670 train_time:111634ms step_avg:202.60ms
step:552/1670 train_time:111830ms step_avg:202.59ms
step:553/1670 train_time:112027ms step_avg:202.58ms
step:554/1670 train_time:112221ms step_avg:202.56ms
step:555/1670 train_time:112417ms step_avg:202.55ms
step:556/1670 train_time:112616ms step_avg:202.55ms
step:557/1670 train_time:112813ms step_avg:202.54ms
step:558/1670 train_time:113054ms step_avg:202.61ms
step:559/1670 train_time:113272ms step_avg:202.63ms
step:560/1670 train_time:113482ms step_avg:202.65ms
step:561/1670 train_time:113692ms step_avg:202.66ms
step:562/1670 train_time:113889ms step_avg:202.65ms
step:563/1670 train_time:114087ms step_avg:202.64ms
step:564/1670 train_time:114282ms step_avg:202.63ms
step:565/1670 train_time:114473ms step_avg:202.61ms
step:566/1670 train_time:114676ms step_avg:202.61ms
step:567/1670 train_time:114875ms step_avg:202.60ms
step:568/1670 train_time:115076ms step_avg:202.60ms
step:569/1670 train_time:115276ms step_avg:202.59ms
step:570/1670 train_time:115478ms step_avg:202.59ms
step:571/1670 train_time:115677ms step_avg:202.59ms
step:572/1670 train_time:115879ms step_avg:202.59ms
step:573/1670 train_time:116077ms step_avg:202.58ms
step:574/1670 train_time:116282ms step_avg:202.58ms
step:575/1670 train_time:116480ms step_avg:202.57ms
step:576/1670 train_time:116679ms step_avg:202.57ms
step:577/1670 train_time:116878ms step_avg:202.56ms
step:578/1670 train_time:117078ms step_avg:202.56ms
step:579/1670 train_time:117277ms step_avg:202.55ms
step:580/1670 train_time:117476ms step_avg:202.54ms
step:581/1670 train_time:117675ms step_avg:202.54ms
step:582/1670 train_time:117876ms step_avg:202.54ms
step:583/1670 train_time:118074ms step_avg:202.53ms
step:584/1670 train_time:118274ms step_avg:202.52ms
step:585/1670 train_time:118473ms step_avg:202.52ms
step:586/1670 train_time:118673ms step_avg:202.51ms
step:587/1670 train_time:118871ms step_avg:202.51ms
step:588/1670 train_time:119080ms step_avg:202.52ms
step:589/1670 train_time:119286ms step_avg:202.52ms
step:590/1670 train_time:119478ms step_avg:202.50ms
step:591/1670 train_time:119676ms step_avg:202.50ms
step:592/1670 train_time:119876ms step_avg:202.49ms
step:593/1670 train_time:120075ms step_avg:202.49ms
step:594/1670 train_time:120275ms step_avg:202.48ms
step:595/1670 train_time:120474ms step_avg:202.48ms
step:596/1670 train_time:120675ms step_avg:202.47ms
step:597/1670 train_time:120874ms step_avg:202.47ms
step:598/1670 train_time:121075ms step_avg:202.47ms
step:599/1670 train_time:121272ms step_avg:202.46ms
step:600/1670 train_time:121472ms step_avg:202.45ms
step:601/1670 train_time:121672ms step_avg:202.45ms
step:602/1670 train_time:121871ms step_avg:202.44ms
step:603/1670 train_time:122071ms step_avg:202.44ms
step:604/1670 train_time:122275ms step_avg:202.44ms
step:605/1670 train_time:122476ms step_avg:202.44ms
step:606/1670 train_time:122676ms step_avg:202.44ms
step:607/1670 train_time:122868ms step_avg:202.42ms
step:608/1670 train_time:123067ms step_avg:202.41ms
step:609/1670 train_time:123266ms step_avg:202.41ms
step:610/1670 train_time:123467ms step_avg:202.40ms
step:611/1670 train_time:123667ms step_avg:202.40ms
step:612/1670 train_time:123870ms step_avg:202.40ms
step:613/1670 train_time:124068ms step_avg:202.39ms
step:614/1670 train_time:124268ms step_avg:202.39ms
step:615/1670 train_time:124465ms step_avg:202.38ms
step:616/1670 train_time:124666ms step_avg:202.38ms
step:617/1670 train_time:124865ms step_avg:202.37ms
step:618/1670 train_time:125065ms step_avg:202.37ms
step:619/1670 train_time:125270ms step_avg:202.38ms
step:620/1670 train_time:125469ms step_avg:202.37ms
step:621/1670 train_time:125674ms step_avg:202.37ms
step:622/1670 train_time:125865ms step_avg:202.36ms
step:623/1670 train_time:126066ms step_avg:202.35ms
step:624/1670 train_time:126266ms step_avg:202.35ms
step:625/1670 train_time:126469ms step_avg:202.35ms
step:625/1670 val_loss:3.6115 train_time:126618ms step_avg:202.59ms
step:626/1670 train_time:126775ms step_avg:202.52ms
step:627/1670 train_time:126944ms step_avg:202.46ms
step:628/1670 train_time:127143ms step_avg:202.46ms
step:629/1670 train_time:127342ms step_avg:202.45ms
step:630/1670 train_time:127541ms step_avg:202.45ms
step:631/1670 train_time:127740ms step_avg:202.44ms
step:632/1670 train_time:128735ms step_avg:203.69ms
step:633/1670 train_time:128940ms step_avg:203.70ms
step:634/1670 train_time:129140ms step_avg:203.69ms
step:635/1670 train_time:129341ms step_avg:203.69ms
step:636/1670 train_time:129541ms step_avg:203.68ms
step:637/1670 train_time:129748ms step_avg:203.69ms
step:638/1670 train_time:129939ms step_avg:203.67ms
step:639/1670 train_time:130143ms step_avg:203.67ms
step:640/1670 train_time:130347ms step_avg:203.67ms
step:641/1670 train_time:130547ms step_avg:203.66ms
step:642/1670 train_time:130747ms step_avg:203.66ms
step:643/1670 train_time:130947ms step_avg:203.65ms
step:644/1670 train_time:131146ms step_avg:203.64ms
step:645/1670 train_time:131339ms step_avg:203.63ms
step:646/1670 train_time:131549ms step_avg:203.64ms
step:647/1670 train_time:131745ms step_avg:203.62ms
step:648/1670 train_time:131945ms step_avg:203.62ms
step:649/1670 train_time:132144ms step_avg:203.61ms
step:650/1670 train_time:132342ms step_avg:203.60ms
step:651/1670 train_time:132545ms step_avg:203.60ms
step:652/1670 train_time:132748ms step_avg:203.60ms
step:653/1670 train_time:132947ms step_avg:203.59ms
step:654/1670 train_time:133156ms step_avg:203.60ms
step:655/1670 train_time:133359ms step_avg:203.60ms
step:656/1670 train_time:133559ms step_avg:203.60ms
step:657/1670 train_time:133762ms step_avg:203.59ms
step:658/1670 train_time:133965ms step_avg:203.59ms
step:659/1670 train_time:134166ms step_avg:203.59ms
step:660/1670 train_time:134359ms step_avg:203.57ms
step:661/1670 train_time:134558ms step_avg:203.57ms
step:662/1670 train_time:134758ms step_avg:203.56ms
step:663/1670 train_time:134965ms step_avg:203.57ms
step:664/1670 train_time:135167ms step_avg:203.57ms
step:665/1670 train_time:135361ms step_avg:203.55ms
step:666/1670 train_time:135560ms step_avg:203.54ms
step:667/1670 train_time:135760ms step_avg:203.54ms
step:668/1670 train_time:135959ms step_avg:203.53ms
step:669/1670 train_time:136158ms step_avg:203.52ms
step:670/1670 train_time:136358ms step_avg:203.52ms
step:671/1670 train_time:136557ms step_avg:203.51ms
step:672/1670 train_time:136757ms step_avg:203.51ms
step:673/1670 train_time:136959ms step_avg:203.50ms
step:674/1670 train_time:137158ms step_avg:203.50ms
step:675/1670 train_time:137357ms step_avg:203.49ms
step:676/1670 train_time:137559ms step_avg:203.49ms
step:677/1670 train_time:137761ms step_avg:203.49ms
step:678/1670 train_time:137965ms step_avg:203.49ms
step:679/1670 train_time:138162ms step_avg:203.48ms
step:680/1670 train_time:138363ms step_avg:203.47ms
step:681/1670 train_time:138564ms step_avg:203.47ms
step:682/1670 train_time:138762ms step_avg:203.46ms
step:683/1670 train_time:138964ms step_avg:203.46ms
step:684/1670 train_time:139160ms step_avg:203.45ms
step:685/1670 train_time:139362ms step_avg:203.45ms
step:686/1670 train_time:139560ms step_avg:203.44ms
step:687/1670 train_time:139759ms step_avg:203.43ms
step:688/1670 train_time:139960ms step_avg:203.43ms
step:689/1670 train_time:140161ms step_avg:203.43ms
step:690/1670 train_time:140360ms step_avg:203.42ms
step:691/1670 train_time:140560ms step_avg:203.42ms
step:692/1670 train_time:140765ms step_avg:203.42ms
step:693/1670 train_time:140963ms step_avg:203.41ms
step:694/1670 train_time:141166ms step_avg:203.41ms
step:695/1670 train_time:141368ms step_avg:203.41ms
step:696/1670 train_time:141567ms step_avg:203.40ms
step:697/1670 train_time:141766ms step_avg:203.39ms
step:698/1670 train_time:141969ms step_avg:203.39ms
step:699/1670 train_time:142166ms step_avg:203.38ms
step:700/1670 train_time:142370ms step_avg:203.39ms
step:701/1670 train_time:142571ms step_avg:203.38ms
step:702/1670 train_time:142769ms step_avg:203.38ms
step:703/1670 train_time:142978ms step_avg:203.38ms
step:704/1670 train_time:143175ms step_avg:203.37ms
step:705/1670 train_time:143375ms step_avg:203.37ms
step:706/1670 train_time:143578ms step_avg:203.37ms
step:707/1670 train_time:143776ms step_avg:203.36ms
step:708/1670 train_time:143975ms step_avg:203.35ms
step:709/1670 train_time:144174ms step_avg:203.35ms
step:710/1670 train_time:144374ms step_avg:203.34ms
step:711/1670 train_time:144575ms step_avg:203.34ms
step:712/1670 train_time:144774ms step_avg:203.33ms
step:713/1670 train_time:144973ms step_avg:203.33ms
step:714/1670 train_time:145177ms step_avg:203.33ms
step:715/1670 train_time:145379ms step_avg:203.33ms
step:716/1670 train_time:145573ms step_avg:203.31ms
step:717/1670 train_time:145773ms step_avg:203.31ms
step:718/1670 train_time:145975ms step_avg:203.31ms
step:719/1670 train_time:146175ms step_avg:203.30ms
step:720/1670 train_time:146372ms step_avg:203.29ms
step:721/1670 train_time:146573ms step_avg:203.29ms
step:722/1670 train_time:146775ms step_avg:203.29ms
step:723/1670 train_time:146970ms step_avg:203.28ms
step:724/1670 train_time:147175ms step_avg:203.28ms
step:725/1670 train_time:147375ms step_avg:203.28ms
step:726/1670 train_time:147573ms step_avg:203.27ms
step:727/1670 train_time:147772ms step_avg:203.26ms
step:728/1670 train_time:147975ms step_avg:203.26ms
step:729/1670 train_time:148171ms step_avg:203.25ms
step:730/1670 train_time:148372ms step_avg:203.25ms
step:731/1670 train_time:148570ms step_avg:203.24ms
step:732/1670 train_time:148772ms step_avg:203.24ms
step:733/1670 train_time:148972ms step_avg:203.24ms
step:734/1670 train_time:149170ms step_avg:203.23ms
step:735/1670 train_time:149370ms step_avg:203.22ms
step:736/1670 train_time:149569ms step_avg:203.22ms
step:737/1670 train_time:149769ms step_avg:203.21ms
step:738/1670 train_time:149968ms step_avg:203.21ms
step:739/1670 train_time:150167ms step_avg:203.20ms
step:740/1670 train_time:150369ms step_avg:203.20ms
step:741/1670 train_time:150568ms step_avg:203.20ms
step:742/1670 train_time:150768ms step_avg:203.19ms
step:743/1670 train_time:150967ms step_avg:203.19ms
step:744/1670 train_time:151166ms step_avg:203.18ms
step:745/1670 train_time:151367ms step_avg:203.18ms
step:746/1670 train_time:151568ms step_avg:203.17ms
step:747/1670 train_time:151777ms step_avg:203.18ms
step:748/1670 train_time:151967ms step_avg:203.16ms
step:749/1670 train_time:152166ms step_avg:203.16ms
step:750/1670 train_time:152368ms step_avg:203.16ms
step:750/1670 val_loss:3.5595 train_time:152519ms step_avg:203.36ms
step:751/1670 train_time:152671ms step_avg:203.29ms
step:752/1670 train_time:152844ms step_avg:203.25ms
step:753/1670 train_time:153043ms step_avg:203.24ms
step:754/1670 train_time:153242ms step_avg:203.24ms
step:755/1670 train_time:153441ms step_avg:203.23ms
step:756/1670 train_time:153640ms step_avg:203.23ms
step:757/1670 train_time:153841ms step_avg:203.22ms
step:758/1670 train_time:154041ms step_avg:203.22ms
step:759/1670 train_time:154241ms step_avg:203.22ms
step:760/1670 train_time:154440ms step_avg:203.21ms
step:761/1670 train_time:154640ms step_avg:203.21ms
step:762/1670 train_time:154840ms step_avg:203.20ms
step:763/1670 train_time:155038ms step_avg:203.20ms
step:764/1670 train_time:155238ms step_avg:203.19ms
step:765/1670 train_time:155438ms step_avg:203.19ms
step:766/1670 train_time:155642ms step_avg:203.19ms
step:767/1670 train_time:155843ms step_avg:203.19ms
step:768/1670 train_time:156042ms step_avg:203.18ms
step:769/1670 train_time:156243ms step_avg:203.18ms
step:770/1670 train_time:156442ms step_avg:203.17ms
step:771/1670 train_time:156639ms step_avg:203.16ms
step:772/1670 train_time:156840ms step_avg:203.16ms
step:773/1670 train_time:157039ms step_avg:203.16ms
step:774/1670 train_time:157239ms step_avg:203.15ms
step:775/1670 train_time:157439ms step_avg:203.15ms
step:776/1670 train_time:157641ms step_avg:203.15ms
step:777/1670 train_time:157840ms step_avg:203.14ms
step:778/1670 train_time:158042ms step_avg:203.14ms
step:779/1670 train_time:158242ms step_avg:203.13ms
step:780/1670 train_time:158449ms step_avg:203.14ms
step:781/1670 train_time:158646ms step_avg:203.13ms
step:782/1670 train_time:158849ms step_avg:203.13ms
step:783/1670 train_time:159048ms step_avg:203.13ms
step:784/1670 train_time:159245ms step_avg:203.12ms
step:785/1670 train_time:159447ms step_avg:203.12ms
step:786/1670 train_time:159647ms step_avg:203.11ms
step:787/1670 train_time:159851ms step_avg:203.11ms
step:788/1670 train_time:160045ms step_avg:203.10ms
step:789/1670 train_time:160245ms step_avg:203.10ms
step:790/1670 train_time:160444ms step_avg:203.09ms
step:791/1670 train_time:160644ms step_avg:203.09ms
step:792/1670 train_time:160843ms step_avg:203.09ms
step:793/1670 train_time:161044ms step_avg:203.08ms
step:794/1670 train_time:161243ms step_avg:203.08ms
step:795/1670 train_time:161443ms step_avg:203.07ms
step:796/1670 train_time:161641ms step_avg:203.07ms
step:797/1670 train_time:161841ms step_avg:203.06ms
step:798/1670 train_time:162041ms step_avg:203.06ms
step:799/1670 train_time:162242ms step_avg:203.06ms
step:800/1670 train_time:162441ms step_avg:203.05ms
step:801/1670 train_time:162640ms step_avg:203.05ms
step:802/1670 train_time:162840ms step_avg:203.04ms
step:803/1670 train_time:163040ms step_avg:203.04ms
step:804/1670 train_time:163239ms step_avg:203.03ms
step:805/1670 train_time:163440ms step_avg:203.03ms
step:806/1670 train_time:163639ms step_avg:203.03ms
step:807/1670 train_time:163840ms step_avg:203.02ms
step:808/1670 train_time:164040ms step_avg:203.02ms
step:809/1670 train_time:164240ms step_avg:203.02ms
step:810/1670 train_time:164442ms step_avg:203.01ms
step:811/1670 train_time:164640ms step_avg:203.01ms
step:812/1670 train_time:164844ms step_avg:203.01ms
step:813/1670 train_time:165047ms step_avg:203.01ms
step:814/1670 train_time:165245ms step_avg:203.00ms
step:815/1670 train_time:165447ms step_avg:203.00ms
step:816/1670 train_time:165649ms step_avg:203.00ms
step:817/1670 train_time:165845ms step_avg:202.99ms
step:818/1670 train_time:166044ms step_avg:202.99ms
step:819/1670 train_time:166243ms step_avg:202.98ms
step:820/1670 train_time:166445ms step_avg:202.98ms
step:821/1670 train_time:166645ms step_avg:202.98ms
step:822/1670 train_time:166844ms step_avg:202.97ms
step:823/1670 train_time:167045ms step_avg:202.97ms
step:824/1670 train_time:167247ms step_avg:202.97ms
step:825/1670 train_time:167448ms step_avg:202.97ms
step:826/1670 train_time:167645ms step_avg:202.96ms
step:827/1670 train_time:167845ms step_avg:202.96ms
step:828/1670 train_time:168046ms step_avg:202.95ms
step:829/1670 train_time:168246ms step_avg:202.95ms
step:830/1670 train_time:168444ms step_avg:202.94ms
step:831/1670 train_time:168645ms step_avg:202.94ms
step:832/1670 train_time:168852ms step_avg:202.95ms
step:833/1670 train_time:169044ms step_avg:202.93ms
step:834/1670 train_time:169242ms step_avg:202.93ms
step:835/1670 train_time:169442ms step_avg:202.92ms
step:836/1670 train_time:169640ms step_avg:202.92ms
step:837/1670 train_time:169841ms step_avg:202.92ms
step:838/1670 train_time:170041ms step_avg:202.91ms
step:839/1670 train_time:170240ms step_avg:202.91ms
step:840/1670 train_time:170440ms step_avg:202.90ms
step:841/1670 train_time:171417ms step_avg:203.83ms
step:842/1670 train_time:171642ms step_avg:203.85ms
step:843/1670 train_time:171841ms step_avg:203.84ms
step:844/1670 train_time:172040ms step_avg:203.84ms
step:845/1670 train_time:172242ms step_avg:203.84ms
step:846/1670 train_time:172439ms step_avg:203.83ms
step:847/1670 train_time:172640ms step_avg:203.82ms
step:848/1670 train_time:172844ms step_avg:203.83ms
step:849/1670 train_time:173041ms step_avg:203.82ms
step:850/1670 train_time:173242ms step_avg:203.81ms
step:851/1670 train_time:173440ms step_avg:203.81ms
step:852/1670 train_time:173645ms step_avg:203.81ms
step:853/1670 train_time:173839ms step_avg:203.80ms
step:854/1670 train_time:174041ms step_avg:203.79ms
step:855/1670 train_time:174239ms step_avg:203.79ms
step:856/1670 train_time:174438ms step_avg:203.78ms
step:857/1670 train_time:174640ms step_avg:203.78ms
step:858/1670 train_time:174840ms step_avg:203.78ms
step:859/1670 train_time:175042ms step_avg:203.77ms
step:860/1670 train_time:175237ms step_avg:203.76ms
step:861/1670 train_time:175439ms step_avg:203.76ms
step:862/1670 train_time:175637ms step_avg:203.76ms
step:863/1670 train_time:175839ms step_avg:203.75ms
step:864/1670 train_time:176038ms step_avg:203.75ms
step:865/1670 train_time:176238ms step_avg:203.74ms
step:866/1670 train_time:176441ms step_avg:203.74ms
step:867/1670 train_time:176638ms step_avg:203.74ms
step:868/1670 train_time:176842ms step_avg:203.73ms
step:869/1670 train_time:177038ms step_avg:203.73ms
step:870/1670 train_time:177237ms step_avg:203.72ms
step:871/1670 train_time:177437ms step_avg:203.72ms
step:872/1670 train_time:177637ms step_avg:203.71ms
step:873/1670 train_time:177837ms step_avg:203.71ms
step:874/1670 train_time:178038ms step_avg:203.70ms
step:875/1670 train_time:178238ms step_avg:203.70ms
step:875/1670 val_loss:3.5145 train_time:178391ms step_avg:203.88ms
step:876/1670 train_time:178546ms step_avg:203.82ms
step:877/1670 train_time:178785ms step_avg:203.86ms
step:878/1670 train_time:178983ms step_avg:203.85ms
step:879/1670 train_time:179183ms step_avg:203.85ms
step:880/1670 train_time:179384ms step_avg:203.85ms
step:881/1670 train_time:179583ms step_avg:203.84ms
step:882/1670 train_time:179783ms step_avg:203.84ms
step:883/1670 train_time:179982ms step_avg:203.83ms
step:884/1670 train_time:180184ms step_avg:203.83ms
step:885/1670 train_time:180385ms step_avg:203.82ms
step:886/1670 train_time:180583ms step_avg:203.82ms
step:887/1670 train_time:180784ms step_avg:203.82ms
step:888/1670 train_time:180989ms step_avg:203.82ms
step:889/1670 train_time:181186ms step_avg:203.81ms
step:890/1670 train_time:181390ms step_avg:203.81ms
step:891/1670 train_time:181589ms step_avg:203.80ms
step:892/1670 train_time:181785ms step_avg:203.79ms
step:893/1670 train_time:181984ms step_avg:203.79ms
step:894/1670 train_time:182191ms step_avg:203.79ms
step:895/1670 train_time:182385ms step_avg:203.78ms
step:896/1670 train_time:182590ms step_avg:203.78ms
step:897/1670 train_time:182792ms step_avg:203.78ms
step:898/1670 train_time:182991ms step_avg:203.78ms
step:899/1670 train_time:183191ms step_avg:203.77ms
step:900/1670 train_time:183390ms step_avg:203.77ms
step:901/1670 train_time:183589ms step_avg:203.76ms
step:902/1670 train_time:183795ms step_avg:203.76ms
step:903/1670 train_time:183989ms step_avg:203.75ms
step:904/1670 train_time:184188ms step_avg:203.75ms
step:905/1670 train_time:184389ms step_avg:203.74ms
step:906/1670 train_time:184592ms step_avg:203.74ms
step:907/1670 train_time:184791ms step_avg:203.74ms
step:908/1670 train_time:184991ms step_avg:203.73ms
step:909/1670 train_time:185190ms step_avg:203.73ms
step:910/1670 train_time:185394ms step_avg:203.73ms
step:911/1670 train_time:185589ms step_avg:203.72ms
step:912/1670 train_time:185791ms step_avg:203.72ms
step:913/1670 train_time:185994ms step_avg:203.72ms
step:914/1670 train_time:186192ms step_avg:203.71ms
step:915/1670 train_time:186393ms step_avg:203.71ms
step:916/1670 train_time:186592ms step_avg:203.70ms
step:917/1670 train_time:186793ms step_avg:203.70ms
step:918/1670 train_time:186993ms step_avg:203.70ms
step:919/1670 train_time:187191ms step_avg:203.69ms
step:920/1670 train_time:187398ms step_avg:203.69ms
step:921/1670 train_time:187593ms step_avg:203.68ms
step:922/1670 train_time:187792ms step_avg:203.68ms
step:923/1670 train_time:188002ms step_avg:203.69ms
step:924/1670 train_time:188202ms step_avg:203.68ms
step:925/1670 train_time:188402ms step_avg:203.68ms
step:926/1670 train_time:188597ms step_avg:203.67ms
step:927/1670 train_time:188796ms step_avg:203.66ms
step:928/1670 train_time:188995ms step_avg:203.66ms
step:929/1670 train_time:189196ms step_avg:203.66ms
step:930/1670 train_time:189395ms step_avg:203.65ms
step:931/1670 train_time:189597ms step_avg:203.65ms
step:932/1670 train_time:189796ms step_avg:203.64ms
step:933/1670 train_time:189996ms step_avg:203.64ms
step:934/1670 train_time:190197ms step_avg:203.64ms
step:935/1670 train_time:190397ms step_avg:203.63ms
step:936/1670 train_time:190599ms step_avg:203.63ms
step:937/1670 train_time:190801ms step_avg:203.63ms
step:938/1670 train_time:190999ms step_avg:203.62ms
step:939/1670 train_time:191197ms step_avg:203.62ms
step:940/1670 train_time:191401ms step_avg:203.62ms
step:941/1670 train_time:191601ms step_avg:203.61ms
step:942/1670 train_time:191801ms step_avg:203.61ms
step:943/1670 train_time:192004ms step_avg:203.61ms
step:944/1670 train_time:192202ms step_avg:203.60ms
step:945/1670 train_time:192400ms step_avg:203.60ms
step:946/1670 train_time:192598ms step_avg:203.59ms
step:947/1670 train_time:192799ms step_avg:203.59ms
step:948/1670 train_time:192999ms step_avg:203.59ms
step:949/1670 train_time:193200ms step_avg:203.58ms
step:950/1670 train_time:193401ms step_avg:203.58ms
step:951/1670 train_time:193606ms step_avg:203.58ms
step:952/1670 train_time:193797ms step_avg:203.57ms
step:953/1670 train_time:194010ms step_avg:203.58ms
step:954/1670 train_time:194208ms step_avg:203.57ms
step:955/1670 train_time:194409ms step_avg:203.57ms
step:956/1670 train_time:194610ms step_avg:203.57ms
step:957/1670 train_time:194808ms step_avg:203.56ms
step:958/1670 train_time:195008ms step_avg:203.56ms
step:959/1670 train_time:195209ms step_avg:203.55ms
step:960/1670 train_time:195407ms step_avg:203.55ms
step:961/1670 train_time:195607ms step_avg:203.55ms
step:962/1670 train_time:195805ms step_avg:203.54ms
step:963/1670 train_time:196001ms step_avg:203.53ms
step:964/1670 train_time:196201ms step_avg:203.53ms
step:965/1670 train_time:196402ms step_avg:203.53ms
step:966/1670 train_time:196601ms step_avg:203.52ms
step:967/1670 train_time:196803ms step_avg:203.52ms
step:968/1670 train_time:197002ms step_avg:203.51ms
step:969/1670 train_time:197201ms step_avg:203.51ms
step:970/1670 train_time:197401ms step_avg:203.51ms
step:971/1670 train_time:197604ms step_avg:203.51ms
step:972/1670 train_time:197805ms step_avg:203.50ms
step:973/1670 train_time:198009ms step_avg:203.50ms
step:974/1670 train_time:198207ms step_avg:203.50ms
step:975/1670 train_time:198406ms step_avg:203.49ms
step:976/1670 train_time:198603ms step_avg:203.49ms
step:977/1670 train_time:198802ms step_avg:203.48ms
step:978/1670 train_time:199001ms step_avg:203.48ms
step:979/1670 train_time:199200ms step_avg:203.47ms
step:980/1670 train_time:199404ms step_avg:203.47ms
step:981/1670 train_time:199602ms step_avg:203.47ms
step:982/1670 train_time:199804ms step_avg:203.47ms
step:983/1670 train_time:200002ms step_avg:203.46ms
step:984/1670 train_time:200202ms step_avg:203.46ms
step:985/1670 train_time:200403ms step_avg:203.46ms
step:986/1670 train_time:200599ms step_avg:203.45ms
step:987/1670 train_time:200798ms step_avg:203.44ms
step:988/1670 train_time:200998ms step_avg:203.44ms
step:989/1670 train_time:201198ms step_avg:203.44ms
step:990/1670 train_time:201398ms step_avg:203.43ms
step:991/1670 train_time:201596ms step_avg:203.43ms
step:992/1670 train_time:201797ms step_avg:203.42ms
step:993/1670 train_time:201997ms step_avg:203.42ms
step:994/1670 train_time:202196ms step_avg:203.42ms
step:995/1670 train_time:202396ms step_avg:203.41ms
step:996/1670 train_time:202593ms step_avg:203.41ms
step:997/1670 train_time:202792ms step_avg:203.40ms
step:998/1670 train_time:202993ms step_avg:203.40ms
step:999/1670 train_time:203195ms step_avg:203.40ms
step:1000/1670 train_time:203392ms step_avg:203.39ms
step:1000/1670 val_loss:3.4644 train_time:203541ms step_avg:203.54ms
step:1001/1670 train_time:203726ms step_avg:203.52ms
step:1002/1670 train_time:203931ms step_avg:203.52ms
step:1003/1670 train_time:204132ms step_avg:203.52ms
step:1004/1670 train_time:204330ms step_avg:203.52ms
step:1005/1670 train_time:204528ms step_avg:203.51ms
step:1006/1670 train_time:204729ms step_avg:203.51ms
step:1007/1670 train_time:204929ms step_avg:203.50ms
step:1008/1670 train_time:205128ms step_avg:203.50ms
step:1009/1670 train_time:205327ms step_avg:203.50ms
step:1010/1670 train_time:205528ms step_avg:203.49ms
step:1011/1670 train_time:205728ms step_avg:203.49ms
step:1012/1670 train_time:205928ms step_avg:203.49ms
step:1013/1670 train_time:206128ms step_avg:203.48ms
step:1014/1670 train_time:206326ms step_avg:203.48ms
step:1015/1670 train_time:206526ms step_avg:203.47ms
step:1016/1670 train_time:206727ms step_avg:203.47ms
step:1017/1670 train_time:206929ms step_avg:203.47ms
step:1018/1670 train_time:207129ms step_avg:203.47ms
step:1019/1670 train_time:207330ms step_avg:203.46ms
step:1020/1670 train_time:207530ms step_avg:203.46ms
step:1021/1670 train_time:207733ms step_avg:203.46ms
step:1022/1670 train_time:207933ms step_avg:203.46ms
step:1023/1670 train_time:208128ms step_avg:203.45ms
step:1024/1670 train_time:208328ms step_avg:203.45ms
step:1025/1670 train_time:208529ms step_avg:203.44ms
step:1026/1670 train_time:208730ms step_avg:203.44ms
step:1027/1670 train_time:208928ms step_avg:203.44ms
step:1028/1670 train_time:209129ms step_avg:203.43ms
step:1029/1670 train_time:209327ms step_avg:203.43ms
step:1030/1670 train_time:209532ms step_avg:203.43ms
step:1031/1670 train_time:209739ms step_avg:203.43ms
step:1032/1670 train_time:209930ms step_avg:203.42ms
step:1033/1670 train_time:210126ms step_avg:203.41ms
step:1034/1670 train_time:210328ms step_avg:203.41ms
step:1035/1670 train_time:210528ms step_avg:203.41ms
step:1036/1670 train_time:210731ms step_avg:203.41ms
step:1037/1670 train_time:210935ms step_avg:203.41ms
step:1038/1670 train_time:211136ms step_avg:203.41ms
step:1039/1670 train_time:211330ms step_avg:203.40ms
step:1040/1670 train_time:211530ms step_avg:203.39ms
step:1041/1670 train_time:211734ms step_avg:203.40ms
step:1042/1670 train_time:211935ms step_avg:203.39ms
step:1043/1670 train_time:212132ms step_avg:203.39ms
step:1044/1670 train_time:212333ms step_avg:203.38ms
step:1045/1670 train_time:212541ms step_avg:203.39ms
step:1046/1670 train_time:212741ms step_avg:203.38ms
step:1047/1670 train_time:212942ms step_avg:203.38ms
step:1048/1670 train_time:213142ms step_avg:203.38ms
step:1049/1670 train_time:213342ms step_avg:203.38ms
step:1050/1670 train_time:214328ms step_avg:204.12ms
step:1051/1670 train_time:214690ms step_avg:204.27ms
step:1052/1670 train_time:214885ms step_avg:204.26ms
step:1053/1670 train_time:215086ms step_avg:204.26ms
step:1054/1670 train_time:215291ms step_avg:204.26ms
step:1055/1670 train_time:215492ms step_avg:204.26ms
step:1056/1670 train_time:215691ms step_avg:204.25ms
step:1057/1670 train_time:215892ms step_avg:204.25ms
step:1058/1670 train_time:216094ms step_avg:204.25ms
step:1059/1670 train_time:216289ms step_avg:204.24ms
step:1060/1670 train_time:216489ms step_avg:204.23ms
step:1061/1670 train_time:216687ms step_avg:204.23ms
step:1062/1670 train_time:216891ms step_avg:204.23ms
step:1063/1670 train_time:217090ms step_avg:204.22ms
step:1064/1670 train_time:217293ms step_avg:204.22ms
step:1065/1670 train_time:217492ms step_avg:204.22ms
step:1066/1670 train_time:217691ms step_avg:204.21ms
step:1067/1670 train_time:217891ms step_avg:204.21ms
step:1068/1670 train_time:218093ms step_avg:204.21ms
step:1069/1670 train_time:218291ms step_avg:204.20ms
step:1070/1670 train_time:218487ms step_avg:204.19ms
step:1071/1670 train_time:218685ms step_avg:204.19ms
step:1072/1670 train_time:218885ms step_avg:204.18ms
step:1073/1670 train_time:219085ms step_avg:204.18ms
step:1074/1670 train_time:219285ms step_avg:204.18ms
step:1075/1670 train_time:219483ms step_avg:204.17ms
step:1076/1670 train_time:219683ms step_avg:204.17ms
step:1077/1670 train_time:219882ms step_avg:204.16ms
step:1078/1670 train_time:220081ms step_avg:204.16ms
step:1079/1670 train_time:220280ms step_avg:204.15ms
step:1080/1670 train_time:220479ms step_avg:204.15ms
step:1081/1670 train_time:220679ms step_avg:204.14ms
step:1082/1670 train_time:220887ms step_avg:204.15ms
step:1083/1670 train_time:221081ms step_avg:204.14ms
step:1084/1670 train_time:221281ms step_avg:204.13ms
step:1085/1670 train_time:221483ms step_avg:204.13ms
step:1086/1670 train_time:221682ms step_avg:204.13ms
step:1087/1670 train_time:221882ms step_avg:204.12ms
step:1088/1670 train_time:222081ms step_avg:204.12ms
step:1089/1670 train_time:222281ms step_avg:204.11ms
step:1090/1670 train_time:222480ms step_avg:204.11ms
step:1091/1670 train_time:222682ms step_avg:204.11ms
step:1092/1670 train_time:222880ms step_avg:204.10ms
step:1093/1670 train_time:223082ms step_avg:204.10ms
step:1094/1670 train_time:223282ms step_avg:204.10ms
step:1095/1670 train_time:223485ms step_avg:204.10ms
step:1096/1670 train_time:223687ms step_avg:204.09ms
step:1097/1670 train_time:223886ms step_avg:204.09ms
step:1098/1670 train_time:224108ms step_avg:204.11ms
step:1099/1670 train_time:224299ms step_avg:204.09ms
step:1100/1670 train_time:224495ms step_avg:204.09ms
step:1101/1670 train_time:224692ms step_avg:204.08ms
step:1102/1670 train_time:224890ms step_avg:204.07ms
step:1103/1670 train_time:225090ms step_avg:204.07ms
step:1104/1670 train_time:225290ms step_avg:204.07ms
step:1105/1670 train_time:225487ms step_avg:204.06ms
step:1106/1670 train_time:225689ms step_avg:204.06ms
step:1107/1670 train_time:225888ms step_avg:204.05ms
step:1108/1670 train_time:226088ms step_avg:204.05ms
step:1109/1670 train_time:226289ms step_avg:204.05ms
step:1110/1670 train_time:226487ms step_avg:204.04ms
step:1111/1670 train_time:226685ms step_avg:204.04ms
step:1112/1670 train_time:226891ms step_avg:204.04ms
step:1113/1670 train_time:227086ms step_avg:204.03ms
step:1114/1670 train_time:227287ms step_avg:204.03ms
step:1115/1670 train_time:227537ms step_avg:204.07ms
step:1116/1670 train_time:227733ms step_avg:204.06ms
step:1117/1670 train_time:227935ms step_avg:204.06ms
step:1118/1670 train_time:228140ms step_avg:204.06ms
step:1119/1670 train_time:228341ms step_avg:204.06ms
step:1120/1670 train_time:228544ms step_avg:204.06ms
step:1121/1670 train_time:228745ms step_avg:204.05ms
step:1122/1670 train_time:228945ms step_avg:204.05ms
step:1123/1670 train_time:229146ms step_avg:204.05ms
step:1124/1670 train_time:229347ms step_avg:204.05ms
step:1125/1670 train_time:229548ms step_avg:204.04ms
step:1125/1670 val_loss:3.4131 train_time:229701ms step_avg:204.18ms
step:1126/1670 train_time:229866ms step_avg:204.14ms
step:1127/1670 train_time:230040ms step_avg:204.12ms
step:1128/1670 train_time:230241ms step_avg:204.11ms
step:1129/1670 train_time:230442ms step_avg:204.11ms
step:1130/1670 train_time:230644ms step_avg:204.11ms
step:1131/1670 train_time:230846ms step_avg:204.11ms
step:1132/1670 train_time:231048ms step_avg:204.11ms
step:1133/1670 train_time:231253ms step_avg:204.11ms
step:1134/1670 train_time:231447ms step_avg:204.10ms
step:1135/1670 train_time:231648ms step_avg:204.09ms
step:1136/1670 train_time:231849ms step_avg:204.09ms
step:1137/1670 train_time:232054ms step_avg:204.09ms
step:1138/1670 train_time:232254ms step_avg:204.09ms
step:1139/1670 train_time:232454ms step_avg:204.09ms
step:1140/1670 train_time:232657ms step_avg:204.08ms
step:1141/1670 train_time:232869ms step_avg:204.09ms
step:1142/1670 train_time:233063ms step_avg:204.08ms
step:1143/1670 train_time:233261ms step_avg:204.08ms
step:1144/1670 train_time:233462ms step_avg:204.07ms
step:1145/1670 train_time:233667ms step_avg:204.08ms
step:1146/1670 train_time:233866ms step_avg:204.07ms
step:1147/1670 train_time:234075ms step_avg:204.08ms
step:1148/1670 train_time:234280ms step_avg:204.08ms
step:1149/1670 train_time:234473ms step_avg:204.07ms
step:1150/1670 train_time:234675ms step_avg:204.06ms
step:1151/1670 train_time:234878ms step_avg:204.06ms
step:1152/1670 train_time:235087ms step_avg:204.07ms
step:1153/1670 train_time:235282ms step_avg:204.06ms
step:1154/1670 train_time:235482ms step_avg:204.06ms
step:1155/1670 train_time:235691ms step_avg:204.06ms
step:1156/1670 train_time:235896ms step_avg:204.06ms
step:1157/1670 train_time:236096ms step_avg:204.06ms
step:1158/1670 train_time:236299ms step_avg:204.06ms
step:1159/1670 train_time:236496ms step_avg:204.05ms
step:1160/1670 train_time:236700ms step_avg:204.05ms
step:1161/1670 train_time:236903ms step_avg:204.05ms
step:1162/1670 train_time:237104ms step_avg:204.05ms
step:1163/1670 train_time:237299ms step_avg:204.04ms
step:1164/1670 train_time:237500ms step_avg:204.04ms
step:1165/1670 train_time:237716ms step_avg:204.05ms
step:1166/1670 train_time:237907ms step_avg:204.04ms
step:1167/1670 train_time:238108ms step_avg:204.03ms
step:1168/1670 train_time:238321ms step_avg:204.04ms
step:1169/1670 train_time:238521ms step_avg:204.04ms
step:1170/1670 train_time:238724ms step_avg:204.04ms
step:1171/1670 train_time:238924ms step_avg:204.03ms
step:1172/1670 train_time:239127ms step_avg:204.03ms
step:1173/1670 train_time:239326ms step_avg:204.03ms
step:1174/1670 train_time:239527ms step_avg:204.03ms
step:1175/1670 train_time:239730ms step_avg:204.03ms
step:1176/1670 train_time:239930ms step_avg:204.02ms
step:1177/1670 train_time:240131ms step_avg:204.02ms
step:1178/1670 train_time:240332ms step_avg:204.02ms
step:1179/1670 train_time:240533ms step_avg:204.01ms
step:1180/1670 train_time:240735ms step_avg:204.01ms
step:1181/1670 train_time:240935ms step_avg:204.01ms
step:1182/1670 train_time:241136ms step_avg:204.01ms
step:1183/1670 train_time:241337ms step_avg:204.00ms
step:1184/1670 train_time:241541ms step_avg:204.00ms
step:1185/1670 train_time:241739ms step_avg:204.00ms
step:1186/1670 train_time:241939ms step_avg:204.00ms
step:1187/1670 train_time:242145ms step_avg:204.00ms
step:1188/1670 train_time:242345ms step_avg:203.99ms
step:1189/1670 train_time:242545ms step_avg:203.99ms
step:1190/1670 train_time:242746ms step_avg:203.99ms
step:1191/1670 train_time:242948ms step_avg:203.99ms
step:1192/1670 train_time:243149ms step_avg:203.98ms
step:1193/1670 train_time:243352ms step_avg:203.98ms
step:1194/1670 train_time:243558ms step_avg:203.98ms
step:1195/1670 train_time:243754ms step_avg:203.98ms
step:1196/1670 train_time:243955ms step_avg:203.98ms
step:1197/1670 train_time:244157ms step_avg:203.97ms
step:1198/1670 train_time:244359ms step_avg:203.97ms
step:1199/1670 train_time:244563ms step_avg:203.97ms
step:1200/1670 train_time:244763ms step_avg:203.97ms
step:1201/1670 train_time:244967ms step_avg:203.97ms
step:1202/1670 train_time:245165ms step_avg:203.96ms
step:1203/1670 train_time:245366ms step_avg:203.96ms
step:1204/1670 train_time:245569ms step_avg:203.96ms
step:1205/1670 train_time:245770ms step_avg:203.96ms
step:1206/1670 train_time:245972ms step_avg:203.96ms
step:1207/1670 train_time:246173ms step_avg:203.95ms
step:1208/1670 train_time:246375ms step_avg:203.95ms
step:1209/1670 train_time:246575ms step_avg:203.95ms
step:1210/1670 train_time:246778ms step_avg:203.95ms
step:1211/1670 train_time:246982ms step_avg:203.95ms
step:1212/1670 train_time:247183ms step_avg:203.95ms
step:1213/1670 train_time:247381ms step_avg:203.94ms
step:1214/1670 train_time:247580ms step_avg:203.94ms
step:1215/1670 train_time:247792ms step_avg:203.94ms
step:1216/1670 train_time:247986ms step_avg:203.94ms
step:1217/1670 train_time:248186ms step_avg:203.93ms
step:1218/1670 train_time:248389ms step_avg:203.93ms
step:1219/1670 train_time:248589ms step_avg:203.93ms
step:1220/1670 train_time:248790ms step_avg:203.93ms
step:1221/1670 train_time:248988ms step_avg:203.92ms
step:1222/1670 train_time:249189ms step_avg:203.92ms
step:1223/1670 train_time:249391ms step_avg:203.92ms
step:1224/1670 train_time:249590ms step_avg:203.91ms
step:1225/1670 train_time:249793ms step_avg:203.91ms
step:1226/1670 train_time:249993ms step_avg:203.91ms
step:1227/1670 train_time:250197ms step_avg:203.91ms
step:1228/1670 train_time:250396ms step_avg:203.91ms
step:1229/1670 train_time:250594ms step_avg:203.90ms
step:1230/1670 train_time:250795ms step_avg:203.90ms
step:1231/1670 train_time:250997ms step_avg:203.90ms
step:1232/1670 train_time:251200ms step_avg:203.90ms
step:1233/1670 train_time:251399ms step_avg:203.89ms
step:1234/1670 train_time:251599ms step_avg:203.89ms
step:1235/1670 train_time:251804ms step_avg:203.89ms
step:1236/1670 train_time:252002ms step_avg:203.89ms
step:1237/1670 train_time:252202ms step_avg:203.88ms
step:1238/1670 train_time:252402ms step_avg:203.88ms
step:1239/1670 train_time:252603ms step_avg:203.88ms
step:1240/1670 train_time:252805ms step_avg:203.87ms
step:1241/1670 train_time:253005ms step_avg:203.87ms
step:1242/1670 train_time:253206ms step_avg:203.87ms
step:1243/1670 train_time:253407ms step_avg:203.87ms
step:1244/1670 train_time:253608ms step_avg:203.87ms
step:1245/1670 train_time:253823ms step_avg:203.87ms
step:1246/1670 train_time:254012ms step_avg:203.86ms
step:1247/1670 train_time:254213ms step_avg:203.86ms
step:1248/1670 train_time:254428ms step_avg:203.87ms
step:1249/1670 train_time:254617ms step_avg:203.86ms
step:1250/1670 train_time:254818ms step_avg:203.85ms
step:1250/1670 val_loss:3.3739 train_time:254972ms step_avg:203.98ms
step:1251/1670 train_time:255134ms step_avg:203.94ms
step:1252/1670 train_time:255305ms step_avg:203.92ms
step:1253/1670 train_time:255502ms step_avg:203.91ms
step:1254/1670 train_time:255700ms step_avg:203.91ms
step:1255/1670 train_time:255901ms step_avg:203.90ms
step:1256/1670 train_time:256101ms step_avg:203.90ms
step:1257/1670 train_time:256303ms step_avg:203.90ms
step:1258/1670 train_time:256505ms step_avg:203.90ms
step:1259/1670 train_time:256742ms step_avg:203.93ms
step:1260/1670 train_time:257425ms step_avg:204.31ms
step:1261/1670 train_time:257950ms step_avg:204.56ms
step:1262/1670 train_time:258151ms step_avg:204.56ms
step:1263/1670 train_time:258352ms step_avg:204.55ms
step:1264/1670 train_time:258554ms step_avg:204.55ms
step:1265/1670 train_time:258757ms step_avg:204.55ms
step:1266/1670 train_time:258960ms step_avg:204.55ms
step:1267/1670 train_time:259159ms step_avg:204.55ms
step:1268/1670 train_time:259360ms step_avg:204.54ms
step:1269/1670 train_time:259562ms step_avg:204.54ms
step:1270/1670 train_time:259765ms step_avg:204.54ms
step:1271/1670 train_time:259968ms step_avg:204.54ms
step:1272/1670 train_time:260167ms step_avg:204.53ms
step:1273/1670 train_time:260366ms step_avg:204.53ms
step:1274/1670 train_time:260567ms step_avg:204.53ms
step:1275/1670 train_time:260770ms step_avg:204.53ms
step:1276/1670 train_time:260973ms step_avg:204.52ms
step:1277/1670 train_time:261173ms step_avg:204.52ms
step:1278/1670 train_time:261373ms step_avg:204.52ms
step:1279/1670 train_time:261576ms step_avg:204.52ms
step:1280/1670 train_time:261775ms step_avg:204.51ms
step:1281/1670 train_time:261975ms step_avg:204.51ms
step:1282/1670 train_time:262180ms step_avg:204.51ms
step:1283/1670 train_time:262380ms step_avg:204.51ms
step:1284/1670 train_time:262583ms step_avg:204.50ms
step:1285/1670 train_time:262785ms step_avg:204.50ms
step:1286/1670 train_time:262983ms step_avg:204.50ms
step:1287/1670 train_time:263188ms step_avg:204.50ms
step:1288/1670 train_time:263390ms step_avg:204.50ms
step:1289/1670 train_time:263590ms step_avg:204.49ms
step:1290/1670 train_time:263790ms step_avg:204.49ms
step:1291/1670 train_time:263992ms step_avg:204.49ms
step:1292/1670 train_time:264194ms step_avg:204.48ms
step:1293/1670 train_time:264393ms step_avg:204.48ms
step:1294/1670 train_time:264595ms step_avg:204.48ms
step:1295/1670 train_time:264804ms step_avg:204.48ms
step:1296/1670 train_time:264998ms step_avg:204.47ms
step:1297/1670 train_time:265200ms step_avg:204.47ms
step:1298/1670 train_time:265401ms step_avg:204.47ms
step:1299/1670 train_time:265604ms step_avg:204.47ms
step:1300/1670 train_time:265804ms step_avg:204.46ms
step:1301/1670 train_time:266007ms step_avg:204.46ms
step:1302/1670 train_time:266208ms step_avg:204.46ms
step:1303/1670 train_time:266409ms step_avg:204.46ms
step:1304/1670 train_time:266610ms step_avg:204.46ms
step:1305/1670 train_time:266812ms step_avg:204.45ms
step:1306/1670 train_time:267012ms step_avg:204.45ms
step:1307/1670 train_time:267213ms step_avg:204.45ms
step:1308/1670 train_time:267414ms step_avg:204.45ms
step:1309/1670 train_time:267617ms step_avg:204.44ms
step:1310/1670 train_time:267817ms step_avg:204.44ms
step:1311/1670 train_time:268015ms step_avg:204.44ms
step:1312/1670 train_time:268221ms step_avg:204.44ms
step:1313/1670 train_time:268418ms step_avg:204.43ms
step:1314/1670 train_time:268620ms step_avg:204.43ms
step:1315/1670 train_time:268822ms step_avg:204.43ms
step:1316/1670 train_time:269024ms step_avg:204.43ms
step:1317/1670 train_time:269230ms step_avg:204.43ms
step:1318/1670 train_time:269431ms step_avg:204.42ms
step:1319/1670 train_time:269624ms step_avg:204.42ms
step:1320/1670 train_time:269825ms step_avg:204.41ms
step:1321/1670 train_time:270028ms step_avg:204.41ms
step:1322/1670 train_time:270228ms step_avg:204.41ms
step:1323/1670 train_time:270428ms step_avg:204.41ms
step:1324/1670 train_time:270630ms step_avg:204.40ms
step:1325/1670 train_time:270831ms step_avg:204.40ms
step:1326/1670 train_time:271031ms step_avg:204.40ms
step:1327/1670 train_time:271240ms step_avg:204.40ms
step:1328/1670 train_time:271435ms step_avg:204.39ms
step:1329/1670 train_time:271638ms step_avg:204.39ms
step:1330/1670 train_time:271841ms step_avg:204.39ms
step:1331/1670 train_time:272041ms step_avg:204.39ms
step:1332/1670 train_time:272244ms step_avg:204.39ms
step:1333/1670 train_time:272444ms step_avg:204.38ms
step:1334/1670 train_time:272646ms step_avg:204.38ms
step:1335/1670 train_time:272848ms step_avg:204.38ms
step:1336/1670 train_time:273049ms step_avg:204.38ms
step:1337/1670 train_time:273251ms step_avg:204.38ms
step:1338/1670 train_time:273450ms step_avg:204.37ms
step:1339/1670 train_time:273651ms step_avg:204.37ms
step:1340/1670 train_time:273852ms step_avg:204.37ms
step:1341/1670 train_time:274054ms step_avg:204.37ms
step:1342/1670 train_time:274256ms step_avg:204.36ms
step:1343/1670 train_time:274454ms step_avg:204.36ms
step:1344/1670 train_time:274656ms step_avg:204.36ms
step:1345/1670 train_time:274855ms step_avg:204.35ms
step:1346/1670 train_time:275056ms step_avg:204.35ms
step:1347/1670 train_time:275257ms step_avg:204.35ms
step:1348/1670 train_time:275458ms step_avg:204.35ms
step:1349/1670 train_time:275659ms step_avg:204.34ms
step:1350/1670 train_time:275863ms step_avg:204.34ms
step:1351/1670 train_time:276064ms step_avg:204.34ms
step:1352/1670 train_time:276266ms step_avg:204.34ms
step:1353/1670 train_time:276472ms step_avg:204.34ms
step:1354/1670 train_time:276670ms step_avg:204.33ms
step:1355/1670 train_time:276877ms step_avg:204.34ms
step:1356/1670 train_time:277079ms step_avg:204.34ms
step:1357/1670 train_time:277282ms step_avg:204.33ms
step:1358/1670 train_time:277483ms step_avg:204.33ms
step:1359/1670 train_time:277683ms step_avg:204.33ms
step:1360/1670 train_time:277889ms step_avg:204.33ms
step:1361/1670 train_time:278090ms step_avg:204.33ms
step:1362/1670 train_time:278290ms step_avg:204.32ms
step:1363/1670 train_time:278490ms step_avg:204.32ms
step:1364/1670 train_time:278691ms step_avg:204.32ms
step:1365/1670 train_time:278891ms step_avg:204.32ms
step:1366/1670 train_time:279094ms step_avg:204.31ms
step:1367/1670 train_time:279290ms step_avg:204.31ms
step:1368/1670 train_time:279492ms step_avg:204.31ms
step:1369/1670 train_time:279691ms step_avg:204.30ms
step:1370/1670 train_time:279892ms step_avg:204.30ms
step:1371/1670 train_time:280094ms step_avg:204.30ms
step:1372/1670 train_time:280296ms step_avg:204.30ms
step:1373/1670 train_time:280497ms step_avg:204.29ms
step:1374/1670 train_time:280702ms step_avg:204.30ms
step:1375/1670 train_time:280900ms step_avg:204.29ms
step:1375/1670 val_loss:3.3390 train_time:281054ms step_avg:204.40ms
step:1376/1670 train_time:281211ms step_avg:204.37ms
step:1377/1670 train_time:281385ms step_avg:204.35ms
step:1378/1670 train_time:281585ms step_avg:204.34ms
step:1379/1670 train_time:281787ms step_avg:204.34ms
step:1380/1670 train_time:281989ms step_avg:204.34ms
step:1381/1670 train_time:282189ms step_avg:204.34ms
step:1382/1670 train_time:282389ms step_avg:204.33ms
step:1383/1670 train_time:282590ms step_avg:204.33ms
step:1384/1670 train_time:282792ms step_avg:204.33ms
step:1385/1670 train_time:282995ms step_avg:204.33ms
step:1386/1670 train_time:283199ms step_avg:204.33ms
step:1387/1670 train_time:283396ms step_avg:204.32ms
step:1388/1670 train_time:283597ms step_avg:204.32ms
step:1389/1670 train_time:283797ms step_avg:204.32ms
step:1390/1670 train_time:283999ms step_avg:204.32ms
step:1391/1670 train_time:284201ms step_avg:204.31ms
step:1392/1670 train_time:284403ms step_avg:204.31ms
step:1393/1670 train_time:284604ms step_avg:204.31ms
step:1394/1670 train_time:284805ms step_avg:204.31ms
step:1395/1670 train_time:285008ms step_avg:204.31ms
step:1396/1670 train_time:285210ms step_avg:204.30ms
step:1397/1670 train_time:285413ms step_avg:204.30ms
step:1398/1670 train_time:285611ms step_avg:204.30ms
step:1399/1670 train_time:285813ms step_avg:204.30ms
step:1400/1670 train_time:286014ms step_avg:204.30ms
step:1401/1670 train_time:286217ms step_avg:204.29ms
step:1402/1670 train_time:286418ms step_avg:204.29ms
step:1403/1670 train_time:286620ms step_avg:204.29ms
step:1404/1670 train_time:286828ms step_avg:204.29ms
step:1405/1670 train_time:287019ms step_avg:204.28ms
step:1406/1670 train_time:287220ms step_avg:204.28ms
step:1407/1670 train_time:287422ms step_avg:204.28ms
step:1408/1670 train_time:287625ms step_avg:204.28ms
step:1409/1670 train_time:287826ms step_avg:204.28ms
step:1410/1670 train_time:288028ms step_avg:204.28ms
step:1411/1670 train_time:288231ms step_avg:204.27ms
step:1412/1670 train_time:288433ms step_avg:204.27ms
step:1413/1670 train_time:288633ms step_avg:204.27ms
step:1414/1670 train_time:288835ms step_avg:204.27ms
step:1415/1670 train_time:289036ms step_avg:204.27ms
step:1416/1670 train_time:289237ms step_avg:204.26ms
step:1417/1670 train_time:289437ms step_avg:204.26ms
step:1418/1670 train_time:289638ms step_avg:204.26ms
step:1419/1670 train_time:289838ms step_avg:204.26ms
step:1420/1670 train_time:290041ms step_avg:204.25ms
step:1421/1670 train_time:290243ms step_avg:204.25ms
step:1422/1670 train_time:290448ms step_avg:204.25ms
step:1423/1670 train_time:290648ms step_avg:204.25ms
step:1424/1670 train_time:290846ms step_avg:204.25ms
step:1425/1670 train_time:291050ms step_avg:204.25ms
step:1426/1670 train_time:291252ms step_avg:204.24ms
step:1427/1670 train_time:291455ms step_avg:204.24ms
step:1428/1670 train_time:291650ms step_avg:204.24ms
step:1429/1670 train_time:291848ms step_avg:204.23ms
step:1430/1670 train_time:292054ms step_avg:204.23ms
step:1431/1670 train_time:292251ms step_avg:204.23ms
step:1432/1670 train_time:292454ms step_avg:204.23ms
step:1433/1670 train_time:292651ms step_avg:204.22ms
step:1434/1670 train_time:292852ms step_avg:204.22ms
step:1435/1670 train_time:293054ms step_avg:204.22ms
step:1436/1670 train_time:293258ms step_avg:204.22ms
step:1437/1670 train_time:293458ms step_avg:204.22ms
step:1438/1670 train_time:293656ms step_avg:204.21ms
step:1439/1670 train_time:293857ms step_avg:204.21ms
step:1440/1670 train_time:294060ms step_avg:204.21ms
step:1441/1670 train_time:294261ms step_avg:204.21ms
step:1442/1670 train_time:294465ms step_avg:204.21ms
step:1443/1670 train_time:294666ms step_avg:204.20ms
step:1444/1670 train_time:294869ms step_avg:204.20ms
step:1445/1670 train_time:295072ms step_avg:204.20ms
step:1446/1670 train_time:295275ms step_avg:204.20ms
step:1447/1670 train_time:295478ms step_avg:204.20ms
step:1448/1670 train_time:295678ms step_avg:204.20ms
step:1449/1670 train_time:295876ms step_avg:204.19ms
step:1450/1670 train_time:296078ms step_avg:204.19ms
step:1451/1670 train_time:296281ms step_avg:204.19ms
step:1452/1670 train_time:296481ms step_avg:204.19ms
step:1453/1670 train_time:296682ms step_avg:204.19ms
step:1454/1670 train_time:296890ms step_avg:204.19ms
step:1455/1670 train_time:297092ms step_avg:204.19ms
step:1456/1670 train_time:297285ms step_avg:204.18ms
step:1457/1670 train_time:297492ms step_avg:204.18ms
step:1458/1670 train_time:297692ms step_avg:204.18ms
step:1459/1670 train_time:297894ms step_avg:204.18ms
step:1460/1670 train_time:298096ms step_avg:204.18ms
step:1461/1670 train_time:298299ms step_avg:204.17ms
step:1462/1670 train_time:298506ms step_avg:204.18ms
step:1463/1670 train_time:298708ms step_avg:204.17ms
step:1464/1670 train_time:298907ms step_avg:204.17ms
step:1465/1670 train_time:299109ms step_avg:204.17ms
step:1466/1670 train_time:299310ms step_avg:204.17ms
step:1467/1670 train_time:299513ms step_avg:204.17ms
step:1468/1670 train_time:299716ms step_avg:204.17ms
step:1469/1670 train_time:300693ms step_avg:204.69ms
step:1470/1670 train_time:300919ms step_avg:204.71ms
step:1471/1670 train_time:301116ms step_avg:204.70ms
step:1472/1670 train_time:301318ms step_avg:204.70ms
step:1473/1670 train_time:301520ms step_avg:204.70ms
step:1474/1670 train_time:301720ms step_avg:204.69ms
step:1475/1670 train_time:301922ms step_avg:204.69ms
step:1476/1670 train_time:302123ms step_avg:204.69ms
step:1477/1670 train_time:302325ms step_avg:204.69ms
step:1478/1670 train_time:302527ms step_avg:204.69ms
step:1479/1670 train_time:302727ms step_avg:204.68ms
step:1480/1670 train_time:302927ms step_avg:204.68ms
step:1481/1670 train_time:303128ms step_avg:204.68ms
step:1482/1670 train_time:303330ms step_avg:204.68ms
step:1483/1670 train_time:303533ms step_avg:204.67ms
step:1484/1670 train_time:303732ms step_avg:204.67ms
step:1485/1670 train_time:303932ms step_avg:204.67ms
step:1486/1670 train_time:304133ms step_avg:204.67ms
step:1487/1670 train_time:304334ms step_avg:204.66ms
step:1488/1670 train_time:304537ms step_avg:204.66ms
step:1489/1670 train_time:304738ms step_avg:204.66ms
step:1490/1670 train_time:304941ms step_avg:204.66ms
step:1491/1670 train_time:305142ms step_avg:204.66ms
step:1492/1670 train_time:305342ms step_avg:204.65ms
step:1493/1670 train_time:305544ms step_avg:204.65ms
step:1494/1670 train_time:305746ms step_avg:204.65ms
step:1495/1670 train_time:305948ms step_avg:204.65ms
step:1496/1670 train_time:306147ms step_avg:204.64ms
step:1497/1670 train_time:306350ms step_avg:204.64ms
step:1498/1670 train_time:306551ms step_avg:204.64ms
step:1499/1670 train_time:306752ms step_avg:204.64ms
step:1500/1670 train_time:306956ms step_avg:204.64ms
step:1500/1670 val_loss:3.3087 train_time:307102ms step_avg:204.73ms
step:1501/1670 train_time:307284ms step_avg:204.72ms
step:1502/1670 train_time:307453ms step_avg:204.70ms
step:1503/1670 train_time:307658ms step_avg:204.70ms
step:1504/1670 train_time:307856ms step_avg:204.69ms
step:1505/1670 train_time:308056ms step_avg:204.69ms
step:1506/1670 train_time:308266ms step_avg:204.69ms
step:1507/1670 train_time:308463ms step_avg:204.69ms
step:1508/1670 train_time:308663ms step_avg:204.68ms
step:1509/1670 train_time:308863ms step_avg:204.68ms
step:1510/1670 train_time:309063ms step_avg:204.68ms
step:1511/1670 train_time:309264ms step_avg:204.68ms
step:1512/1670 train_time:309467ms step_avg:204.67ms
step:1513/1670 train_time:309666ms step_avg:204.67ms
step:1514/1670 train_time:309867ms step_avg:204.67ms
step:1515/1670 train_time:310068ms step_avg:204.67ms
step:1516/1670 train_time:310269ms step_avg:204.66ms
step:1517/1670 train_time:310472ms step_avg:204.66ms
step:1518/1670 train_time:310677ms step_avg:204.66ms
step:1519/1670 train_time:310878ms step_avg:204.66ms
step:1520/1670 train_time:311075ms step_avg:204.65ms
step:1521/1670 train_time:311281ms step_avg:204.66ms
step:1522/1670 train_time:311477ms step_avg:204.65ms
step:1523/1670 train_time:311679ms step_avg:204.65ms
step:1524/1670 train_time:311878ms step_avg:204.64ms
step:1525/1670 train_time:312080ms step_avg:204.64ms
step:1526/1670 train_time:312281ms step_avg:204.64ms
step:1527/1670 train_time:312485ms step_avg:204.64ms
step:1528/1670 train_time:312684ms step_avg:204.64ms
step:1529/1670 train_time:312885ms step_avg:204.63ms
step:1530/1670 train_time:313089ms step_avg:204.63ms
step:1531/1670 train_time:313286ms step_avg:204.63ms
step:1532/1670 train_time:313496ms step_avg:204.63ms
step:1533/1670 train_time:313694ms step_avg:204.63ms
step:1534/1670 train_time:313894ms step_avg:204.62ms
step:1535/1670 train_time:314095ms step_avg:204.62ms
step:1536/1670 train_time:314298ms step_avg:204.62ms
step:1537/1670 train_time:314499ms step_avg:204.62ms
step:1538/1670 train_time:314701ms step_avg:204.62ms
step:1539/1670 train_time:314901ms step_avg:204.61ms
step:1540/1670 train_time:315103ms step_avg:204.61ms
step:1541/1670 train_time:315304ms step_avg:204.61ms
step:1542/1670 train_time:315507ms step_avg:204.61ms
step:1543/1670 train_time:315708ms step_avg:204.61ms
step:1544/1670 train_time:315907ms step_avg:204.60ms
step:1545/1670 train_time:316107ms step_avg:204.60ms
step:1546/1670 train_time:316308ms step_avg:204.60ms
step:1547/1670 train_time:316507ms step_avg:204.59ms
step:1548/1670 train_time:316708ms step_avg:204.59ms
step:1549/1670 train_time:316911ms step_avg:204.59ms
step:1550/1670 train_time:317112ms step_avg:204.59ms
step:1551/1670 train_time:317312ms step_avg:204.59ms
step:1552/1670 train_time:317517ms step_avg:204.59ms
step:1553/1670 train_time:317718ms step_avg:204.58ms
step:1554/1670 train_time:317918ms step_avg:204.58ms
step:1555/1670 train_time:318118ms step_avg:204.58ms
step:1556/1670 train_time:318322ms step_avg:204.58ms
step:1557/1670 train_time:318520ms step_avg:204.57ms
step:1558/1670 train_time:318722ms step_avg:204.57ms
step:1559/1670 train_time:318922ms step_avg:204.57ms
step:1560/1670 train_time:319123ms step_avg:204.57ms
step:1561/1670 train_time:319326ms step_avg:204.56ms
step:1562/1670 train_time:319526ms step_avg:204.56ms
step:1563/1670 train_time:319727ms step_avg:204.56ms
step:1564/1670 train_time:319930ms step_avg:204.56ms
step:1565/1670 train_time:320127ms step_avg:204.55ms
step:1566/1670 train_time:320327ms step_avg:204.55ms
step:1567/1670 train_time:320528ms step_avg:204.55ms
step:1568/1670 train_time:320735ms step_avg:204.55ms
step:1569/1670 train_time:320933ms step_avg:204.55ms
step:1570/1670 train_time:321134ms step_avg:204.54ms
step:1571/1670 train_time:321337ms step_avg:204.54ms
step:1572/1670 train_time:321539ms step_avg:204.54ms
step:1573/1670 train_time:321741ms step_avg:204.54ms
step:1574/1670 train_time:321943ms step_avg:204.54ms
step:1575/1670 train_time:322145ms step_avg:204.54ms
step:1576/1670 train_time:322342ms step_avg:204.53ms
step:1577/1670 train_time:322545ms step_avg:204.53ms
step:1578/1670 train_time:322744ms step_avg:204.53ms
step:1579/1670 train_time:322946ms step_avg:204.53ms
step:1580/1670 train_time:323149ms step_avg:204.52ms
step:1581/1670 train_time:323351ms step_avg:204.52ms
step:1582/1670 train_time:323554ms step_avg:204.52ms
step:1583/1670 train_time:323757ms step_avg:204.52ms
step:1584/1670 train_time:323958ms step_avg:204.52ms
step:1585/1670 train_time:324160ms step_avg:204.52ms
step:1586/1670 train_time:324360ms step_avg:204.51ms
step:1587/1670 train_time:324562ms step_avg:204.51ms
step:1588/1670 train_time:324763ms step_avg:204.51ms
step:1589/1670 train_time:324963ms step_avg:204.51ms
step:1590/1670 train_time:325165ms step_avg:204.51ms
step:1591/1670 train_time:325368ms step_avg:204.51ms
step:1592/1670 train_time:325570ms step_avg:204.50ms
step:1593/1670 train_time:325772ms step_avg:204.50ms
step:1594/1670 train_time:325973ms step_avg:204.50ms
step:1595/1670 train_time:326174ms step_avg:204.50ms
step:1596/1670 train_time:326375ms step_avg:204.50ms
step:1597/1670 train_time:326580ms step_avg:204.50ms
step:1598/1670 train_time:326780ms step_avg:204.49ms
step:1599/1670 train_time:326981ms step_avg:204.49ms
step:1600/1670 train_time:327182ms step_avg:204.49ms
step:1601/1670 train_time:327391ms step_avg:204.49ms
step:1602/1670 train_time:327584ms step_avg:204.48ms
step:1603/1670 train_time:327784ms step_avg:204.48ms
step:1604/1670 train_time:327985ms step_avg:204.48ms
step:1605/1670 train_time:328186ms step_avg:204.48ms
step:1606/1670 train_time:328390ms step_avg:204.48ms
step:1607/1670 train_time:328591ms step_avg:204.47ms
step:1608/1670 train_time:328794ms step_avg:204.47ms
step:1609/1670 train_time:328993ms step_avg:204.47ms
step:1610/1670 train_time:329197ms step_avg:204.47ms
step:1611/1670 train_time:329399ms step_avg:204.47ms
step:1612/1670 train_time:329599ms step_avg:204.47ms
step:1613/1670 train_time:329799ms step_avg:204.46ms
step:1614/1670 train_time:330000ms step_avg:204.46ms
step:1615/1670 train_time:330211ms step_avg:204.47ms
step:1616/1670 train_time:330412ms step_avg:204.46ms
step:1617/1670 train_time:330609ms step_avg:204.46ms
step:1618/1670 train_time:330809ms step_avg:204.46ms
step:1619/1670 train_time:331013ms step_avg:204.46ms
step:1620/1670 train_time:331213ms step_avg:204.45ms
step:1621/1670 train_time:331415ms step_avg:204.45ms
step:1622/1670 train_time:331617ms step_avg:204.45ms
step:1623/1670 train_time:331818ms step_avg:204.45ms
step:1624/1670 train_time:332022ms step_avg:204.45ms
step:1625/1670 train_time:332223ms step_avg:204.44ms
step:1625/1670 val_loss:3.2837 train_time:332374ms step_avg:204.54ms
step:1626/1670 train_time:332545ms step_avg:204.52ms
step:1627/1670 train_time:332715ms step_avg:204.50ms
step:1628/1670 train_time:332918ms step_avg:204.49ms
step:1629/1670 train_time:333121ms step_avg:204.49ms
step:1630/1670 train_time:333321ms step_avg:204.49ms
step:1631/1670 train_time:333521ms step_avg:204.49ms
step:1632/1670 train_time:333725ms step_avg:204.49ms
step:1633/1670 train_time:333919ms step_avg:204.48ms
step:1634/1670 train_time:334125ms step_avg:204.48ms
step:1635/1670 train_time:334327ms step_avg:204.48ms
step:1636/1670 train_time:334519ms step_avg:204.47ms
step:1637/1670 train_time:334722ms step_avg:204.47ms
step:1638/1670 train_time:334920ms step_avg:204.47ms
step:1639/1670 train_time:335122ms step_avg:204.47ms
step:1640/1670 train_time:335324ms step_avg:204.47ms
step:1641/1670 train_time:335527ms step_avg:204.46ms
step:1642/1670 train_time:335726ms step_avg:204.46ms
step:1643/1670 train_time:335927ms step_avg:204.46ms
step:1644/1670 train_time:336127ms step_avg:204.46ms
step:1645/1670 train_time:336328ms step_avg:204.45ms
step:1646/1670 train_time:336528ms step_avg:204.45ms
step:1647/1670 train_time:336729ms step_avg:204.45ms
step:1648/1670 train_time:336930ms step_avg:204.45ms
step:1649/1670 train_time:337134ms step_avg:204.45ms
step:1650/1670 train_time:337339ms step_avg:204.45ms
step:1651/1670 train_time:337540ms step_avg:204.45ms
step:1652/1670 train_time:337742ms step_avg:204.44ms
step:1653/1670 train_time:337942ms step_avg:204.44ms
step:1654/1670 train_time:338144ms step_avg:204.44ms
step:1655/1670 train_time:338346ms step_avg:204.44ms
step:1656/1670 train_time:338548ms step_avg:204.44ms
step:1657/1670 train_time:338758ms step_avg:204.44ms
step:1658/1670 train_time:338961ms step_avg:204.44ms
step:1659/1670 train_time:339162ms step_avg:204.44ms
step:1660/1670 train_time:339365ms step_avg:204.44ms
step:1661/1670 train_time:339564ms step_avg:204.43ms
step:1662/1670 train_time:339766ms step_avg:204.43ms
step:1663/1670 train_time:339961ms step_avg:204.43ms
step:1664/1670 train_time:340162ms step_avg:204.42ms
step:1665/1670 train_time:340367ms step_avg:204.42ms
step:1666/1670 train_time:340565ms step_avg:204.42ms
step:1667/1670 train_time:340766ms step_avg:204.42ms
step:1668/1670 train_time:340969ms step_avg:204.42ms
step:1669/1670 train_time:341169ms step_avg:204.42ms
step:1670/1670 train_time:341370ms step_avg:204.41ms
step:1670/1670 val_loss:3.2751 train_time:341557ms step_avg:204.52ms
peak memory allocated: 18232 MiB reserved: 18480 MiB
total training time: 341.56s (341557ms)
