====================================================================================================
Running Python 3.10.19 (main, Oct 21 2025, 16:38:01) [GCC 11.2.0]
Running PyTorch 2.7.1+cpu
+------------------------------------------------------------------------------------------------+
| npu-smi 25.5.2                   Version: 25.5.2                                               |
+---------------------------+---------------+----------------------------------------------------+
| NPU   Name                | Health        | Power(W)    Temp(C)           Hugepages-Usage(page)|
| Chip  Phy-ID              | Bus-Id        | AICore(%)   Memory-Usage(MB)  HBM-Usage(MB)        |
+===========================+===============+====================================================+
| 0     Ascend910           | OK            | 165.2       40                0    / 0             |
| 0     0                   | 0000:9D:00.0  | 0           0    / 0          4616 / 65536         |
+------------------------------------------------------------------------------------------------+
| 0     Ascend910           | OK            | -           40                0    / 0             |
| 1     1                   | 0000:9F:00.0  | 0           0    / 0          3435 / 65536         |
+===========================+===============+====================================================+
| 1     Ascend910           | OK            | 163.1       41                0    / 0             |
| 0     2                   | 0000:99:00.0  | 0           0    / 0          3670 / 65536         |
+------------------------------------------------------------------------------------------------+
| 1     Ascend910           | OK            | -           41                0    / 0             |
| 1     3                   | 0000:9B:00.0  | 0           0    / 0          3437 / 65536         |
+===========================+===============+====================================================+
| 2     Ascend910           | OK            | 160.9       43                0    / 0             |
| 0     4                   | 0000:95:00.0  | 0           0    / 0          3682 / 65536         |
+------------------------------------------------------------------------------------------------+
| 2     Ascend910           | OK            | -           42                0    / 0             |
| 1     5                   | 0000:97:00.0  | 0           0    / 0          3424 / 65536         |
+===========================+===============+====================================================+
| 3     Ascend910           | OK            | 159.6       42                0    / 0             |
| 0     6                   | 0000:91:00.0  | 0           0    / 0          3670 / 65536         |
+------------------------------------------------------------------------------------------------+
| 3     Ascend910           | OK            | -           42                0    / 0             |
| 1     7                   | 0000:93:00.0  | 0           0    / 0          3438 / 65536         |
+===========================+===============+====================================================+
| 4     Ascend910           | OK            | 166.8       40                0    / 0             |
| 0     8                   | 0000:8D:00.0  | 0           0    / 0          3680 / 65536         |
+------------------------------------------------------------------------------------------------+
| 4     Ascend910           | OK            | -           39                0    / 0             |
| 1     9                   | 0000:8F:00.0  | 0           0    / 0          3426 / 65536         |
+===========================+===============+====================================================+
| 5     Ascend910           | OK            | 182.5       41                0    / 0             |
| 0     10                  | 0000:89:00.0  | 0           0    / 0          4006 / 65536         |
+------------------------------------------------------------------------------------------------+
| 5     Ascend910           | OK            | -           40                0    / 0             |
| 1     11                  | 0000:8B:00.0  | 0           0    / 0          3426 / 65536         |
+===========================+===============+====================================================+
| 6     Ascend910           | OK            | 165.9       42                0    / 0             |
| 0     12                  | 0000:85:00.0  | 0           0    / 0          3683 / 65536         |
+------------------------------------------------------------------------------------------------+
| 6     Ascend910           | OK            | -           43                0    / 0             |
| 1     13                  | 0000:87:00.0  | 0           0    / 0          3427 / 65536         |
+===========================+===============+====================================================+
| 7     Ascend910           | OK            | 167.0       44                0    / 0             |
| 0     14                  | 0000:81:00.0  | 0           0    / 0          3681 / 65536         |
+------------------------------------------------------------------------------------------------+
| 7     Ascend910           | OK            | -           43                0    / 0             |
| 1     15                  | 0000:83:00.0  | 0           0    / 0          3425 / 65536         |
+===========================+===============+====================================================+
+---------------------------+---------------+----------------------------------------------------+
| NPU     Chip              | Process id    | Process name             | Process memory(MB)      |
+===========================+===============+====================================================+
| 0       0                 | 922761        | python3.10               | 116                     |
| 0       0                 | 922752        | python3.10               | 599                     |
| 0       0                 | 922753        | python3.10               | 116                     |
| 0       0                 | 922754        | python3.10               | 116                     |
| 0       0                 | 922755        | python3.10               | 116                     |
| 0       0                 | 922756        | python3.10               | 116                     |
| 0       0                 | 922757        | python3.10               | 116                     |
| 0       0                 | 922758        | python3.10               | 116                     |
| 0       1                 | 922753        | python3.10               | 599                     |
+===========================+===============+====================================================+
| 1       0                 | 922754        | python3.10               | 599                     |
| 1       1                 | 922755        | python3.10               | 599                     |
+===========================+===============+====================================================+
| 2       0                 | 922756        | python3.10               | 599                     |
| 2       1                 | 922757        | python3.10               | 599                     |
+===========================+===============+====================================================+
| 3       0                 | 922758        | python3.10               | 599                     |
| 3       1                 | 922759        | python3.10               | 599                     |
+===========================+===============+====================================================+
| 4       0                 | 922760        | python3.10               | 599                     |
| 4       1                 | 922761        | python3.10               | 599                     |
+===========================+===============+====================================================+
| 5       0                 | 922762        | python3.10               | 921                     |
| 5       1                 | 922763        | python3.10               | 599                     |
+===========================+===============+====================================================+
| 6       0                 | 922764        | python3.10               | 599                     |
| 6       1                 | 922765        | python3.10               | 599                     |
+===========================+===============+====================================================+
| 7       0                 | 922766        | python3.10               | 599                     |
| 7       1                 | 922767        | python3.10               | 599                     |
+===========================+===============+====================================================+

====================================================================================================
step:0/1680 val_loss:10.8125 train_time:0ms step_avg:0.11ms
step:1/1680 train_time:1032ms step_avg:1031.99ms
step:2/1680 train_time:1107ms step_avg:553.28ms
step:3/1680 train_time:1297ms step_avg:432.36ms
step:4/1680 train_time:1487ms step_avg:371.63ms
step:5/1680 train_time:1659ms step_avg:331.80ms
step:6/1680 train_time:1839ms step_avg:306.49ms
step:7/1680 train_time:2027ms step_avg:289.53ms
step:8/1680 train_time:2211ms step_avg:276.37ms
step:9/1680 train_time:2405ms step_avg:267.24ms
step:10/1680 train_time:2589ms step_avg:258.85ms
step:11/1680 train_time:2767ms step_avg:251.59ms
step:12/1680 train_time:2959ms step_avg:246.56ms
step:13/1680 train_time:3147ms step_avg:242.05ms
step:14/1680 train_time:3316ms step_avg:236.85ms
step:15/1680 train_time:3500ms step_avg:233.34ms
step:16/1680 train_time:3690ms step_avg:230.60ms
step:17/1680 train_time:3865ms step_avg:227.37ms
step:18/1680 train_time:4048ms step_avg:224.87ms
step:19/1680 train_time:4229ms step_avg:222.60ms
step:20/1680 train_time:4417ms step_avg:220.85ms
step:21/1680 train_time:4600ms step_avg:219.03ms
step:22/1680 train_time:4786ms step_avg:217.53ms
step:23/1680 train_time:4966ms step_avg:215.92ms
step:24/1680 train_time:5154ms step_avg:214.75ms
step:25/1680 train_time:5334ms step_avg:213.37ms
step:26/1680 train_time:5516ms step_avg:212.14ms
step:27/1680 train_time:5698ms step_avg:211.03ms
step:28/1680 train_time:5880ms step_avg:209.99ms
step:29/1680 train_time:6063ms step_avg:209.07ms
step:30/1680 train_time:6246ms step_avg:208.19ms
step:31/1680 train_time:6433ms step_avg:207.52ms
step:32/1680 train_time:6610ms step_avg:206.55ms
step:33/1680 train_time:6795ms step_avg:205.90ms
step:34/1680 train_time:6982ms step_avg:205.34ms
step:35/1680 train_time:7164ms step_avg:204.69ms
step:36/1680 train_time:7348ms step_avg:204.12ms
step:37/1680 train_time:7530ms step_avg:203.52ms
step:38/1680 train_time:7711ms step_avg:202.93ms
step:39/1680 train_time:7891ms step_avg:202.34ms
step:40/1680 train_time:8074ms step_avg:201.85ms
step:41/1680 train_time:8253ms step_avg:201.30ms
step:42/1680 train_time:8441ms step_avg:200.98ms
step:43/1680 train_time:8619ms step_avg:200.45ms
step:44/1680 train_time:8804ms step_avg:200.09ms
step:45/1680 train_time:8987ms step_avg:199.70ms
step:46/1680 train_time:9169ms step_avg:199.33ms
step:47/1680 train_time:9352ms step_avg:198.97ms
step:48/1680 train_time:9540ms step_avg:198.74ms
step:49/1680 train_time:9720ms step_avg:198.37ms
step:50/1680 train_time:9899ms step_avg:197.98ms
step:51/1680 train_time:10082ms step_avg:197.68ms
step:52/1680 train_time:10265ms step_avg:197.41ms
step:53/1680 train_time:10450ms step_avg:197.17ms
step:54/1680 train_time:10632ms step_avg:196.88ms
step:55/1680 train_time:10812ms step_avg:196.57ms
step:56/1680 train_time:10994ms step_avg:196.31ms
step:57/1680 train_time:11175ms step_avg:196.06ms
step:58/1680 train_time:11357ms step_avg:195.81ms
step:59/1680 train_time:11539ms step_avg:195.58ms
step:60/1680 train_time:11724ms step_avg:195.40ms
step:61/1680 train_time:11908ms step_avg:195.21ms
step:62/1680 train_time:12099ms step_avg:195.14ms
step:63/1680 train_time:12279ms step_avg:194.91ms
step:64/1680 train_time:12455ms step_avg:194.61ms
step:65/1680 train_time:12643ms step_avg:194.51ms
step:66/1680 train_time:12819ms step_avg:194.23ms
step:67/1680 train_time:13001ms step_avg:194.05ms
step:68/1680 train_time:13183ms step_avg:193.86ms
step:69/1680 train_time:13363ms step_avg:193.67ms
step:70/1680 train_time:13546ms step_avg:193.52ms
step:71/1680 train_time:13728ms step_avg:193.35ms
step:72/1680 train_time:13917ms step_avg:193.29ms
step:73/1680 train_time:14100ms step_avg:193.15ms
step:74/1680 train_time:14285ms step_avg:193.05ms
step:75/1680 train_time:14465ms step_avg:192.87ms
step:76/1680 train_time:14649ms step_avg:192.75ms
step:77/1680 train_time:14829ms step_avg:192.58ms
step:78/1680 train_time:15024ms step_avg:192.61ms
step:79/1680 train_time:15207ms step_avg:192.49ms
step:80/1680 train_time:15389ms step_avg:192.36ms
step:81/1680 train_time:15569ms step_avg:192.22ms
step:82/1680 train_time:15754ms step_avg:192.12ms
step:83/1680 train_time:15937ms step_avg:192.01ms
step:84/1680 train_time:16122ms step_avg:191.93ms
step:85/1680 train_time:16305ms step_avg:191.83ms
step:86/1680 train_time:16485ms step_avg:191.68ms
step:87/1680 train_time:16667ms step_avg:191.57ms
step:88/1680 train_time:16852ms step_avg:191.50ms
step:89/1680 train_time:17021ms step_avg:191.24ms
step:90/1680 train_time:17202ms step_avg:191.14ms
step:91/1680 train_time:17385ms step_avg:191.04ms
step:92/1680 train_time:17565ms step_avg:190.93ms
step:93/1680 train_time:17749ms step_avg:190.85ms
step:94/1680 train_time:17925ms step_avg:190.69ms
step:95/1680 train_time:18114ms step_avg:190.67ms
step:96/1680 train_time:18291ms step_avg:190.53ms
step:97/1680 train_time:18471ms step_avg:190.43ms
step:98/1680 train_time:18652ms step_avg:190.33ms
step:99/1680 train_time:18835ms step_avg:190.25ms
step:100/1680 train_time:19016ms step_avg:190.16ms
step:101/1680 train_time:19197ms step_avg:190.07ms
step:102/1680 train_time:19382ms step_avg:190.02ms
step:103/1680 train_time:19563ms step_avg:189.93ms
step:104/1680 train_time:19745ms step_avg:189.86ms
step:105/1680 train_time:19927ms step_avg:189.78ms
step:106/1680 train_time:20110ms step_avg:189.72ms
step:107/1680 train_time:20293ms step_avg:189.65ms
step:108/1680 train_time:20475ms step_avg:189.59ms
step:109/1680 train_time:20661ms step_avg:189.55ms
step:110/1680 train_time:20854ms step_avg:189.58ms
step:111/1680 train_time:21032ms step_avg:189.48ms
step:112/1680 train_time:21214ms step_avg:189.41ms
step:113/1680 train_time:21399ms step_avg:189.37ms
step:114/1680 train_time:21581ms step_avg:189.30ms
step:115/1680 train_time:21763ms step_avg:189.24ms
step:116/1680 train_time:21945ms step_avg:189.18ms
step:117/1680 train_time:22130ms step_avg:189.15ms
step:118/1680 train_time:22310ms step_avg:189.07ms
step:119/1680 train_time:22496ms step_avg:189.04ms
step:120/1680 train_time:22677ms step_avg:188.98ms
step:121/1680 train_time:22860ms step_avg:188.92ms
step:122/1680 train_time:23051ms step_avg:188.94ms
step:123/1680 train_time:23223ms step_avg:188.80ms
step:124/1680 train_time:23405ms step_avg:188.75ms
step:125/1680 train_time:23590ms step_avg:188.72ms
step:125/1680 val_loss:4.2992 train_time:23721ms step_avg:189.77ms
step:126/1680 train_time:23876ms step_avg:189.49ms
step:127/1680 train_time:24038ms step_avg:189.27ms
step:128/1680 train_time:24221ms step_avg:189.23ms
step:129/1680 train_time:24407ms step_avg:189.20ms
step:130/1680 train_time:24588ms step_avg:189.14ms
step:131/1680 train_time:24776ms step_avg:189.13ms
step:132/1680 train_time:24961ms step_avg:189.10ms
step:133/1680 train_time:25145ms step_avg:189.06ms
step:134/1680 train_time:25327ms step_avg:189.01ms
step:135/1680 train_time:25507ms step_avg:188.94ms
step:136/1680 train_time:25692ms step_avg:188.91ms
step:137/1680 train_time:25875ms step_avg:188.87ms
step:138/1680 train_time:26058ms step_avg:188.83ms
step:139/1680 train_time:26242ms step_avg:188.79ms
step:140/1680 train_time:26427ms step_avg:188.76ms
step:141/1680 train_time:26612ms step_avg:188.73ms
step:142/1680 train_time:26796ms step_avg:188.70ms
step:143/1680 train_time:26980ms step_avg:188.67ms
step:144/1680 train_time:27161ms step_avg:188.62ms
step:145/1680 train_time:27343ms step_avg:188.57ms
step:146/1680 train_time:27529ms step_avg:188.56ms
step:147/1680 train_time:27712ms step_avg:188.52ms
step:148/1680 train_time:27901ms step_avg:188.52ms
step:149/1680 train_time:28080ms step_avg:188.46ms
step:150/1680 train_time:28261ms step_avg:188.41ms
step:151/1680 train_time:28443ms step_avg:188.37ms
step:152/1680 train_time:28627ms step_avg:188.33ms
step:153/1680 train_time:28809ms step_avg:188.29ms
step:154/1680 train_time:28991ms step_avg:188.25ms
step:155/1680 train_time:29174ms step_avg:188.22ms
step:156/1680 train_time:29358ms step_avg:188.19ms
step:157/1680 train_time:29540ms step_avg:188.15ms
step:158/1680 train_time:29723ms step_avg:188.12ms
step:159/1680 train_time:29906ms step_avg:188.09ms
step:160/1680 train_time:30091ms step_avg:188.07ms
step:161/1680 train_time:30274ms step_avg:188.03ms
step:162/1680 train_time:30456ms step_avg:188.00ms
step:163/1680 train_time:30638ms step_avg:187.96ms
step:164/1680 train_time:30820ms step_avg:187.93ms
step:165/1680 train_time:31004ms step_avg:187.90ms
step:166/1680 train_time:31187ms step_avg:187.87ms
step:167/1680 train_time:31374ms step_avg:187.87ms
step:168/1680 train_time:31555ms step_avg:187.83ms
step:169/1680 train_time:31738ms step_avg:187.80ms
step:170/1680 train_time:31915ms step_avg:187.74ms
step:171/1680 train_time:32099ms step_avg:187.71ms
step:172/1680 train_time:32288ms step_avg:187.72ms
step:173/1680 train_time:32470ms step_avg:187.69ms
step:174/1680 train_time:32653ms step_avg:187.66ms
step:175/1680 train_time:32836ms step_avg:187.63ms
step:176/1680 train_time:33019ms step_avg:187.61ms
step:177/1680 train_time:33202ms step_avg:187.58ms
step:178/1680 train_time:33384ms step_avg:187.55ms
step:179/1680 train_time:33568ms step_avg:187.53ms
step:180/1680 train_time:33750ms step_avg:187.50ms
step:181/1680 train_time:33931ms step_avg:187.47ms
step:182/1680 train_time:34114ms step_avg:187.44ms
step:183/1680 train_time:34295ms step_avg:187.41ms
step:184/1680 train_time:34477ms step_avg:187.38ms
step:185/1680 train_time:34658ms step_avg:187.34ms
step:186/1680 train_time:34841ms step_avg:187.32ms
step:187/1680 train_time:35023ms step_avg:187.29ms
step:188/1680 train_time:35204ms step_avg:187.25ms
step:189/1680 train_time:35385ms step_avg:187.22ms
step:190/1680 train_time:35567ms step_avg:187.20ms
step:191/1680 train_time:35748ms step_avg:187.16ms
step:192/1680 train_time:35930ms step_avg:187.13ms
step:193/1680 train_time:36112ms step_avg:187.11ms
step:194/1680 train_time:36296ms step_avg:187.09ms
step:195/1680 train_time:36477ms step_avg:187.06ms
step:196/1680 train_time:36659ms step_avg:187.04ms
step:197/1680 train_time:36843ms step_avg:187.02ms
step:198/1680 train_time:37028ms step_avg:187.01ms
step:199/1680 train_time:37210ms step_avg:186.98ms
step:200/1680 train_time:37391ms step_avg:186.95ms
step:201/1680 train_time:37572ms step_avg:186.93ms
step:202/1680 train_time:37754ms step_avg:186.90ms
step:203/1680 train_time:37935ms step_avg:186.87ms
step:204/1680 train_time:38117ms step_avg:186.85ms
step:205/1680 train_time:38299ms step_avg:186.83ms
step:206/1680 train_time:38482ms step_avg:186.81ms
step:207/1680 train_time:38662ms step_avg:186.77ms
step:208/1680 train_time:38845ms step_avg:186.75ms
step:209/1680 train_time:39026ms step_avg:186.73ms
step:210/1680 train_time:39212ms step_avg:186.72ms
step:211/1680 train_time:39393ms step_avg:186.70ms
step:212/1680 train_time:39578ms step_avg:186.69ms
step:213/1680 train_time:39761ms step_avg:186.67ms
step:214/1680 train_time:39945ms step_avg:186.66ms
step:215/1680 train_time:40128ms step_avg:186.64ms
step:216/1680 train_time:40312ms step_avg:186.63ms
step:217/1680 train_time:40496ms step_avg:186.62ms
step:218/1680 train_time:40679ms step_avg:186.60ms
step:219/1680 train_time:40870ms step_avg:186.62ms
step:220/1680 train_time:41045ms step_avg:186.57ms
step:221/1680 train_time:41224ms step_avg:186.54ms
step:222/1680 train_time:41406ms step_avg:186.51ms
step:223/1680 train_time:41589ms step_avg:186.50ms
step:224/1680 train_time:41775ms step_avg:186.50ms
step:225/1680 train_time:41959ms step_avg:186.48ms
step:226/1680 train_time:42152ms step_avg:186.51ms
step:227/1680 train_time:42331ms step_avg:186.48ms
step:228/1680 train_time:42512ms step_avg:186.46ms
step:229/1680 train_time:42694ms step_avg:186.44ms
step:230/1680 train_time:42877ms step_avg:186.42ms
step:231/1680 train_time:43059ms step_avg:186.40ms
step:232/1680 train_time:43241ms step_avg:186.38ms
step:233/1680 train_time:43422ms step_avg:186.36ms
step:234/1680 train_time:43603ms step_avg:186.34ms
step:235/1680 train_time:43786ms step_avg:186.32ms
step:236/1680 train_time:43967ms step_avg:186.30ms
step:237/1680 train_time:44150ms step_avg:186.29ms
step:238/1680 train_time:44332ms step_avg:186.27ms
step:239/1680 train_time:44516ms step_avg:186.26ms
step:240/1680 train_time:44696ms step_avg:186.23ms
step:241/1680 train_time:44880ms step_avg:186.22ms
step:242/1680 train_time:45061ms step_avg:186.20ms
step:243/1680 train_time:45243ms step_avg:186.18ms
step:244/1680 train_time:45428ms step_avg:186.18ms
step:245/1680 train_time:45612ms step_avg:186.17ms
step:246/1680 train_time:45791ms step_avg:186.14ms
step:247/1680 train_time:45968ms step_avg:186.11ms
step:248/1680 train_time:46148ms step_avg:186.08ms
step:249/1680 train_time:46329ms step_avg:186.06ms
step:250/1680 train_time:46514ms step_avg:186.05ms
step:250/1680 val_loss:3.9660 train_time:46648ms step_avg:186.59ms
step:251/1680 train_time:46798ms step_avg:186.45ms
step:252/1680 train_time:46983ms step_avg:186.44ms
step:253/1680 train_time:47166ms step_avg:186.43ms
step:254/1680 train_time:47347ms step_avg:186.40ms
step:255/1680 train_time:47529ms step_avg:186.39ms
step:256/1680 train_time:47712ms step_avg:186.37ms
step:257/1680 train_time:47894ms step_avg:186.36ms
step:258/1680 train_time:48076ms step_avg:186.34ms
step:259/1680 train_time:48262ms step_avg:186.34ms
step:260/1680 train_time:48445ms step_avg:186.33ms
step:261/1680 train_time:48641ms step_avg:186.36ms
step:262/1680 train_time:48822ms step_avg:186.34ms
step:263/1680 train_time:48996ms step_avg:186.30ms
step:264/1680 train_time:49177ms step_avg:186.28ms
step:265/1680 train_time:49359ms step_avg:186.26ms
step:266/1680 train_time:49545ms step_avg:186.26ms
step:267/1680 train_time:49736ms step_avg:186.28ms
step:268/1680 train_time:49915ms step_avg:186.25ms
step:269/1680 train_time:50097ms step_avg:186.23ms
step:270/1680 train_time:50276ms step_avg:186.21ms
step:271/1680 train_time:50461ms step_avg:186.20ms
step:272/1680 train_time:50642ms step_avg:186.18ms
step:273/1680 train_time:50823ms step_avg:186.17ms
step:274/1680 train_time:51010ms step_avg:186.17ms
step:275/1680 train_time:51194ms step_avg:186.16ms
step:276/1680 train_time:51376ms step_avg:186.14ms
step:277/1680 train_time:51560ms step_avg:186.14ms
step:278/1680 train_time:51745ms step_avg:186.13ms
step:279/1680 train_time:51925ms step_avg:186.11ms
step:280/1680 train_time:52109ms step_avg:186.10ms
step:281/1680 train_time:52290ms step_avg:186.09ms
step:282/1680 train_time:52475ms step_avg:186.08ms
step:283/1680 train_time:52657ms step_avg:186.07ms
step:284/1680 train_time:52837ms step_avg:186.05ms
step:285/1680 train_time:53018ms step_avg:186.03ms
step:286/1680 train_time:53200ms step_avg:186.01ms
step:287/1680 train_time:53383ms step_avg:186.01ms
step:288/1680 train_time:53563ms step_avg:185.98ms
step:289/1680 train_time:53745ms step_avg:185.97ms
step:290/1680 train_time:53927ms step_avg:185.96ms
step:291/1680 train_time:54110ms step_avg:185.94ms
step:292/1680 train_time:54294ms step_avg:185.94ms
step:293/1680 train_time:54477ms step_avg:185.93ms
step:294/1680 train_time:54660ms step_avg:185.92ms
step:295/1680 train_time:54842ms step_avg:185.91ms
step:296/1680 train_time:55027ms step_avg:185.90ms
step:297/1680 train_time:55211ms step_avg:185.90ms
step:298/1680 train_time:55392ms step_avg:185.88ms
step:299/1680 train_time:55576ms step_avg:185.87ms
step:300/1680 train_time:55758ms step_avg:185.86ms
step:301/1680 train_time:55940ms step_avg:185.85ms
step:302/1680 train_time:56120ms step_avg:185.83ms
step:303/1680 train_time:56305ms step_avg:185.83ms
step:304/1680 train_time:56491ms step_avg:185.82ms
step:305/1680 train_time:56676ms step_avg:185.82ms
step:306/1680 train_time:56852ms step_avg:185.79ms
step:307/1680 train_time:57044ms step_avg:185.81ms
step:308/1680 train_time:57223ms step_avg:185.79ms
step:309/1680 train_time:57404ms step_avg:185.77ms
step:310/1680 train_time:57587ms step_avg:185.76ms
step:311/1680 train_time:57769ms step_avg:185.75ms
step:312/1680 train_time:57949ms step_avg:185.73ms
step:313/1680 train_time:58134ms step_avg:185.73ms
step:314/1680 train_time:58318ms step_avg:185.73ms
step:315/1680 train_time:58500ms step_avg:185.71ms
step:316/1680 train_time:58680ms step_avg:185.70ms
step:317/1680 train_time:58864ms step_avg:185.69ms
step:318/1680 train_time:59044ms step_avg:185.67ms
step:319/1680 train_time:59228ms step_avg:185.67ms
step:320/1680 train_time:59408ms step_avg:185.65ms
step:321/1680 train_time:59590ms step_avg:185.64ms
step:322/1680 train_time:59771ms step_avg:185.62ms
step:323/1680 train_time:59951ms step_avg:185.61ms
step:324/1680 train_time:60133ms step_avg:185.60ms
step:325/1680 train_time:60320ms step_avg:185.60ms
step:326/1680 train_time:60502ms step_avg:185.59ms
step:327/1680 train_time:60682ms step_avg:185.57ms
step:328/1680 train_time:60865ms step_avg:185.56ms
step:329/1680 train_time:61046ms step_avg:185.55ms
step:330/1680 train_time:61227ms step_avg:185.54ms
step:331/1680 train_time:61412ms step_avg:185.53ms
step:332/1680 train_time:61592ms step_avg:185.52ms
step:333/1680 train_time:61773ms step_avg:185.50ms
step:334/1680 train_time:61956ms step_avg:185.50ms
step:335/1680 train_time:62138ms step_avg:185.49ms
step:336/1680 train_time:62333ms step_avg:185.51ms
step:337/1680 train_time:62514ms step_avg:185.50ms
step:338/1680 train_time:62690ms step_avg:185.47ms
step:339/1680 train_time:62870ms step_avg:185.46ms
step:340/1680 train_time:63050ms step_avg:185.44ms
step:341/1680 train_time:63233ms step_avg:185.43ms
step:342/1680 train_time:63416ms step_avg:185.43ms
step:343/1680 train_time:63599ms step_avg:185.42ms
step:344/1680 train_time:63780ms step_avg:185.41ms
step:345/1680 train_time:63964ms step_avg:185.40ms
step:346/1680 train_time:64146ms step_avg:185.39ms
step:347/1680 train_time:64328ms step_avg:185.38ms
step:348/1680 train_time:64512ms step_avg:185.38ms
step:349/1680 train_time:64694ms step_avg:185.37ms
step:350/1680 train_time:64877ms step_avg:185.36ms
step:351/1680 train_time:65066ms step_avg:185.37ms
step:352/1680 train_time:65248ms step_avg:185.36ms
step:353/1680 train_time:65432ms step_avg:185.36ms
step:354/1680 train_time:65611ms step_avg:185.34ms
step:355/1680 train_time:65788ms step_avg:185.32ms
step:356/1680 train_time:65974ms step_avg:185.32ms
step:357/1680 train_time:66153ms step_avg:185.30ms
step:358/1680 train_time:66334ms step_avg:185.29ms
step:359/1680 train_time:66517ms step_avg:185.28ms
step:360/1680 train_time:66700ms step_avg:185.28ms
step:361/1680 train_time:66881ms step_avg:185.26ms
step:362/1680 train_time:67064ms step_avg:185.26ms
step:363/1680 train_time:67245ms step_avg:185.25ms
step:364/1680 train_time:67427ms step_avg:185.24ms
step:365/1680 train_time:67610ms step_avg:185.23ms
step:366/1680 train_time:67794ms step_avg:185.23ms
step:367/1680 train_time:67977ms step_avg:185.22ms
step:368/1680 train_time:68158ms step_avg:185.21ms
step:369/1680 train_time:68339ms step_avg:185.20ms
step:370/1680 train_time:68525ms step_avg:185.20ms
step:371/1680 train_time:68709ms step_avg:185.20ms
step:372/1680 train_time:68888ms step_avg:185.18ms
step:373/1680 train_time:69070ms step_avg:185.17ms
step:374/1680 train_time:69252ms step_avg:185.16ms
step:375/1680 train_time:69435ms step_avg:185.16ms
step:375/1680 val_loss:3.8180 train_time:69567ms step_avg:185.51ms
step:376/1680 train_time:69727ms step_avg:185.44ms
step:377/1680 train_time:69883ms step_avg:185.36ms
step:378/1680 train_time:70065ms step_avg:185.36ms
step:379/1680 train_time:70245ms step_avg:185.34ms
step:380/1680 train_time:70431ms step_avg:185.34ms
step:381/1680 train_time:70609ms step_avg:185.33ms
step:382/1680 train_time:70793ms step_avg:185.32ms
step:383/1680 train_time:70973ms step_avg:185.31ms
step:384/1680 train_time:71158ms step_avg:185.31ms
step:385/1680 train_time:71339ms step_avg:185.30ms
step:386/1680 train_time:71522ms step_avg:185.29ms
step:387/1680 train_time:71706ms step_avg:185.29ms
step:388/1680 train_time:71889ms step_avg:185.28ms
step:389/1680 train_time:72072ms step_avg:185.28ms
step:390/1680 train_time:72261ms step_avg:185.28ms
step:391/1680 train_time:72440ms step_avg:185.27ms
step:392/1680 train_time:72624ms step_avg:185.27ms
step:393/1680 train_time:72805ms step_avg:185.26ms
step:394/1680 train_time:72989ms step_avg:185.25ms
step:395/1680 train_time:73179ms step_avg:185.26ms
step:396/1680 train_time:73356ms step_avg:185.24ms
step:397/1680 train_time:73537ms step_avg:185.23ms
step:398/1680 train_time:73723ms step_avg:185.23ms
step:399/1680 train_time:73917ms step_avg:185.26ms
step:400/1680 train_time:74092ms step_avg:185.23ms
step:401/1680 train_time:74274ms step_avg:185.22ms
step:402/1680 train_time:74458ms step_avg:185.22ms
step:403/1680 train_time:74638ms step_avg:185.21ms
step:404/1680 train_time:74820ms step_avg:185.20ms
step:405/1680 train_time:75001ms step_avg:185.19ms
step:406/1680 train_time:75186ms step_avg:185.19ms
step:407/1680 train_time:75367ms step_avg:185.18ms
step:408/1680 train_time:75549ms step_avg:185.17ms
step:409/1680 train_time:75731ms step_avg:185.16ms
step:410/1680 train_time:75917ms step_avg:185.16ms
step:411/1680 train_time:76097ms step_avg:185.15ms
step:412/1680 train_time:76278ms step_avg:185.14ms
step:413/1680 train_time:76462ms step_avg:185.14ms
step:414/1680 train_time:76642ms step_avg:185.13ms
step:415/1680 train_time:76821ms step_avg:185.11ms
step:416/1680 train_time:77002ms step_avg:185.10ms
step:417/1680 train_time:77187ms step_avg:185.10ms
step:418/1680 train_time:77368ms step_avg:185.09ms
step:419/1680 train_time:77550ms step_avg:185.08ms
step:420/1680 train_time:77735ms step_avg:185.08ms
step:421/1680 train_time:77917ms step_avg:185.08ms
step:422/1680 train_time:78097ms step_avg:185.07ms
step:423/1680 train_time:78283ms step_avg:185.07ms
step:424/1680 train_time:78463ms step_avg:185.05ms
step:425/1680 train_time:78644ms step_avg:185.05ms
step:426/1680 train_time:78827ms step_avg:185.04ms
step:427/1680 train_time:79009ms step_avg:185.03ms
step:428/1680 train_time:79195ms step_avg:185.03ms
step:429/1680 train_time:79377ms step_avg:185.03ms
step:430/1680 train_time:79557ms step_avg:185.02ms
step:431/1680 train_time:79743ms step_avg:185.02ms
step:432/1680 train_time:79928ms step_avg:185.02ms
step:433/1680 train_time:80109ms step_avg:185.01ms
step:434/1680 train_time:80294ms step_avg:185.01ms
step:435/1680 train_time:80475ms step_avg:185.00ms
step:436/1680 train_time:80656ms step_avg:184.99ms
step:437/1680 train_time:80838ms step_avg:184.98ms
step:438/1680 train_time:81019ms step_avg:184.98ms
step:439/1680 train_time:81202ms step_avg:184.97ms
step:440/1680 train_time:81386ms step_avg:184.97ms
step:441/1680 train_time:81568ms step_avg:184.96ms
step:442/1680 train_time:81751ms step_avg:184.96ms
step:443/1680 train_time:81933ms step_avg:184.95ms
step:444/1680 train_time:82114ms step_avg:184.94ms
step:445/1680 train_time:82297ms step_avg:184.94ms
step:446/1680 train_time:82482ms step_avg:184.94ms
step:447/1680 train_time:82665ms step_avg:184.93ms
step:448/1680 train_time:82854ms step_avg:184.94ms
step:449/1680 train_time:83036ms step_avg:184.94ms
step:450/1680 train_time:83218ms step_avg:184.93ms
step:451/1680 train_time:83396ms step_avg:184.91ms
step:452/1680 train_time:83577ms step_avg:184.91ms
step:453/1680 train_time:83760ms step_avg:184.90ms
step:454/1680 train_time:83944ms step_avg:184.90ms
step:455/1680 train_time:84129ms step_avg:184.90ms
step:456/1680 train_time:84305ms step_avg:184.88ms
step:457/1680 train_time:84487ms step_avg:184.87ms
step:458/1680 train_time:84669ms step_avg:184.87ms
step:459/1680 train_time:84852ms step_avg:184.86ms
step:460/1680 train_time:85034ms step_avg:184.86ms
step:461/1680 train_time:85215ms step_avg:184.85ms
step:462/1680 train_time:85397ms step_avg:184.84ms
step:463/1680 train_time:85579ms step_avg:184.84ms
step:464/1680 train_time:85763ms step_avg:184.83ms
step:465/1680 train_time:85945ms step_avg:184.83ms
step:466/1680 train_time:86126ms step_avg:184.82ms
step:467/1680 train_time:86307ms step_avg:184.81ms
step:468/1680 train_time:86489ms step_avg:184.80ms
step:469/1680 train_time:86669ms step_avg:184.80ms
step:470/1680 train_time:86853ms step_avg:184.79ms
step:471/1680 train_time:87032ms step_avg:184.78ms
step:472/1680 train_time:87213ms step_avg:184.77ms
step:473/1680 train_time:87395ms step_avg:184.77ms
step:474/1680 train_time:87579ms step_avg:184.77ms
step:475/1680 train_time:87765ms step_avg:184.77ms
step:476/1680 train_time:87945ms step_avg:184.76ms
step:477/1680 train_time:88133ms step_avg:184.77ms
step:478/1680 train_time:88310ms step_avg:184.75ms
step:479/1680 train_time:88492ms step_avg:184.74ms
step:480/1680 train_time:88677ms step_avg:184.74ms
step:481/1680 train_time:88858ms step_avg:184.74ms
step:482/1680 train_time:89040ms step_avg:184.73ms
step:483/1680 train_time:89222ms step_avg:184.72ms
step:484/1680 train_time:89402ms step_avg:184.72ms
step:485/1680 train_time:89583ms step_avg:184.71ms
step:486/1680 train_time:89766ms step_avg:184.70ms
step:487/1680 train_time:89950ms step_avg:184.70ms
step:488/1680 train_time:90129ms step_avg:184.69ms
step:489/1680 train_time:90310ms step_avg:184.68ms
step:490/1680 train_time:90496ms step_avg:184.69ms
step:491/1680 train_time:90681ms step_avg:184.69ms
step:492/1680 train_time:90862ms step_avg:184.68ms
step:493/1680 train_time:91044ms step_avg:184.67ms
step:494/1680 train_time:91227ms step_avg:184.67ms
step:495/1680 train_time:91404ms step_avg:184.65ms
step:496/1680 train_time:91585ms step_avg:184.65ms
step:497/1680 train_time:91767ms step_avg:184.64ms
step:498/1680 train_time:91950ms step_avg:184.64ms
step:499/1680 train_time:92130ms step_avg:184.63ms
step:500/1680 train_time:92312ms step_avg:184.62ms
step:500/1680 val_loss:3.7170 train_time:92446ms step_avg:184.89ms
step:501/1680 train_time:92606ms step_avg:184.84ms
step:502/1680 train_time:92777ms step_avg:184.81ms
step:503/1680 train_time:92959ms step_avg:184.81ms
step:504/1680 train_time:93141ms step_avg:184.80ms
step:505/1680 train_time:93317ms step_avg:184.79ms
step:506/1680 train_time:93497ms step_avg:184.78ms
step:507/1680 train_time:93683ms step_avg:184.78ms
step:508/1680 train_time:93864ms step_avg:184.77ms
step:509/1680 train_time:94046ms step_avg:184.77ms
step:510/1680 train_time:94229ms step_avg:184.76ms
step:511/1680 train_time:94412ms step_avg:184.76ms
step:512/1680 train_time:94593ms step_avg:184.75ms
step:513/1680 train_time:94775ms step_avg:184.75ms
step:514/1680 train_time:94957ms step_avg:184.74ms
step:515/1680 train_time:95140ms step_avg:184.74ms
step:516/1680 train_time:95322ms step_avg:184.73ms
step:517/1680 train_time:95505ms step_avg:184.73ms
step:518/1680 train_time:95687ms step_avg:184.72ms
step:519/1680 train_time:95869ms step_avg:184.72ms
step:520/1680 train_time:96052ms step_avg:184.72ms
step:521/1680 train_time:96238ms step_avg:184.72ms
step:522/1680 train_time:96420ms step_avg:184.71ms
step:523/1680 train_time:96601ms step_avg:184.71ms
step:524/1680 train_time:96787ms step_avg:184.71ms
step:525/1680 train_time:96969ms step_avg:184.70ms
step:526/1680 train_time:97153ms step_avg:184.70ms
step:527/1680 train_time:97334ms step_avg:184.69ms
step:528/1680 train_time:97515ms step_avg:184.69ms
step:529/1680 train_time:97697ms step_avg:184.68ms
step:530/1680 train_time:97879ms step_avg:184.68ms
step:531/1680 train_time:98064ms step_avg:184.68ms
step:532/1680 train_time:98243ms step_avg:184.67ms
step:533/1680 train_time:98424ms step_avg:184.66ms
step:534/1680 train_time:98606ms step_avg:184.66ms
step:535/1680 train_time:98792ms step_avg:184.66ms
step:536/1680 train_time:98974ms step_avg:184.65ms
step:537/1680 train_time:99157ms step_avg:184.65ms
step:538/1680 train_time:99337ms step_avg:184.64ms
step:539/1680 train_time:99519ms step_avg:184.64ms
step:540/1680 train_time:99701ms step_avg:184.63ms
step:541/1680 train_time:99884ms step_avg:184.63ms
step:542/1680 train_time:100068ms step_avg:184.63ms
step:543/1680 train_time:100251ms step_avg:184.62ms
step:544/1680 train_time:100432ms step_avg:184.62ms
step:545/1680 train_time:100616ms step_avg:184.62ms
step:546/1680 train_time:100796ms step_avg:184.61ms
step:547/1680 train_time:100980ms step_avg:184.61ms
step:548/1680 train_time:101165ms step_avg:184.61ms
step:549/1680 train_time:101351ms step_avg:184.61ms
step:550/1680 train_time:101538ms step_avg:184.62ms
step:551/1680 train_time:101722ms step_avg:184.61ms
step:552/1680 train_time:101905ms step_avg:184.61ms
step:553/1680 train_time:102097ms step_avg:184.62ms
step:554/1680 train_time:102277ms step_avg:184.62ms
step:555/1680 train_time:102461ms step_avg:184.61ms
step:556/1680 train_time:102648ms step_avg:184.62ms
step:557/1680 train_time:102830ms step_avg:184.61ms
step:558/1680 train_time:103016ms step_avg:184.62ms
step:559/1680 train_time:103201ms step_avg:184.62ms
step:560/1680 train_time:103388ms step_avg:184.62ms
step:561/1680 train_time:103572ms step_avg:184.62ms
step:562/1680 train_time:103756ms step_avg:184.62ms
step:563/1680 train_time:103947ms step_avg:184.63ms
step:564/1680 train_time:104129ms step_avg:184.63ms
step:565/1680 train_time:104313ms step_avg:184.63ms
step:566/1680 train_time:104501ms step_avg:184.63ms
step:567/1680 train_time:104683ms step_avg:184.63ms
step:568/1680 train_time:104868ms step_avg:184.63ms
step:569/1680 train_time:105061ms step_avg:184.64ms
step:570/1680 train_time:105248ms step_avg:184.64ms
step:571/1680 train_time:105431ms step_avg:184.64ms
step:572/1680 train_time:105621ms step_avg:184.65ms
step:573/1680 train_time:105802ms step_avg:184.65ms
step:574/1680 train_time:105985ms step_avg:184.64ms
step:575/1680 train_time:106171ms step_avg:184.64ms
step:576/1680 train_time:106357ms step_avg:184.65ms
step:577/1680 train_time:106541ms step_avg:184.65ms
step:578/1680 train_time:106725ms step_avg:184.65ms
step:579/1680 train_time:106917ms step_avg:184.66ms
step:580/1680 train_time:107099ms step_avg:184.65ms
step:581/1680 train_time:107289ms step_avg:184.66ms
step:582/1680 train_time:107473ms step_avg:184.66ms
step:583/1680 train_time:107660ms step_avg:184.66ms
step:584/1680 train_time:107847ms step_avg:184.67ms
step:585/1680 train_time:108032ms step_avg:184.67ms
step:586/1680 train_time:108218ms step_avg:184.67ms
step:587/1680 train_time:108401ms step_avg:184.67ms
step:588/1680 train_time:108583ms step_avg:184.66ms
step:589/1680 train_time:108770ms step_avg:184.67ms
step:590/1680 train_time:108957ms step_avg:184.67ms
step:591/1680 train_time:109145ms step_avg:184.68ms
step:592/1680 train_time:109323ms step_avg:184.67ms
step:593/1680 train_time:109509ms step_avg:184.67ms
step:594/1680 train_time:109693ms step_avg:184.67ms
step:595/1680 train_time:109883ms step_avg:184.68ms
step:596/1680 train_time:110064ms step_avg:184.67ms
step:597/1680 train_time:110248ms step_avg:184.67ms
step:598/1680 train_time:110432ms step_avg:184.67ms
step:599/1680 train_time:110618ms step_avg:184.67ms
step:600/1680 train_time:110804ms step_avg:184.67ms
step:601/1680 train_time:110991ms step_avg:184.68ms
step:602/1680 train_time:111174ms step_avg:184.67ms
step:603/1680 train_time:111358ms step_avg:184.67ms
step:604/1680 train_time:111543ms step_avg:184.67ms
step:605/1680 train_time:111727ms step_avg:184.67ms
step:606/1680 train_time:111911ms step_avg:184.67ms
step:607/1680 train_time:112097ms step_avg:184.67ms
step:608/1680 train_time:112282ms step_avg:184.67ms
step:609/1680 train_time:112467ms step_avg:184.67ms
step:610/1680 train_time:112652ms step_avg:184.67ms
step:611/1680 train_time:112837ms step_avg:184.68ms
step:612/1680 train_time:113025ms step_avg:184.68ms
step:613/1680 train_time:113210ms step_avg:184.68ms
step:614/1680 train_time:113391ms step_avg:184.68ms
step:615/1680 train_time:113576ms step_avg:184.68ms
step:616/1680 train_time:113762ms step_avg:184.68ms
step:617/1680 train_time:113948ms step_avg:184.68ms
step:618/1680 train_time:114132ms step_avg:184.68ms
step:619/1680 train_time:114315ms step_avg:184.68ms
step:620/1680 train_time:114500ms step_avg:184.68ms
step:621/1680 train_time:114686ms step_avg:184.68ms
step:622/1680 train_time:114869ms step_avg:184.68ms
step:623/1680 train_time:115053ms step_avg:184.68ms
step:624/1680 train_time:115240ms step_avg:184.68ms
step:625/1680 train_time:115424ms step_avg:184.68ms
step:625/1680 val_loss:3.6180 train_time:115559ms step_avg:184.89ms
step:626/1680 train_time:115729ms step_avg:184.87ms
step:627/1680 train_time:115886ms step_avg:184.83ms
step:628/1680 train_time:116070ms step_avg:184.83ms
step:629/1680 train_time:116255ms step_avg:184.82ms
step:630/1680 train_time:116439ms step_avg:184.82ms
step:631/1680 train_time:116623ms step_avg:184.82ms
step:632/1680 train_time:116812ms step_avg:184.83ms
step:633/1680 train_time:116994ms step_avg:184.82ms
step:634/1680 train_time:117184ms step_avg:184.83ms
step:635/1680 train_time:117373ms step_avg:184.84ms
step:636/1680 train_time:117560ms step_avg:184.84ms
step:637/1680 train_time:117744ms step_avg:184.84ms
step:638/1680 train_time:117928ms step_avg:184.84ms
step:639/1680 train_time:118113ms step_avg:184.84ms
step:640/1680 train_time:118297ms step_avg:184.84ms
step:641/1680 train_time:118482ms step_avg:184.84ms
step:642/1680 train_time:118669ms step_avg:184.84ms
step:643/1680 train_time:118854ms step_avg:184.84ms
step:644/1680 train_time:119039ms step_avg:184.84ms
step:645/1680 train_time:119223ms step_avg:184.84ms
step:646/1680 train_time:119414ms step_avg:184.85ms
step:647/1680 train_time:119600ms step_avg:184.85ms
step:648/1680 train_time:119779ms step_avg:184.84ms
step:649/1680 train_time:119964ms step_avg:184.84ms
step:650/1680 train_time:120148ms step_avg:184.84ms
step:651/1680 train_time:120333ms step_avg:184.84ms
step:652/1680 train_time:120520ms step_avg:184.85ms
step:653/1680 train_time:120702ms step_avg:184.84ms
step:654/1680 train_time:120889ms step_avg:184.85ms
step:655/1680 train_time:121078ms step_avg:184.85ms
step:656/1680 train_time:121256ms step_avg:184.84ms
step:657/1680 train_time:121441ms step_avg:184.84ms
step:658/1680 train_time:121625ms step_avg:184.84ms
step:659/1680 train_time:121810ms step_avg:184.84ms
step:660/1680 train_time:121996ms step_avg:184.84ms
step:661/1680 train_time:122180ms step_avg:184.84ms
step:662/1680 train_time:122367ms step_avg:184.84ms
step:663/1680 train_time:122551ms step_avg:184.84ms
step:664/1680 train_time:122739ms step_avg:184.85ms
step:665/1680 train_time:122923ms step_avg:184.85ms
step:666/1680 train_time:123107ms step_avg:184.85ms
step:667/1680 train_time:123292ms step_avg:184.85ms
step:668/1680 train_time:123478ms step_avg:184.85ms
step:669/1680 train_time:123665ms step_avg:184.85ms
step:670/1680 train_time:123848ms step_avg:184.85ms
step:671/1680 train_time:124034ms step_avg:184.85ms
step:672/1680 train_time:124217ms step_avg:184.85ms
step:673/1680 train_time:124403ms step_avg:184.85ms
step:674/1680 train_time:124588ms step_avg:184.85ms
step:675/1680 train_time:124774ms step_avg:184.85ms
step:676/1680 train_time:124957ms step_avg:184.85ms
step:677/1680 train_time:125141ms step_avg:184.85ms
step:678/1680 train_time:125327ms step_avg:184.85ms
step:679/1680 train_time:125513ms step_avg:184.85ms
step:680/1680 train_time:125697ms step_avg:184.85ms
step:681/1680 train_time:125883ms step_avg:184.85ms
step:682/1680 train_time:126067ms step_avg:184.85ms
step:683/1680 train_time:126251ms step_avg:184.85ms
step:684/1680 train_time:126436ms step_avg:184.85ms
step:685/1680 train_time:126622ms step_avg:184.85ms
step:686/1680 train_time:126809ms step_avg:184.85ms
step:687/1680 train_time:126996ms step_avg:184.86ms
step:688/1680 train_time:127180ms step_avg:184.85ms
step:689/1680 train_time:127365ms step_avg:184.85ms
step:690/1680 train_time:127551ms step_avg:184.86ms
step:691/1680 train_time:127741ms step_avg:184.86ms
step:692/1680 train_time:127926ms step_avg:184.86ms
step:693/1680 train_time:128109ms step_avg:184.86ms
step:694/1680 train_time:128292ms step_avg:184.86ms
step:695/1680 train_time:128475ms step_avg:184.86ms
step:696/1680 train_time:128663ms step_avg:184.86ms
step:697/1680 train_time:128848ms step_avg:184.86ms
step:698/1680 train_time:129033ms step_avg:184.86ms
step:699/1680 train_time:129217ms step_avg:184.86ms
step:700/1680 train_time:129402ms step_avg:184.86ms
step:701/1680 train_time:129589ms step_avg:184.86ms
step:702/1680 train_time:129779ms step_avg:184.87ms
step:703/1680 train_time:129964ms step_avg:184.87ms
step:704/1680 train_time:130151ms step_avg:184.87ms
step:705/1680 train_time:130334ms step_avg:184.87ms
step:706/1680 train_time:130518ms step_avg:184.87ms
step:707/1680 train_time:130703ms step_avg:184.87ms
step:708/1680 train_time:130885ms step_avg:184.87ms
step:709/1680 train_time:131071ms step_avg:184.87ms
step:710/1680 train_time:131256ms step_avg:184.87ms
step:711/1680 train_time:131441ms step_avg:184.87ms
step:712/1680 train_time:131626ms step_avg:184.87ms
step:713/1680 train_time:131811ms step_avg:184.87ms
step:714/1680 train_time:131996ms step_avg:184.87ms
step:715/1680 train_time:132181ms step_avg:184.87ms
step:716/1680 train_time:132367ms step_avg:184.87ms
step:717/1680 train_time:132552ms step_avg:184.87ms
step:718/1680 train_time:132737ms step_avg:184.87ms
step:719/1680 train_time:132922ms step_avg:184.87ms
step:720/1680 train_time:133107ms step_avg:184.87ms
step:721/1680 train_time:133294ms step_avg:184.87ms
step:722/1680 train_time:133479ms step_avg:184.87ms
step:723/1680 train_time:133666ms step_avg:184.88ms
step:724/1680 train_time:133855ms step_avg:184.88ms
step:725/1680 train_time:134039ms step_avg:184.88ms
step:726/1680 train_time:134223ms step_avg:184.88ms
step:727/1680 train_time:134408ms step_avg:184.88ms
step:728/1680 train_time:134591ms step_avg:184.88ms
step:729/1680 train_time:134781ms step_avg:184.88ms
step:730/1680 train_time:134971ms step_avg:184.89ms
step:731/1680 train_time:135150ms step_avg:184.88ms
step:732/1680 train_time:135338ms step_avg:184.89ms
step:733/1680 train_time:135517ms step_avg:184.88ms
step:734/1680 train_time:135702ms step_avg:184.88ms
step:735/1680 train_time:135888ms step_avg:184.88ms
step:736/1680 train_time:136078ms step_avg:184.89ms
step:737/1680 train_time:136261ms step_avg:184.89ms
step:738/1680 train_time:136448ms step_avg:184.89ms
step:739/1680 train_time:136633ms step_avg:184.89ms
step:740/1680 train_time:136817ms step_avg:184.89ms
step:741/1680 train_time:137003ms step_avg:184.89ms
step:742/1680 train_time:137187ms step_avg:184.89ms
step:743/1680 train_time:137374ms step_avg:184.89ms
step:744/1680 train_time:137557ms step_avg:184.89ms
step:745/1680 train_time:137744ms step_avg:184.89ms
step:746/1680 train_time:137931ms step_avg:184.89ms
step:747/1680 train_time:138115ms step_avg:184.89ms
step:748/1680 train_time:138300ms step_avg:184.89ms
step:749/1680 train_time:138487ms step_avg:184.90ms
step:750/1680 train_time:138672ms step_avg:184.90ms
step:750/1680 val_loss:3.5658 train_time:138810ms step_avg:185.08ms
step:751/1680 train_time:138964ms step_avg:185.04ms
step:752/1680 train_time:139120ms step_avg:185.00ms
step:753/1680 train_time:139305ms step_avg:185.00ms
step:754/1680 train_time:139489ms step_avg:185.00ms
step:755/1680 train_time:139674ms step_avg:185.00ms
step:756/1680 train_time:139858ms step_avg:185.00ms
step:757/1680 train_time:140043ms step_avg:185.00ms
step:758/1680 train_time:140230ms step_avg:185.00ms
step:759/1680 train_time:140422ms step_avg:185.01ms
step:760/1680 train_time:140602ms step_avg:185.00ms
step:761/1680 train_time:140785ms step_avg:185.00ms
step:762/1680 train_time:140972ms step_avg:185.00ms
step:763/1680 train_time:141156ms step_avg:185.00ms
step:764/1680 train_time:141341ms step_avg:185.00ms
step:765/1680 train_time:141524ms step_avg:185.00ms
step:766/1680 train_time:141708ms step_avg:185.00ms
step:767/1680 train_time:141894ms step_avg:185.00ms
step:768/1680 train_time:142081ms step_avg:185.00ms
step:769/1680 train_time:142264ms step_avg:185.00ms
step:770/1680 train_time:142455ms step_avg:185.01ms
step:771/1680 train_time:142639ms step_avg:185.01ms
step:772/1680 train_time:142825ms step_avg:185.01ms
step:773/1680 train_time:143009ms step_avg:185.01ms
step:774/1680 train_time:143194ms step_avg:185.01ms
step:775/1680 train_time:143378ms step_avg:185.00ms
step:776/1680 train_time:143556ms step_avg:185.00ms
step:777/1680 train_time:143745ms step_avg:185.00ms
step:778/1680 train_time:143934ms step_avg:185.00ms
step:779/1680 train_time:144111ms step_avg:184.99ms
step:780/1680 train_time:144299ms step_avg:185.00ms
step:781/1680 train_time:144484ms step_avg:185.00ms
step:782/1680 train_time:144674ms step_avg:185.00ms
step:783/1680 train_time:144859ms step_avg:185.01ms
step:784/1680 train_time:145043ms step_avg:185.00ms
step:785/1680 train_time:145220ms step_avg:184.99ms
step:786/1680 train_time:145406ms step_avg:185.00ms
step:787/1680 train_time:145592ms step_avg:185.00ms
step:788/1680 train_time:145775ms step_avg:184.99ms
step:789/1680 train_time:145960ms step_avg:184.99ms
step:790/1680 train_time:146144ms step_avg:184.99ms
step:791/1680 train_time:146334ms step_avg:185.00ms
step:792/1680 train_time:146515ms step_avg:184.99ms
step:793/1680 train_time:146705ms step_avg:185.00ms
step:794/1680 train_time:146889ms step_avg:185.00ms
step:795/1680 train_time:147073ms step_avg:185.00ms
step:796/1680 train_time:147253ms step_avg:184.99ms
step:797/1680 train_time:147440ms step_avg:184.99ms
step:798/1680 train_time:147626ms step_avg:184.99ms
step:799/1680 train_time:147813ms step_avg:185.00ms
step:800/1680 train_time:147996ms step_avg:185.00ms
step:801/1680 train_time:148179ms step_avg:184.99ms
step:802/1680 train_time:148365ms step_avg:184.99ms
step:803/1680 train_time:148547ms step_avg:184.99ms
step:804/1680 train_time:148739ms step_avg:185.00ms
step:805/1680 train_time:148927ms step_avg:185.00ms
step:806/1680 train_time:149111ms step_avg:185.00ms
step:807/1680 train_time:149292ms step_avg:185.00ms
step:808/1680 train_time:149478ms step_avg:185.00ms
step:809/1680 train_time:149665ms step_avg:185.00ms
step:810/1680 train_time:149850ms step_avg:185.00ms
step:811/1680 train_time:150033ms step_avg:185.00ms
step:812/1680 train_time:150220ms step_avg:185.00ms
step:813/1680 train_time:150406ms step_avg:185.00ms
step:814/1680 train_time:150593ms step_avg:185.00ms
step:815/1680 train_time:150776ms step_avg:185.00ms
step:816/1680 train_time:150970ms step_avg:185.01ms
step:817/1680 train_time:151155ms step_avg:185.01ms
step:818/1680 train_time:151342ms step_avg:185.01ms
step:819/1680 train_time:151527ms step_avg:185.02ms
step:820/1680 train_time:151705ms step_avg:185.01ms
step:821/1680 train_time:151891ms step_avg:185.01ms
step:822/1680 train_time:152076ms step_avg:185.01ms
step:823/1680 train_time:152261ms step_avg:185.01ms
step:824/1680 train_time:152448ms step_avg:185.01ms
step:825/1680 train_time:152641ms step_avg:185.02ms
step:826/1680 train_time:152814ms step_avg:185.01ms
step:827/1680 train_time:153002ms step_avg:185.01ms
step:828/1680 train_time:153189ms step_avg:185.01ms
step:829/1680 train_time:153378ms step_avg:185.02ms
step:830/1680 train_time:153564ms step_avg:185.02ms
step:831/1680 train_time:153752ms step_avg:185.02ms
step:832/1680 train_time:153931ms step_avg:185.01ms
step:833/1680 train_time:154116ms step_avg:185.01ms
step:834/1680 train_time:154300ms step_avg:185.01ms
step:835/1680 train_time:154490ms step_avg:185.02ms
step:836/1680 train_time:154672ms step_avg:185.01ms
step:837/1680 train_time:154851ms step_avg:185.01ms
step:838/1680 train_time:155035ms step_avg:185.01ms
step:839/1680 train_time:155221ms step_avg:185.01ms
step:840/1680 train_time:155404ms step_avg:185.00ms
step:841/1680 train_time:155592ms step_avg:185.01ms
step:842/1680 train_time:155775ms step_avg:185.01ms
step:843/1680 train_time:155960ms step_avg:185.01ms
step:844/1680 train_time:156149ms step_avg:185.01ms
step:845/1680 train_time:156332ms step_avg:185.01ms
step:846/1680 train_time:156516ms step_avg:185.01ms
step:847/1680 train_time:156705ms step_avg:185.01ms
step:848/1680 train_time:156887ms step_avg:185.01ms
step:849/1680 train_time:157075ms step_avg:185.01ms
step:850/1680 train_time:157258ms step_avg:185.01ms
step:851/1680 train_time:157448ms step_avg:185.02ms
step:852/1680 train_time:157630ms step_avg:185.01ms
step:853/1680 train_time:157814ms step_avg:185.01ms
step:854/1680 train_time:158002ms step_avg:185.01ms
step:855/1680 train_time:158187ms step_avg:185.01ms
step:856/1680 train_time:158371ms step_avg:185.01ms
step:857/1680 train_time:158556ms step_avg:185.01ms
step:858/1680 train_time:158740ms step_avg:185.01ms
step:859/1680 train_time:158925ms step_avg:185.01ms
step:860/1680 train_time:159109ms step_avg:185.01ms
step:861/1680 train_time:159294ms step_avg:185.01ms
step:862/1680 train_time:159479ms step_avg:185.01ms
step:863/1680 train_time:159663ms step_avg:185.01ms
step:864/1680 train_time:159850ms step_avg:185.01ms
step:865/1680 train_time:160037ms step_avg:185.01ms
step:866/1680 train_time:160222ms step_avg:185.01ms
step:867/1680 train_time:160407ms step_avg:185.01ms
step:868/1680 train_time:160593ms step_avg:185.02ms
step:869/1680 train_time:160778ms step_avg:185.02ms
step:870/1680 train_time:160966ms step_avg:185.02ms
step:871/1680 train_time:161152ms step_avg:185.02ms
step:872/1680 train_time:161337ms step_avg:185.02ms
step:873/1680 train_time:161524ms step_avg:185.02ms
step:874/1680 train_time:161707ms step_avg:185.02ms
step:875/1680 train_time:161892ms step_avg:185.02ms
step:875/1680 val_loss:3.5189 train_time:162028ms step_avg:185.18ms
step:876/1680 train_time:162268ms step_avg:185.24ms
step:877/1680 train_time:162447ms step_avg:185.23ms
step:878/1680 train_time:162632ms step_avg:185.23ms
step:879/1680 train_time:162823ms step_avg:185.24ms
step:880/1680 train_time:163005ms step_avg:185.23ms
step:881/1680 train_time:163188ms step_avg:185.23ms
step:882/1680 train_time:163373ms step_avg:185.23ms
step:883/1680 train_time:163558ms step_avg:185.23ms
step:884/1680 train_time:163743ms step_avg:185.23ms
step:885/1680 train_time:163930ms step_avg:185.23ms
step:886/1680 train_time:164114ms step_avg:185.23ms
step:887/1680 train_time:164298ms step_avg:185.23ms
step:888/1680 train_time:164484ms step_avg:185.23ms
step:889/1680 train_time:164672ms step_avg:185.23ms
step:890/1680 train_time:164856ms step_avg:185.23ms
step:891/1680 train_time:165043ms step_avg:185.23ms
step:892/1680 train_time:165228ms step_avg:185.23ms
step:893/1680 train_time:165416ms step_avg:185.24ms
step:894/1680 train_time:165599ms step_avg:185.23ms
step:895/1680 train_time:165781ms step_avg:185.23ms
step:896/1680 train_time:165965ms step_avg:185.23ms
step:897/1680 train_time:166150ms step_avg:185.23ms
step:898/1680 train_time:166336ms step_avg:185.23ms
step:899/1680 train_time:166520ms step_avg:185.23ms
step:900/1680 train_time:166707ms step_avg:185.23ms
step:901/1680 train_time:166897ms step_avg:185.24ms
step:902/1680 train_time:167080ms step_avg:185.23ms
step:903/1680 train_time:167266ms step_avg:185.23ms
step:904/1680 train_time:167450ms step_avg:185.23ms
step:905/1680 train_time:167639ms step_avg:185.24ms
step:906/1680 train_time:167823ms step_avg:185.24ms
step:907/1680 train_time:168009ms step_avg:185.24ms
step:908/1680 train_time:168194ms step_avg:185.24ms
step:909/1680 train_time:168380ms step_avg:185.24ms
step:910/1680 train_time:168564ms step_avg:185.24ms
step:911/1680 train_time:168750ms step_avg:185.24ms
step:912/1680 train_time:168936ms step_avg:185.24ms
step:913/1680 train_time:169122ms step_avg:185.24ms
step:914/1680 train_time:169304ms step_avg:185.23ms
step:915/1680 train_time:169489ms step_avg:185.23ms
step:916/1680 train_time:169674ms step_avg:185.23ms
step:917/1680 train_time:169862ms step_avg:185.24ms
step:918/1680 train_time:170044ms step_avg:185.23ms
step:919/1680 train_time:170230ms step_avg:185.23ms
step:920/1680 train_time:170414ms step_avg:185.23ms
step:921/1680 train_time:170602ms step_avg:185.24ms
step:922/1680 train_time:170786ms step_avg:185.23ms
step:923/1680 train_time:170971ms step_avg:185.23ms
step:924/1680 train_time:171157ms step_avg:185.23ms
step:925/1680 train_time:171347ms step_avg:185.24ms
step:926/1680 train_time:171533ms step_avg:185.24ms
step:927/1680 train_time:171718ms step_avg:185.24ms
step:928/1680 train_time:171908ms step_avg:185.25ms
step:929/1680 train_time:172088ms step_avg:185.24ms
step:930/1680 train_time:172273ms step_avg:185.24ms
step:931/1680 train_time:172457ms step_avg:185.24ms
step:932/1680 train_time:172643ms step_avg:185.24ms
step:933/1680 train_time:172833ms step_avg:185.24ms
step:934/1680 train_time:173014ms step_avg:185.24ms
step:935/1680 train_time:173201ms step_avg:185.24ms
step:936/1680 train_time:173387ms step_avg:185.24ms
step:937/1680 train_time:173576ms step_avg:185.25ms
step:938/1680 train_time:173758ms step_avg:185.24ms
step:939/1680 train_time:173945ms step_avg:185.24ms
step:940/1680 train_time:174127ms step_avg:185.24ms
step:941/1680 train_time:174314ms step_avg:185.24ms
step:942/1680 train_time:174499ms step_avg:185.24ms
step:943/1680 train_time:174685ms step_avg:185.24ms
step:944/1680 train_time:174869ms step_avg:185.24ms
step:945/1680 train_time:175055ms step_avg:185.24ms
step:946/1680 train_time:175235ms step_avg:185.24ms
step:947/1680 train_time:175420ms step_avg:185.24ms
step:948/1680 train_time:175605ms step_avg:185.24ms
step:949/1680 train_time:175790ms step_avg:185.24ms
step:950/1680 train_time:175976ms step_avg:185.24ms
step:951/1680 train_time:176162ms step_avg:185.24ms
step:952/1680 train_time:176346ms step_avg:185.24ms
step:953/1680 train_time:176533ms step_avg:185.24ms
step:954/1680 train_time:176718ms step_avg:185.24ms
step:955/1680 train_time:176901ms step_avg:185.24ms
step:956/1680 train_time:177086ms step_avg:185.24ms
step:957/1680 train_time:177271ms step_avg:185.24ms
step:958/1680 train_time:177460ms step_avg:185.24ms
step:959/1680 train_time:177643ms step_avg:185.24ms
step:960/1680 train_time:177829ms step_avg:185.24ms
step:961/1680 train_time:178013ms step_avg:185.24ms
step:962/1680 train_time:178201ms step_avg:185.24ms
step:963/1680 train_time:178388ms step_avg:185.24ms
step:964/1680 train_time:178575ms step_avg:185.24ms
step:965/1680 train_time:178758ms step_avg:185.24ms
step:966/1680 train_time:178945ms step_avg:185.24ms
step:967/1680 train_time:179130ms step_avg:185.24ms
step:968/1680 train_time:179312ms step_avg:185.24ms
step:969/1680 train_time:179495ms step_avg:185.24ms
step:970/1680 train_time:179680ms step_avg:185.24ms
step:971/1680 train_time:179865ms step_avg:185.24ms
step:972/1680 train_time:180051ms step_avg:185.24ms
step:973/1680 train_time:180235ms step_avg:185.24ms
step:974/1680 train_time:180420ms step_avg:185.24ms
step:975/1680 train_time:180606ms step_avg:185.24ms
step:976/1680 train_time:180790ms step_avg:185.24ms
step:977/1680 train_time:180977ms step_avg:185.24ms
step:978/1680 train_time:181161ms step_avg:185.24ms
step:979/1680 train_time:181346ms step_avg:185.24ms
step:980/1680 train_time:181531ms step_avg:185.24ms
step:981/1680 train_time:181715ms step_avg:185.23ms
step:982/1680 train_time:181900ms step_avg:185.23ms
step:983/1680 train_time:182094ms step_avg:185.24ms
step:984/1680 train_time:182271ms step_avg:185.24ms
step:985/1680 train_time:182460ms step_avg:185.24ms
step:986/1680 train_time:182646ms step_avg:185.24ms
step:987/1680 train_time:182832ms step_avg:185.24ms
step:988/1680 train_time:183012ms step_avg:185.23ms
step:989/1680 train_time:183197ms step_avg:185.23ms
step:990/1680 train_time:183382ms step_avg:185.23ms
step:991/1680 train_time:183567ms step_avg:185.23ms
step:992/1680 train_time:183754ms step_avg:185.24ms
step:993/1680 train_time:183938ms step_avg:185.24ms
step:994/1680 train_time:184128ms step_avg:185.24ms
step:995/1680 train_time:184310ms step_avg:185.24ms
step:996/1680 train_time:184495ms step_avg:185.24ms
step:997/1680 train_time:184683ms step_avg:185.24ms
step:998/1680 train_time:184868ms step_avg:185.24ms
step:999/1680 train_time:185054ms step_avg:185.24ms
step:1000/1680 train_time:185242ms step_avg:185.24ms
step:1000/1680 val_loss:3.4689 train_time:185379ms step_avg:185.38ms
step:1001/1680 train_time:185542ms step_avg:185.36ms
step:1002/1680 train_time:185705ms step_avg:185.33ms
step:1003/1680 train_time:185888ms step_avg:185.33ms
step:1004/1680 train_time:186073ms step_avg:185.33ms
step:1005/1680 train_time:186260ms step_avg:185.33ms
step:1006/1680 train_time:186448ms step_avg:185.34ms
step:1007/1680 train_time:186633ms step_avg:185.34ms
step:1008/1680 train_time:186818ms step_avg:185.34ms
step:1009/1680 train_time:187002ms step_avg:185.33ms
step:1010/1680 train_time:187187ms step_avg:185.33ms
step:1011/1680 train_time:187379ms step_avg:185.34ms
step:1012/1680 train_time:187558ms step_avg:185.33ms
step:1013/1680 train_time:187744ms step_avg:185.33ms
step:1014/1680 train_time:187928ms step_avg:185.33ms
step:1015/1680 train_time:188114ms step_avg:185.33ms
step:1016/1680 train_time:188300ms step_avg:185.33ms
step:1017/1680 train_time:188485ms step_avg:185.33ms
step:1018/1680 train_time:188669ms step_avg:185.33ms
step:1019/1680 train_time:188853ms step_avg:185.33ms
step:1020/1680 train_time:189037ms step_avg:185.33ms
step:1021/1680 train_time:189223ms step_avg:185.33ms
step:1022/1680 train_time:189408ms step_avg:185.33ms
step:1023/1680 train_time:189592ms step_avg:185.33ms
step:1024/1680 train_time:189776ms step_avg:185.33ms
step:1025/1680 train_time:189961ms step_avg:185.33ms
step:1026/1680 train_time:190148ms step_avg:185.33ms
step:1027/1680 train_time:190333ms step_avg:185.33ms
step:1028/1680 train_time:190519ms step_avg:185.33ms
step:1029/1680 train_time:190702ms step_avg:185.33ms
step:1030/1680 train_time:190888ms step_avg:185.33ms
step:1031/1680 train_time:191073ms step_avg:185.33ms
step:1032/1680 train_time:191256ms step_avg:185.33ms
step:1033/1680 train_time:191436ms step_avg:185.32ms
step:1034/1680 train_time:191620ms step_avg:185.32ms
step:1035/1680 train_time:191809ms step_avg:185.32ms
step:1036/1680 train_time:191990ms step_avg:185.32ms
step:1037/1680 train_time:192174ms step_avg:185.32ms
step:1038/1680 train_time:192358ms step_avg:185.32ms
step:1039/1680 train_time:192542ms step_avg:185.31ms
step:1040/1680 train_time:192729ms step_avg:185.32ms
step:1041/1680 train_time:192912ms step_avg:185.31ms
step:1042/1680 train_time:193098ms step_avg:185.31ms
step:1043/1680 train_time:193282ms step_avg:185.31ms
step:1044/1680 train_time:193467ms step_avg:185.31ms
step:1045/1680 train_time:193654ms step_avg:185.32ms
step:1046/1680 train_time:193839ms step_avg:185.31ms
step:1047/1680 train_time:194027ms step_avg:185.32ms
step:1048/1680 train_time:194208ms step_avg:185.31ms
step:1049/1680 train_time:194394ms step_avg:185.31ms
step:1050/1680 train_time:194583ms step_avg:185.32ms
step:1051/1680 train_time:194767ms step_avg:185.32ms
step:1052/1680 train_time:194956ms step_avg:185.32ms
step:1053/1680 train_time:195151ms step_avg:185.33ms
step:1054/1680 train_time:195340ms step_avg:185.33ms
step:1055/1680 train_time:195519ms step_avg:185.33ms
step:1056/1680 train_time:195703ms step_avg:185.32ms
step:1057/1680 train_time:195888ms step_avg:185.32ms
step:1058/1680 train_time:196068ms step_avg:185.32ms
step:1059/1680 train_time:196253ms step_avg:185.32ms
step:1060/1680 train_time:196439ms step_avg:185.32ms
step:1061/1680 train_time:196623ms step_avg:185.32ms
step:1062/1680 train_time:196808ms step_avg:185.32ms
step:1063/1680 train_time:196994ms step_avg:185.32ms
step:1064/1680 train_time:197177ms step_avg:185.32ms
step:1065/1680 train_time:197362ms step_avg:185.32ms
step:1066/1680 train_time:197546ms step_avg:185.32ms
step:1067/1680 train_time:197733ms step_avg:185.32ms
step:1068/1680 train_time:197917ms step_avg:185.32ms
step:1069/1680 train_time:198102ms step_avg:185.32ms
step:1070/1680 train_time:198288ms step_avg:185.32ms
step:1071/1680 train_time:198472ms step_avg:185.31ms
step:1072/1680 train_time:198658ms step_avg:185.32ms
step:1073/1680 train_time:198845ms step_avg:185.32ms
step:1074/1680 train_time:199029ms step_avg:185.32ms
step:1075/1680 train_time:199214ms step_avg:185.32ms
step:1076/1680 train_time:199399ms step_avg:185.32ms
step:1077/1680 train_time:199584ms step_avg:185.31ms
step:1078/1680 train_time:199774ms step_avg:185.32ms
step:1079/1680 train_time:199956ms step_avg:185.32ms
step:1080/1680 train_time:200145ms step_avg:185.32ms
step:1081/1680 train_time:200326ms step_avg:185.32ms
step:1082/1680 train_time:200511ms step_avg:185.32ms
step:1083/1680 train_time:200695ms step_avg:185.31ms
step:1084/1680 train_time:200883ms step_avg:185.32ms
step:1085/1680 train_time:201065ms step_avg:185.31ms
step:1086/1680 train_time:201253ms step_avg:185.32ms
step:1087/1680 train_time:201433ms step_avg:185.31ms
step:1088/1680 train_time:201619ms step_avg:185.31ms
step:1089/1680 train_time:201804ms step_avg:185.31ms
step:1090/1680 train_time:201992ms step_avg:185.31ms
step:1091/1680 train_time:202178ms step_avg:185.31ms
step:1092/1680 train_time:202361ms step_avg:185.31ms
step:1093/1680 train_time:202546ms step_avg:185.31ms
step:1094/1680 train_time:202732ms step_avg:185.31ms
step:1095/1680 train_time:202917ms step_avg:185.31ms
step:1096/1680 train_time:203112ms step_avg:185.32ms
step:1097/1680 train_time:203293ms step_avg:185.32ms
step:1098/1680 train_time:203483ms step_avg:185.32ms
step:1099/1680 train_time:203673ms step_avg:185.33ms
step:1100/1680 train_time:203856ms step_avg:185.32ms
step:1101/1680 train_time:204045ms step_avg:185.33ms
step:1102/1680 train_time:204230ms step_avg:185.33ms
step:1103/1680 train_time:204424ms step_avg:185.33ms
step:1104/1680 train_time:204609ms step_avg:185.33ms
step:1105/1680 train_time:204792ms step_avg:185.33ms
step:1106/1680 train_time:204977ms step_avg:185.33ms
step:1107/1680 train_time:205166ms step_avg:185.34ms
step:1108/1680 train_time:205356ms step_avg:185.34ms
step:1109/1680 train_time:205542ms step_avg:185.34ms
step:1110/1680 train_time:205725ms step_avg:185.34ms
step:1111/1680 train_time:205912ms step_avg:185.34ms
step:1112/1680 train_time:206097ms step_avg:185.34ms
step:1113/1680 train_time:206285ms step_avg:185.34ms
step:1114/1680 train_time:206470ms step_avg:185.34ms
step:1115/1680 train_time:206660ms step_avg:185.35ms
step:1116/1680 train_time:206847ms step_avg:185.35ms
step:1117/1680 train_time:207033ms step_avg:185.35ms
step:1118/1680 train_time:207220ms step_avg:185.35ms
step:1119/1680 train_time:207405ms step_avg:185.35ms
step:1120/1680 train_time:207593ms step_avg:185.35ms
step:1121/1680 train_time:207778ms step_avg:185.35ms
step:1122/1680 train_time:207966ms step_avg:185.35ms
step:1123/1680 train_time:208151ms step_avg:185.35ms
step:1124/1680 train_time:208335ms step_avg:185.35ms
step:1125/1680 train_time:208521ms step_avg:185.35ms
step:1125/1680 val_loss:3.4158 train_time:208658ms step_avg:185.47ms
step:1126/1680 train_time:208814ms step_avg:185.45ms
step:1127/1680 train_time:208988ms step_avg:185.44ms
step:1128/1680 train_time:209170ms step_avg:185.43ms
step:1129/1680 train_time:209356ms step_avg:185.43ms
step:1130/1680 train_time:209542ms step_avg:185.44ms
step:1131/1680 train_time:209732ms step_avg:185.44ms
step:1132/1680 train_time:209921ms step_avg:185.44ms
step:1133/1680 train_time:210108ms step_avg:185.44ms
step:1134/1680 train_time:210295ms step_avg:185.45ms
step:1135/1680 train_time:210482ms step_avg:185.45ms
step:1136/1680 train_time:210670ms step_avg:185.45ms
step:1137/1680 train_time:210857ms step_avg:185.45ms
step:1138/1680 train_time:211043ms step_avg:185.45ms
step:1139/1680 train_time:211231ms step_avg:185.45ms
step:1140/1680 train_time:211419ms step_avg:185.45ms
step:1141/1680 train_time:211604ms step_avg:185.45ms
step:1142/1680 train_time:211787ms step_avg:185.45ms
step:1143/1680 train_time:211973ms step_avg:185.45ms
step:1144/1680 train_time:212163ms step_avg:185.46ms
step:1145/1680 train_time:212348ms step_avg:185.46ms
step:1146/1680 train_time:212534ms step_avg:185.46ms
step:1147/1680 train_time:212721ms step_avg:185.46ms
step:1148/1680 train_time:212908ms step_avg:185.46ms
step:1149/1680 train_time:213096ms step_avg:185.46ms
step:1150/1680 train_time:213282ms step_avg:185.46ms
step:1151/1680 train_time:213468ms step_avg:185.46ms
step:1152/1680 train_time:213654ms step_avg:185.46ms
step:1153/1680 train_time:213841ms step_avg:185.46ms
step:1154/1680 train_time:214030ms step_avg:185.47ms
step:1155/1680 train_time:214216ms step_avg:185.47ms
step:1156/1680 train_time:214403ms step_avg:185.47ms
step:1157/1680 train_time:214589ms step_avg:185.47ms
step:1158/1680 train_time:214773ms step_avg:185.47ms
step:1159/1680 train_time:214960ms step_avg:185.47ms
step:1160/1680 train_time:215148ms step_avg:185.47ms
step:1161/1680 train_time:215334ms step_avg:185.47ms
step:1162/1680 train_time:215520ms step_avg:185.47ms
step:1163/1680 train_time:215709ms step_avg:185.48ms
step:1164/1680 train_time:215893ms step_avg:185.48ms
step:1165/1680 train_time:216080ms step_avg:185.48ms
step:1166/1680 train_time:216266ms step_avg:185.48ms
step:1167/1680 train_time:216453ms step_avg:185.48ms
step:1168/1680 train_time:216639ms step_avg:185.48ms
step:1169/1680 train_time:216827ms step_avg:185.48ms
step:1170/1680 train_time:217013ms step_avg:185.48ms
step:1171/1680 train_time:217206ms step_avg:185.49ms
step:1172/1680 train_time:217391ms step_avg:185.49ms
step:1173/1680 train_time:217578ms step_avg:185.49ms
step:1174/1680 train_time:217763ms step_avg:185.49ms
step:1175/1680 train_time:217950ms step_avg:185.49ms
step:1176/1680 train_time:218136ms step_avg:185.49ms
step:1177/1680 train_time:218323ms step_avg:185.49ms
step:1178/1680 train_time:218506ms step_avg:185.49ms
step:1179/1680 train_time:218702ms step_avg:185.50ms
step:1180/1680 train_time:218880ms step_avg:185.49ms
step:1181/1680 train_time:219072ms step_avg:185.50ms
step:1182/1680 train_time:219257ms step_avg:185.50ms
step:1183/1680 train_time:219444ms step_avg:185.50ms
step:1184/1680 train_time:219630ms step_avg:185.50ms
step:1185/1680 train_time:219817ms step_avg:185.50ms
step:1186/1680 train_time:220003ms step_avg:185.50ms
step:1187/1680 train_time:220191ms step_avg:185.50ms
step:1188/1680 train_time:220377ms step_avg:185.50ms
step:1189/1680 train_time:220563ms step_avg:185.50ms
step:1190/1680 train_time:220749ms step_avg:185.50ms
step:1191/1680 train_time:220937ms step_avg:185.51ms
step:1192/1680 train_time:221124ms step_avg:185.51ms
step:1193/1680 train_time:221306ms step_avg:185.50ms
step:1194/1680 train_time:221494ms step_avg:185.51ms
step:1195/1680 train_time:221678ms step_avg:185.50ms
step:1196/1680 train_time:221864ms step_avg:185.51ms
step:1197/1680 train_time:222049ms step_avg:185.50ms
step:1198/1680 train_time:222235ms step_avg:185.51ms
step:1199/1680 train_time:222425ms step_avg:185.51ms
step:1200/1680 train_time:222612ms step_avg:185.51ms
step:1201/1680 train_time:222797ms step_avg:185.51ms
step:1202/1680 train_time:222984ms step_avg:185.51ms
step:1203/1680 train_time:223172ms step_avg:185.51ms
step:1204/1680 train_time:223357ms step_avg:185.51ms
step:1205/1680 train_time:223539ms step_avg:185.51ms
step:1206/1680 train_time:223727ms step_avg:185.51ms
step:1207/1680 train_time:223912ms step_avg:185.51ms
step:1208/1680 train_time:224101ms step_avg:185.51ms
step:1209/1680 train_time:224286ms step_avg:185.51ms
step:1210/1680 train_time:224471ms step_avg:185.51ms
step:1211/1680 train_time:224658ms step_avg:185.51ms
step:1212/1680 train_time:224844ms step_avg:185.52ms
step:1213/1680 train_time:225033ms step_avg:185.52ms
step:1214/1680 train_time:225217ms step_avg:185.52ms
step:1215/1680 train_time:225404ms step_avg:185.52ms
step:1216/1680 train_time:225596ms step_avg:185.52ms
step:1217/1680 train_time:225777ms step_avg:185.52ms
step:1218/1680 train_time:225963ms step_avg:185.52ms
step:1219/1680 train_time:226150ms step_avg:185.52ms
step:1220/1680 train_time:226340ms step_avg:185.52ms
step:1221/1680 train_time:226523ms step_avg:185.52ms
step:1222/1680 train_time:226708ms step_avg:185.52ms
step:1223/1680 train_time:226895ms step_avg:185.52ms
step:1224/1680 train_time:227083ms step_avg:185.53ms
step:1225/1680 train_time:227268ms step_avg:185.53ms
step:1226/1680 train_time:227455ms step_avg:185.53ms
step:1227/1680 train_time:227642ms step_avg:185.53ms
step:1228/1680 train_time:227828ms step_avg:185.53ms
step:1229/1680 train_time:228013ms step_avg:185.53ms
step:1230/1680 train_time:228202ms step_avg:185.53ms
step:1231/1680 train_time:228387ms step_avg:185.53ms
step:1232/1680 train_time:228574ms step_avg:185.53ms
step:1233/1680 train_time:228762ms step_avg:185.53ms
step:1234/1680 train_time:228948ms step_avg:185.53ms
step:1235/1680 train_time:229134ms step_avg:185.53ms
step:1236/1680 train_time:229321ms step_avg:185.53ms
step:1237/1680 train_time:229509ms step_avg:185.54ms
step:1238/1680 train_time:229695ms step_avg:185.54ms
step:1239/1680 train_time:229880ms step_avg:185.54ms
step:1240/1680 train_time:230066ms step_avg:185.54ms
step:1241/1680 train_time:230257ms step_avg:185.54ms
step:1242/1680 train_time:230446ms step_avg:185.54ms
step:1243/1680 train_time:230629ms step_avg:185.54ms
step:1244/1680 train_time:230819ms step_avg:185.55ms
step:1245/1680 train_time:231010ms step_avg:185.55ms
step:1246/1680 train_time:231193ms step_avg:185.55ms
step:1247/1680 train_time:231379ms step_avg:185.55ms
step:1248/1680 train_time:231566ms step_avg:185.55ms
step:1249/1680 train_time:231753ms step_avg:185.55ms
step:1250/1680 train_time:231935ms step_avg:185.55ms
step:1250/1680 val_loss:3.3762 train_time:232080ms step_avg:185.66ms
step:1251/1680 train_time:232240ms step_avg:185.64ms
step:1252/1680 train_time:232401ms step_avg:185.62ms
step:1253/1680 train_time:232586ms step_avg:185.62ms
step:1254/1680 train_time:232773ms step_avg:185.62ms
step:1255/1680 train_time:232965ms step_avg:185.63ms
step:1256/1680 train_time:233145ms step_avg:185.63ms
step:1257/1680 train_time:233334ms step_avg:185.63ms
step:1258/1680 train_time:233523ms step_avg:185.63ms
step:1259/1680 train_time:233707ms step_avg:185.63ms
step:1260/1680 train_time:233903ms step_avg:185.64ms
step:1261/1680 train_time:234090ms step_avg:185.64ms
step:1262/1680 train_time:234282ms step_avg:185.64ms
step:1263/1680 train_time:234471ms step_avg:185.65ms
step:1264/1680 train_time:234657ms step_avg:185.65ms
step:1265/1680 train_time:234844ms step_avg:185.65ms
step:1266/1680 train_time:235041ms step_avg:185.66ms
step:1267/1680 train_time:235227ms step_avg:185.66ms
step:1268/1680 train_time:235414ms step_avg:185.66ms
step:1269/1680 train_time:235599ms step_avg:185.66ms
step:1270/1680 train_time:235786ms step_avg:185.66ms
step:1271/1680 train_time:235979ms step_avg:185.66ms
step:1272/1680 train_time:236160ms step_avg:185.66ms
step:1273/1680 train_time:236346ms step_avg:185.66ms
step:1274/1680 train_time:236533ms step_avg:185.66ms
step:1275/1680 train_time:236719ms step_avg:185.66ms
step:1276/1680 train_time:236904ms step_avg:185.66ms
step:1277/1680 train_time:237091ms step_avg:185.66ms
step:1278/1680 train_time:237277ms step_avg:185.66ms
step:1279/1680 train_time:237464ms step_avg:185.66ms
step:1280/1680 train_time:237650ms step_avg:185.66ms
step:1281/1680 train_time:237836ms step_avg:185.66ms
step:1282/1680 train_time:238025ms step_avg:185.67ms
step:1283/1680 train_time:238212ms step_avg:185.67ms
step:1284/1680 train_time:238400ms step_avg:185.67ms
step:1285/1680 train_time:238585ms step_avg:185.67ms
step:1286/1680 train_time:238771ms step_avg:185.67ms
step:1287/1680 train_time:238959ms step_avg:185.67ms
step:1288/1680 train_time:239144ms step_avg:185.67ms
step:1289/1680 train_time:239331ms step_avg:185.67ms
step:1290/1680 train_time:239517ms step_avg:185.67ms
step:1291/1680 train_time:239703ms step_avg:185.67ms
step:1292/1680 train_time:239890ms step_avg:185.67ms
step:1293/1680 train_time:240076ms step_avg:185.67ms
step:1294/1680 train_time:240263ms step_avg:185.67ms
step:1295/1680 train_time:240452ms step_avg:185.68ms
step:1296/1680 train_time:240638ms step_avg:185.68ms
step:1297/1680 train_time:240824ms step_avg:185.68ms
step:1298/1680 train_time:241013ms step_avg:185.68ms
step:1299/1680 train_time:241200ms step_avg:185.68ms
step:1300/1680 train_time:241386ms step_avg:185.68ms
step:1301/1680 train_time:241574ms step_avg:185.68ms
step:1302/1680 train_time:241759ms step_avg:185.68ms
step:1303/1680 train_time:241945ms step_avg:185.68ms
step:1304/1680 train_time:242131ms step_avg:185.68ms
step:1305/1680 train_time:242318ms step_avg:185.68ms
step:1306/1680 train_time:242506ms step_avg:185.69ms
step:1307/1680 train_time:242692ms step_avg:185.69ms
step:1308/1680 train_time:242881ms step_avg:185.69ms
step:1309/1680 train_time:243066ms step_avg:185.69ms
step:1310/1680 train_time:243251ms step_avg:185.69ms
step:1311/1680 train_time:243438ms step_avg:185.69ms
step:1312/1680 train_time:243625ms step_avg:185.69ms
step:1313/1680 train_time:243811ms step_avg:185.69ms
step:1314/1680 train_time:243996ms step_avg:185.69ms
step:1315/1680 train_time:244182ms step_avg:185.69ms
step:1316/1680 train_time:244370ms step_avg:185.69ms
step:1317/1680 train_time:244558ms step_avg:185.69ms
step:1318/1680 train_time:244743ms step_avg:185.69ms
step:1319/1680 train_time:244929ms step_avg:185.69ms
step:1320/1680 train_time:245116ms step_avg:185.69ms
step:1321/1680 train_time:245307ms step_avg:185.70ms
step:1322/1680 train_time:245492ms step_avg:185.70ms
step:1323/1680 train_time:245679ms step_avg:185.70ms
step:1324/1680 train_time:245864ms step_avg:185.70ms
step:1325/1680 train_time:246051ms step_avg:185.70ms
step:1326/1680 train_time:246237ms step_avg:185.70ms
step:1327/1680 train_time:246425ms step_avg:185.70ms
step:1328/1680 train_time:246610ms step_avg:185.70ms
step:1329/1680 train_time:246797ms step_avg:185.70ms
step:1330/1680 train_time:246982ms step_avg:185.70ms
step:1331/1680 train_time:247168ms step_avg:185.70ms
step:1332/1680 train_time:247355ms step_avg:185.70ms
step:1333/1680 train_time:247542ms step_avg:185.70ms
step:1334/1680 train_time:247729ms step_avg:185.70ms
step:1335/1680 train_time:247919ms step_avg:185.71ms
step:1336/1680 train_time:248104ms step_avg:185.71ms
step:1337/1680 train_time:248290ms step_avg:185.71ms
step:1338/1680 train_time:248478ms step_avg:185.71ms
step:1339/1680 train_time:248664ms step_avg:185.71ms
step:1340/1680 train_time:248851ms step_avg:185.71ms
step:1341/1680 train_time:249039ms step_avg:185.71ms
step:1342/1680 train_time:249227ms step_avg:185.71ms
step:1343/1680 train_time:249412ms step_avg:185.71ms
step:1344/1680 train_time:249599ms step_avg:185.71ms
step:1345/1680 train_time:249792ms step_avg:185.72ms
step:1346/1680 train_time:249972ms step_avg:185.71ms
step:1347/1680 train_time:250160ms step_avg:185.72ms
step:1348/1680 train_time:250347ms step_avg:185.72ms
step:1349/1680 train_time:250534ms step_avg:185.72ms
step:1350/1680 train_time:250721ms step_avg:185.72ms
step:1351/1680 train_time:250909ms step_avg:185.72ms
step:1352/1680 train_time:251095ms step_avg:185.72ms
step:1353/1680 train_time:251281ms step_avg:185.72ms
step:1354/1680 train_time:251467ms step_avg:185.72ms
step:1355/1680 train_time:251655ms step_avg:185.72ms
step:1356/1680 train_time:251840ms step_avg:185.72ms
step:1357/1680 train_time:252033ms step_avg:185.73ms
step:1358/1680 train_time:252216ms step_avg:185.73ms
step:1359/1680 train_time:252402ms step_avg:185.73ms
step:1360/1680 train_time:252591ms step_avg:185.73ms
step:1361/1680 train_time:252778ms step_avg:185.73ms
step:1362/1680 train_time:252972ms step_avg:185.74ms
step:1363/1680 train_time:253151ms step_avg:185.73ms
step:1364/1680 train_time:253338ms step_avg:185.73ms
step:1365/1680 train_time:253527ms step_avg:185.73ms
step:1366/1680 train_time:253717ms step_avg:185.74ms
step:1367/1680 train_time:253904ms step_avg:185.74ms
step:1368/1680 train_time:254089ms step_avg:185.74ms
step:1369/1680 train_time:254277ms step_avg:185.74ms
step:1370/1680 train_time:254463ms step_avg:185.74ms
step:1371/1680 train_time:254649ms step_avg:185.74ms
step:1372/1680 train_time:254839ms step_avg:185.74ms
step:1373/1680 train_time:255024ms step_avg:185.74ms
step:1374/1680 train_time:255212ms step_avg:185.74ms
step:1375/1680 train_time:255397ms step_avg:185.74ms
step:1375/1680 val_loss:3.3414 train_time:255530ms step_avg:185.84ms
step:1376/1680 train_time:255684ms step_avg:185.82ms
step:1377/1680 train_time:255845ms step_avg:185.80ms
step:1378/1680 train_time:256031ms step_avg:185.80ms
step:1379/1680 train_time:256218ms step_avg:185.80ms
step:1380/1680 train_time:256403ms step_avg:185.80ms
step:1381/1680 train_time:256590ms step_avg:185.80ms
step:1382/1680 train_time:256775ms step_avg:185.80ms
step:1383/1680 train_time:256959ms step_avg:185.80ms
step:1384/1680 train_time:257145ms step_avg:185.80ms
step:1385/1680 train_time:257331ms step_avg:185.80ms
step:1386/1680 train_time:257518ms step_avg:185.80ms
step:1387/1680 train_time:257703ms step_avg:185.80ms
step:1388/1680 train_time:257889ms step_avg:185.80ms
step:1389/1680 train_time:258076ms step_avg:185.80ms
step:1390/1680 train_time:258263ms step_avg:185.80ms
step:1391/1680 train_time:258449ms step_avg:185.80ms
step:1392/1680 train_time:258636ms step_avg:185.80ms
step:1393/1680 train_time:258821ms step_avg:185.80ms
step:1394/1680 train_time:259008ms step_avg:185.80ms
step:1395/1680 train_time:259194ms step_avg:185.80ms
step:1396/1680 train_time:259380ms step_avg:185.80ms
step:1397/1680 train_time:259579ms step_avg:185.81ms
step:1398/1680 train_time:259765ms step_avg:185.81ms
step:1399/1680 train_time:259941ms step_avg:185.81ms
step:1400/1680 train_time:260128ms step_avg:185.81ms
step:1401/1680 train_time:260316ms step_avg:185.81ms
step:1402/1680 train_time:260504ms step_avg:185.81ms
step:1403/1680 train_time:260690ms step_avg:185.81ms
step:1404/1680 train_time:260879ms step_avg:185.81ms
step:1405/1680 train_time:261063ms step_avg:185.81ms
step:1406/1680 train_time:261247ms step_avg:185.81ms
step:1407/1680 train_time:261436ms step_avg:185.81ms
step:1408/1680 train_time:261626ms step_avg:185.81ms
step:1409/1680 train_time:261811ms step_avg:185.81ms
step:1410/1680 train_time:262006ms step_avg:185.82ms
step:1411/1680 train_time:262196ms step_avg:185.82ms
step:1412/1680 train_time:262364ms step_avg:185.81ms
step:1413/1680 train_time:262552ms step_avg:185.81ms
step:1414/1680 train_time:262737ms step_avg:185.81ms
step:1415/1680 train_time:262923ms step_avg:185.81ms
step:1416/1680 train_time:263109ms step_avg:185.81ms
step:1417/1680 train_time:263295ms step_avg:185.81ms
step:1418/1680 train_time:263482ms step_avg:185.81ms
step:1419/1680 train_time:263667ms step_avg:185.81ms
step:1420/1680 train_time:263853ms step_avg:185.81ms
step:1421/1680 train_time:264040ms step_avg:185.81ms
step:1422/1680 train_time:264227ms step_avg:185.81ms
step:1423/1680 train_time:264413ms step_avg:185.81ms
step:1424/1680 train_time:264603ms step_avg:185.82ms
step:1425/1680 train_time:264787ms step_avg:185.82ms
step:1426/1680 train_time:264973ms step_avg:185.82ms
step:1427/1680 train_time:265169ms step_avg:185.82ms
step:1428/1680 train_time:265352ms step_avg:185.82ms
step:1429/1680 train_time:265537ms step_avg:185.82ms
step:1430/1680 train_time:265724ms step_avg:185.82ms
step:1431/1680 train_time:265912ms step_avg:185.82ms
step:1432/1680 train_time:266100ms step_avg:185.82ms
step:1433/1680 train_time:266285ms step_avg:185.82ms
step:1434/1680 train_time:266472ms step_avg:185.82ms
step:1435/1680 train_time:266658ms step_avg:185.82ms
step:1436/1680 train_time:266845ms step_avg:185.83ms
step:1437/1680 train_time:267034ms step_avg:185.83ms
step:1438/1680 train_time:267219ms step_avg:185.83ms
step:1439/1680 train_time:267412ms step_avg:185.83ms
step:1440/1680 train_time:267592ms step_avg:185.83ms
step:1441/1680 train_time:267779ms step_avg:185.83ms
step:1442/1680 train_time:267966ms step_avg:185.83ms
step:1443/1680 train_time:268151ms step_avg:185.83ms
step:1444/1680 train_time:268337ms step_avg:185.83ms
step:1445/1680 train_time:268532ms step_avg:185.84ms
step:1446/1680 train_time:268711ms step_avg:185.83ms
step:1447/1680 train_time:268897ms step_avg:185.83ms
step:1448/1680 train_time:269085ms step_avg:185.83ms
step:1449/1680 train_time:269277ms step_avg:185.84ms
step:1450/1680 train_time:269462ms step_avg:185.84ms
step:1451/1680 train_time:269649ms step_avg:185.84ms
step:1452/1680 train_time:269835ms step_avg:185.84ms
step:1453/1680 train_time:270025ms step_avg:185.84ms
step:1454/1680 train_time:270209ms step_avg:185.84ms
step:1455/1680 train_time:270395ms step_avg:185.84ms
step:1456/1680 train_time:270584ms step_avg:185.84ms
step:1457/1680 train_time:270769ms step_avg:185.84ms
step:1458/1680 train_time:270954ms step_avg:185.84ms
step:1459/1680 train_time:271142ms step_avg:185.84ms
step:1460/1680 train_time:271329ms step_avg:185.84ms
step:1461/1680 train_time:271515ms step_avg:185.84ms
step:1462/1680 train_time:271704ms step_avg:185.84ms
step:1463/1680 train_time:271887ms step_avg:185.84ms
step:1464/1680 train_time:272074ms step_avg:185.84ms
step:1465/1680 train_time:272261ms step_avg:185.84ms
step:1466/1680 train_time:272448ms step_avg:185.84ms
step:1467/1680 train_time:272640ms step_avg:185.85ms
step:1468/1680 train_time:272823ms step_avg:185.85ms
step:1469/1680 train_time:273014ms step_avg:185.85ms
step:1470/1680 train_time:273195ms step_avg:185.85ms
step:1471/1680 train_time:273380ms step_avg:185.85ms
step:1472/1680 train_time:273576ms step_avg:185.85ms
step:1473/1680 train_time:273761ms step_avg:185.85ms
step:1474/1680 train_time:273943ms step_avg:185.85ms
step:1475/1680 train_time:274128ms step_avg:185.85ms
step:1476/1680 train_time:274316ms step_avg:185.85ms
step:1477/1680 train_time:274496ms step_avg:185.85ms
step:1478/1680 train_time:274680ms step_avg:185.85ms
step:1479/1680 train_time:274866ms step_avg:185.85ms
step:1480/1680 train_time:275053ms step_avg:185.85ms
step:1481/1680 train_time:275242ms step_avg:185.85ms
step:1482/1680 train_time:275429ms step_avg:185.85ms
step:1483/1680 train_time:275612ms step_avg:185.85ms
step:1484/1680 train_time:275798ms step_avg:185.85ms
step:1485/1680 train_time:275983ms step_avg:185.85ms
step:1486/1680 train_time:276170ms step_avg:185.85ms
step:1487/1680 train_time:276361ms step_avg:185.85ms
step:1488/1680 train_time:276547ms step_avg:185.85ms
step:1489/1680 train_time:276730ms step_avg:185.85ms
step:1490/1680 train_time:276921ms step_avg:185.85ms
step:1491/1680 train_time:277104ms step_avg:185.85ms
step:1492/1680 train_time:277289ms step_avg:185.85ms
step:1493/1680 train_time:277476ms step_avg:185.85ms
step:1494/1680 train_time:277665ms step_avg:185.85ms
step:1495/1680 train_time:277852ms step_avg:185.85ms
step:1496/1680 train_time:278041ms step_avg:185.86ms
step:1497/1680 train_time:278225ms step_avg:185.86ms
step:1498/1680 train_time:278416ms step_avg:185.86ms
step:1499/1680 train_time:278603ms step_avg:185.86ms
step:1500/1680 train_time:278788ms step_avg:185.86ms
step:1500/1680 val_loss:3.3105 train_time:278920ms step_avg:185.95ms
step:1501/1680 train_time:279077ms step_avg:185.93ms
step:1502/1680 train_time:279233ms step_avg:185.91ms
step:1503/1680 train_time:279419ms step_avg:185.91ms
step:1504/1680 train_time:279607ms step_avg:185.91ms
step:1505/1680 train_time:279792ms step_avg:185.91ms
step:1506/1680 train_time:279978ms step_avg:185.91ms
step:1507/1680 train_time:280166ms step_avg:185.91ms
step:1508/1680 train_time:280353ms step_avg:185.91ms
step:1509/1680 train_time:280540ms step_avg:185.91ms
step:1510/1680 train_time:280728ms step_avg:185.91ms
step:1511/1680 train_time:280914ms step_avg:185.91ms
step:1512/1680 train_time:281099ms step_avg:185.91ms
step:1513/1680 train_time:281286ms step_avg:185.91ms
step:1514/1680 train_time:281471ms step_avg:185.91ms
step:1515/1680 train_time:281659ms step_avg:185.91ms
step:1516/1680 train_time:281845ms step_avg:185.91ms
step:1517/1680 train_time:282030ms step_avg:185.91ms
step:1518/1680 train_time:282217ms step_avg:185.91ms
step:1519/1680 train_time:282404ms step_avg:185.91ms
step:1520/1680 train_time:282592ms step_avg:185.92ms
step:1521/1680 train_time:282779ms step_avg:185.92ms
step:1522/1680 train_time:282963ms step_avg:185.92ms
step:1523/1680 train_time:283155ms step_avg:185.92ms
step:1524/1680 train_time:283340ms step_avg:185.92ms
step:1525/1680 train_time:283525ms step_avg:185.92ms
step:1526/1680 train_time:283712ms step_avg:185.92ms
step:1527/1680 train_time:283903ms step_avg:185.92ms
step:1528/1680 train_time:284089ms step_avg:185.92ms
step:1529/1680 train_time:284275ms step_avg:185.92ms
step:1530/1680 train_time:284462ms step_avg:185.92ms
step:1531/1680 train_time:284648ms step_avg:185.92ms
step:1532/1680 train_time:284835ms step_avg:185.92ms
step:1533/1680 train_time:285027ms step_avg:185.93ms
step:1534/1680 train_time:285214ms step_avg:185.93ms
step:1535/1680 train_time:285398ms step_avg:185.93ms
step:1536/1680 train_time:285583ms step_avg:185.93ms
step:1537/1680 train_time:285770ms step_avg:185.93ms
step:1538/1680 train_time:285960ms step_avg:185.93ms
step:1539/1680 train_time:286147ms step_avg:185.93ms
step:1540/1680 train_time:286325ms step_avg:185.93ms
step:1541/1680 train_time:286511ms step_avg:185.93ms
step:1542/1680 train_time:286700ms step_avg:185.93ms
step:1543/1680 train_time:286886ms step_avg:185.93ms
step:1544/1680 train_time:287071ms step_avg:185.93ms
step:1545/1680 train_time:287257ms step_avg:185.93ms
step:1546/1680 train_time:287444ms step_avg:185.93ms
step:1547/1680 train_time:287631ms step_avg:185.93ms
step:1548/1680 train_time:287819ms step_avg:185.93ms
step:1549/1680 train_time:288006ms step_avg:185.93ms
step:1550/1680 train_time:288193ms step_avg:185.93ms
step:1551/1680 train_time:288381ms step_avg:185.93ms
step:1552/1680 train_time:288566ms step_avg:185.93ms
step:1553/1680 train_time:288751ms step_avg:185.93ms
step:1554/1680 train_time:288937ms step_avg:185.93ms
step:1555/1680 train_time:289124ms step_avg:185.93ms
step:1556/1680 train_time:289312ms step_avg:185.93ms
step:1557/1680 train_time:289500ms step_avg:185.93ms
step:1558/1680 train_time:289685ms step_avg:185.93ms
step:1559/1680 train_time:289871ms step_avg:185.93ms
step:1560/1680 train_time:290057ms step_avg:185.93ms
step:1561/1680 train_time:290244ms step_avg:185.93ms
step:1562/1680 train_time:290430ms step_avg:185.93ms
step:1563/1680 train_time:290616ms step_avg:185.93ms
step:1564/1680 train_time:290803ms step_avg:185.94ms
step:1565/1680 train_time:290989ms step_avg:185.94ms
step:1566/1680 train_time:291175ms step_avg:185.94ms
step:1567/1680 train_time:291361ms step_avg:185.94ms
step:1568/1680 train_time:291547ms step_avg:185.94ms
step:1569/1680 train_time:291736ms step_avg:185.94ms
step:1570/1680 train_time:291922ms step_avg:185.94ms
step:1571/1680 train_time:292105ms step_avg:185.94ms
step:1572/1680 train_time:292291ms step_avg:185.94ms
step:1573/1680 train_time:292478ms step_avg:185.94ms
step:1574/1680 train_time:292666ms step_avg:185.94ms
step:1575/1680 train_time:292860ms step_avg:185.94ms
step:1576/1680 train_time:293038ms step_avg:185.94ms
step:1577/1680 train_time:293225ms step_avg:185.94ms
step:1578/1680 train_time:293417ms step_avg:185.94ms
step:1579/1680 train_time:293614ms step_avg:185.95ms
step:1580/1680 train_time:293800ms step_avg:185.95ms
step:1581/1680 train_time:293972ms step_avg:185.94ms
step:1582/1680 train_time:294158ms step_avg:185.94ms
step:1583/1680 train_time:294345ms step_avg:185.94ms
step:1584/1680 train_time:294534ms step_avg:185.94ms
step:1585/1680 train_time:294722ms step_avg:185.94ms
step:1586/1680 train_time:294904ms step_avg:185.94ms
step:1587/1680 train_time:295090ms step_avg:185.94ms
step:1588/1680 train_time:295275ms step_avg:185.94ms
step:1589/1680 train_time:295464ms step_avg:185.94ms
step:1590/1680 train_time:295649ms step_avg:185.94ms
step:1591/1680 train_time:295837ms step_avg:185.94ms
step:1592/1680 train_time:296023ms step_avg:185.94ms
step:1593/1680 train_time:296209ms step_avg:185.94ms
step:1594/1680 train_time:296398ms step_avg:185.95ms
step:1595/1680 train_time:296583ms step_avg:185.95ms
step:1596/1680 train_time:296771ms step_avg:185.95ms
step:1597/1680 train_time:296957ms step_avg:185.95ms
step:1598/1680 train_time:297144ms step_avg:185.95ms
step:1599/1680 train_time:297330ms step_avg:185.95ms
step:1600/1680 train_time:297517ms step_avg:185.95ms
step:1601/1680 train_time:297710ms step_avg:185.95ms
step:1602/1680 train_time:297897ms step_avg:185.95ms
step:1603/1680 train_time:298083ms step_avg:185.95ms
step:1604/1680 train_time:298270ms step_avg:185.95ms
step:1605/1680 train_time:298453ms step_avg:185.95ms
step:1606/1680 train_time:298639ms step_avg:185.95ms
step:1607/1680 train_time:298827ms step_avg:185.95ms
step:1608/1680 train_time:299011ms step_avg:185.95ms
step:1609/1680 train_time:299198ms step_avg:185.95ms
step:1610/1680 train_time:299385ms step_avg:185.95ms
step:1611/1680 train_time:299573ms step_avg:185.95ms
step:1612/1680 train_time:299759ms step_avg:185.95ms
step:1613/1680 train_time:299947ms step_avg:185.96ms
step:1614/1680 train_time:300132ms step_avg:185.96ms
step:1615/1680 train_time:300318ms step_avg:185.96ms
step:1616/1680 train_time:300504ms step_avg:185.96ms
step:1617/1680 train_time:300691ms step_avg:185.96ms
step:1618/1680 train_time:300879ms step_avg:185.96ms
step:1619/1680 train_time:301065ms step_avg:185.96ms
step:1620/1680 train_time:301251ms step_avg:185.96ms
step:1621/1680 train_time:301443ms step_avg:185.96ms
step:1622/1680 train_time:301628ms step_avg:185.96ms
step:1623/1680 train_time:301817ms step_avg:185.96ms
step:1624/1680 train_time:302003ms step_avg:185.96ms
step:1625/1680 train_time:302194ms step_avg:185.97ms
step:1625/1680 val_loss:3.2871 train_time:302318ms step_avg:186.04ms
step:1626/1680 train_time:302476ms step_avg:186.02ms
step:1627/1680 train_time:302647ms step_avg:186.02ms
step:1628/1680 train_time:302837ms step_avg:186.02ms
step:1629/1680 train_time:303023ms step_avg:186.02ms
step:1630/1680 train_time:303210ms step_avg:186.02ms
step:1631/1680 train_time:303396ms step_avg:186.02ms
step:1632/1680 train_time:303583ms step_avg:186.02ms
step:1633/1680 train_time:303769ms step_avg:186.02ms
step:1634/1680 train_time:303963ms step_avg:186.02ms
step:1635/1680 train_time:304151ms step_avg:186.03ms
step:1636/1680 train_time:304337ms step_avg:186.02ms
step:1637/1680 train_time:304522ms step_avg:186.02ms
step:1638/1680 train_time:304709ms step_avg:186.03ms
step:1639/1680 train_time:304896ms step_avg:186.03ms
step:1640/1680 train_time:305082ms step_avg:186.03ms
step:1641/1680 train_time:305272ms step_avg:186.03ms
step:1642/1680 train_time:305457ms step_avg:186.03ms
step:1643/1680 train_time:305644ms step_avg:186.03ms
step:1644/1680 train_time:305838ms step_avg:186.03ms
step:1645/1680 train_time:306024ms step_avg:186.03ms
step:1646/1680 train_time:306205ms step_avg:186.03ms
step:1647/1680 train_time:306395ms step_avg:186.03ms
step:1648/1680 train_time:306578ms step_avg:186.03ms
step:1649/1680 train_time:306774ms step_avg:186.04ms
step:1650/1680 train_time:306958ms step_avg:186.04ms
step:1651/1680 train_time:307147ms step_avg:186.04ms
step:1652/1680 train_time:307335ms step_avg:186.04ms
step:1653/1680 train_time:307519ms step_avg:186.04ms
step:1654/1680 train_time:307706ms step_avg:186.04ms
step:1655/1680 train_time:307893ms step_avg:186.04ms
step:1656/1680 train_time:308086ms step_avg:186.04ms
step:1657/1680 train_time:308266ms step_avg:186.04ms
step:1658/1680 train_time:308455ms step_avg:186.04ms
step:1659/1680 train_time:308643ms step_avg:186.04ms
step:1660/1680 train_time:308828ms step_avg:186.04ms
step:1661/1680 train_time:309015ms step_avg:186.04ms
step:1662/1680 train_time:309202ms step_avg:186.04ms
step:1663/1680 train_time:309391ms step_avg:186.04ms
step:1664/1680 train_time:309579ms step_avg:186.05ms
step:1665/1680 train_time:309767ms step_avg:186.05ms
step:1666/1680 train_time:309955ms step_avg:186.05ms
step:1667/1680 train_time:310141ms step_avg:186.05ms
step:1668/1680 train_time:310327ms step_avg:186.05ms
step:1669/1680 train_time:310512ms step_avg:186.05ms
step:1670/1680 train_time:310698ms step_avg:186.05ms
step:1671/1680 train_time:310883ms step_avg:186.05ms
step:1672/1680 train_time:311070ms step_avg:186.05ms
step:1673/1680 train_time:311259ms step_avg:186.05ms
step:1674/1680 train_time:311450ms step_avg:186.05ms
step:1675/1680 train_time:311646ms step_avg:186.06ms
step:1676/1680 train_time:311828ms step_avg:186.05ms
step:1677/1680 train_time:312016ms step_avg:186.06ms
step:1678/1680 train_time:312199ms step_avg:186.05ms
step:1679/1680 train_time:312389ms step_avg:186.06ms
step:1680/1680 train_time:312573ms step_avg:186.06ms
step:1680/1680 val_loss:3.2771 train_time:312704ms step_avg:186.13ms
peak memory allocated: 40535 MiB reserved: 55904 MiB
total training time: 312.70s (312704ms)
