====================================================================================================
Running Python 3.10.19 (main, Oct 21 2025, 16:38:01) [GCC 11.2.0]
Running PyTorch 2.7.1+cpu
+------------------------------------------------------------------------------------------------+
| npu-smi 25.5.2                   Version: 25.5.2                                               |
+---------------------------+---------------+----------------------------------------------------+
| NPU   Name                | Health        | Power(W)    Temp(C)           Hugepages-Usage(page)|
| Chip  Phy-ID              | Bus-Id        | AICore(%)   Memory-Usage(MB)  HBM-Usage(MB)        |
+===========================+===============+====================================================+
| 0     Ascend910           | OK            | 162.4       41                0    / 0             |
| 0     0                   | 0000:9D:00.0  | 0           0    / 0          4473 / 65536         |
+------------------------------------------------------------------------------------------------+
| 0     Ascend910           | OK            | -           40                0    / 0             |
| 1     1                   | 0000:9F:00.0  | 0           0    / 0          3291 / 65536         |
+===========================+===============+====================================================+
| 1     Ascend910           | OK            | 162.6       41                0    / 0             |
| 0     2                   | 0000:99:00.0  | 0           0    / 0          3526 / 65536         |
+------------------------------------------------------------------------------------------------+
| 1     Ascend910           | OK            | -           41                0    / 0             |
| 1     3                   | 0000:9B:00.0  | 0           0    / 0          3292 / 65536         |
+===========================+===============+====================================================+
| 2     Ascend910           | OK            | 160.7       43                0    / 0             |
| 0     4                   | 0000:95:00.0  | 0           0    / 0          3537 / 65536         |
+------------------------------------------------------------------------------------------------+
| 2     Ascend910           | OK            | -           43                0    / 0             |
| 1     5                   | 0000:97:00.0  | 0           0    / 0          3281 / 65536         |
+===========================+===============+====================================================+
| 3     Ascend910           | OK            | 160.6       41                0    / 0             |
| 0     6                   | 0000:91:00.0  | 0           0    / 0          3527 / 65536         |
+------------------------------------------------------------------------------------------------+
| 3     Ascend910           | OK            | -           43                0    / 0             |
| 1     7                   | 0000:93:00.0  | 0           0    / 0          3293 / 65536         |
+===========================+===============+====================================================+
| 4     Ascend910           | OK            | 167.6       40                0    / 0             |
| 0     8                   | 0000:8D:00.0  | 0           0    / 0          3535 / 65536         |
+------------------------------------------------------------------------------------------------+
| 4     Ascend910           | OK            | -           40                0    / 0             |
| 1     9                   | 0000:8F:00.0  | 0           0    / 0          3283 / 65536         |
+===========================+===============+====================================================+
| 5     Ascend910           | OK            | 166.3       41                0    / 0             |
| 0     10                  | 0000:89:00.0  | 0           0    / 0          3537 / 65536         |
+------------------------------------------------------------------------------------------------+
| 5     Ascend910           | OK            | -           39                0    / 0             |
| 1     11                  | 0000:8B:00.0  | 0           0    / 0          3281 / 65536         |
+===========================+===============+====================================================+
| 6     Ascend910           | OK            | 166.5       41                0    / 0             |
| 0     12                  | 0000:85:00.0  | 0           0    / 0          3536 / 65536         |
+------------------------------------------------------------------------------------------------+
| 6     Ascend910           | OK            | -           43                0    / 0             |
| 1     13                  | 0000:87:00.0  | 0           0    / 0          3281 / 65536         |
+===========================+===============+====================================================+
| 7     Ascend910           | OK            | 167.8       44                0    / 0             |
| 0     14                  | 0000:81:00.0  | 0           0    / 0          3537 / 65536         |
+------------------------------------------------------------------------------------------------+
| 7     Ascend910           | OK            | -           43                0    / 0             |
| 1     15                  | 0000:83:00.0  | 0           0    / 0          3281 / 65536         |
+===========================+===============+====================================================+
+---------------------------+---------------+----------------------------------------------------+
| NPU     Chip              | Process id    | Process name             | Process memory(MB)      |
+===========================+===============+====================================================+
| 0       0                 | 1221739       | python3.10               | 116                     |
| 0       0                 | 1221740       | python3.10               | 116                     |
| 0       0                 | 1221729       | python3.10               | 455                     |
| 0       0                 | 1221730       | python3.10               | 116                     |
| 0       0                 | 1221731       | python3.10               | 116                     |
| 0       0                 | 1221741       | python3.10               | 116                     |
| 0       0                 | 1221742       | python3.10               | 116                     |
| 0       0                 | 1221732       | python3.10               | 116                     |
| 0       1                 | 1221730       | python3.10               | 455                     |
+===========================+===============+====================================================+
| 1       0                 | 1221731       | python3.10               | 455                     |
| 1       1                 | 1221732       | python3.10               | 455                     |
+===========================+===============+====================================================+
| 2       0                 | 1221733       | python3.10               | 455                     |
| 2       1                 | 1221734       | python3.10               | 455                     |
+===========================+===============+====================================================+
| 3       0                 | 1221735       | python3.10               | 455                     |
| 3       1                 | 1221736       | python3.10               | 455                     |
+===========================+===============+====================================================+
| 4       0                 | 1221737       | python3.10               | 455                     |
| 4       1                 | 1221738       | python3.10               | 455                     |
+===========================+===============+====================================================+
| 5       0                 | 1221739       | python3.10               | 455                     |
| 5       1                 | 1221740       | python3.10               | 455                     |
+===========================+===============+====================================================+
| 6       0                 | 1221741       | python3.10               | 455                     |
| 6       1                 | 1221742       | python3.10               | 455                     |
+===========================+===============+====================================================+
| 7       0                 | 1221743       | python3.10               | 455                     |
| 7       1                 | 1221744       | python3.10               | 455                     |
+===========================+===============+====================================================+

====================================================================================================
Grad accumulation steps: 1
Val steps: 10
Train batch tokens: 524288
====================================================================================================
step:0/1490 val_loss:10.8258 train_time:0ms step_avg:nanms
step:1/1490 train_time:23958ms step_avg:nanms
step:2/1490 train_time:24349ms step_avg:nanms
step:3/1490 train_time:24649ms step_avg:nanms
step:4/1490 train_time:24950ms step_avg:nanms
step:5/1490 train_time:25246ms step_avg:nanms
step:6/1490 train_time:25548ms step_avg:nanms
step:7/1490 train_time:25860ms step_avg:nanms
step:8/1490 train_time:26153ms step_avg:nanms
step:9/1490 train_time:26454ms step_avg:nanms
step:10/1490 train_time:26754ms step_avg:nanms
step:11/1490 train_time:298ms step_avg:nanms
step:12/1490 train_time:601ms step_avg:nanms
step:13/1490 train_time:910ms step_avg:303.21ms
step:14/1490 train_time:1208ms step_avg:302.07ms
step:15/1490 train_time:1501ms step_avg:300.23ms
step:16/1490 train_time:1805ms step_avg:300.78ms
step:17/1490 train_time:2105ms step_avg:300.65ms
step:18/1490 train_time:2405ms step_avg:300.60ms
step:19/1490 train_time:2702ms step_avg:300.20ms
step:20/1490 train_time:2997ms step_avg:299.72ms
step:21/1490 train_time:3296ms step_avg:299.66ms
step:22/1490 train_time:3596ms step_avg:299.68ms
step:23/1490 train_time:3892ms step_avg:299.38ms
step:24/1490 train_time:4194ms step_avg:299.54ms
step:25/1490 train_time:4509ms step_avg:300.59ms
step:26/1490 train_time:4808ms step_avg:300.49ms
step:27/1490 train_time:5103ms step_avg:300.20ms
step:28/1490 train_time:5403ms step_avg:300.19ms
step:29/1490 train_time:5706ms step_avg:300.29ms
step:30/1490 train_time:6000ms step_avg:299.99ms
step:31/1490 train_time:6295ms step_avg:299.74ms
step:32/1490 train_time:6597ms step_avg:299.86ms
step:33/1490 train_time:6897ms step_avg:299.86ms
step:34/1490 train_time:7196ms step_avg:299.83ms
step:35/1490 train_time:7498ms step_avg:299.94ms
step:36/1490 train_time:7796ms step_avg:299.86ms
step:37/1490 train_time:8093ms step_avg:299.73ms
step:38/1490 train_time:8388ms step_avg:299.58ms
step:39/1490 train_time:8689ms step_avg:299.63ms
step:40/1490 train_time:8991ms step_avg:299.71ms
step:41/1490 train_time:9288ms step_avg:299.62ms
step:42/1490 train_time:9585ms step_avg:299.54ms
step:43/1490 train_time:9887ms step_avg:299.61ms
step:44/1490 train_time:10187ms step_avg:299.61ms
step:45/1490 train_time:10486ms step_avg:299.61ms
step:46/1490 train_time:10781ms step_avg:299.47ms
step:47/1490 train_time:11085ms step_avg:299.60ms
step:48/1490 train_time:11385ms step_avg:299.61ms
step:49/1490 train_time:11688ms step_avg:299.70ms
step:50/1490 train_time:11990ms step_avg:299.75ms
step:51/1490 train_time:12286ms step_avg:299.67ms
step:52/1490 train_time:12584ms step_avg:299.62ms
step:53/1490 train_time:12886ms step_avg:299.69ms
step:54/1490 train_time:13184ms step_avg:299.65ms
step:55/1490 train_time:13482ms step_avg:299.60ms
step:56/1490 train_time:13785ms step_avg:299.68ms
step:57/1490 train_time:14086ms step_avg:299.71ms
step:58/1490 train_time:14385ms step_avg:299.68ms
step:59/1490 train_time:14681ms step_avg:299.62ms
step:60/1490 train_time:14979ms step_avg:299.58ms
step:61/1490 train_time:15281ms step_avg:299.62ms
step:62/1490 train_time:15582ms step_avg:299.65ms
step:63/1490 train_time:15892ms step_avg:299.86ms
step:64/1490 train_time:16196ms step_avg:299.93ms
step:65/1490 train_time:16496ms step_avg:299.94ms
step:66/1490 train_time:16801ms step_avg:300.02ms
step:67/1490 train_time:17098ms step_avg:299.96ms
step:68/1490 train_time:17399ms step_avg:299.99ms
step:69/1490 train_time:17702ms step_avg:300.04ms
step:70/1490 train_time:18000ms step_avg:300.00ms
step:71/1490 train_time:18295ms step_avg:299.93ms
step:72/1490 train_time:18594ms step_avg:299.91ms
step:73/1490 train_time:18897ms step_avg:299.95ms
step:74/1490 train_time:19198ms step_avg:299.96ms
step:75/1490 train_time:19501ms step_avg:300.02ms
step:76/1490 train_time:19796ms step_avg:299.94ms
step:77/1490 train_time:20092ms step_avg:299.88ms
step:78/1490 train_time:20395ms step_avg:299.93ms
step:79/1490 train_time:20694ms step_avg:299.92ms
step:80/1490 train_time:20996ms step_avg:299.94ms
step:81/1490 train_time:21302ms step_avg:300.03ms
step:82/1490 train_time:21603ms step_avg:300.04ms
step:83/1490 train_time:21899ms step_avg:299.99ms
step:84/1490 train_time:22205ms step_avg:300.06ms
step:85/1490 train_time:22502ms step_avg:300.03ms
step:86/1490 train_time:22802ms step_avg:300.02ms
step:87/1490 train_time:23097ms step_avg:299.96ms
step:88/1490 train_time:23395ms step_avg:299.93ms
step:89/1490 train_time:23694ms step_avg:299.92ms
step:90/1490 train_time:23993ms step_avg:299.92ms
step:91/1490 train_time:24299ms step_avg:299.98ms
step:92/1490 train_time:24601ms step_avg:300.01ms
step:93/1490 train_time:24901ms step_avg:300.01ms
step:94/1490 train_time:25201ms step_avg:300.02ms
step:95/1490 train_time:25501ms step_avg:300.01ms
step:96/1490 train_time:25798ms step_avg:299.98ms
step:97/1490 train_time:26097ms step_avg:299.97ms
step:98/1490 train_time:26394ms step_avg:299.93ms
step:99/1490 train_time:26693ms step_avg:299.92ms
step:100/1490 train_time:26992ms step_avg:299.91ms
step:101/1490 train_time:27292ms step_avg:299.91ms
step:102/1490 train_time:27590ms step_avg:299.89ms
step:103/1490 train_time:27890ms step_avg:299.89ms
step:104/1490 train_time:28188ms step_avg:299.87ms
step:105/1490 train_time:28491ms step_avg:299.91ms
step:106/1490 train_time:28789ms step_avg:299.88ms
step:107/1490 train_time:29085ms step_avg:299.84ms
step:108/1490 train_time:29383ms step_avg:299.83ms
step:109/1490 train_time:29683ms step_avg:299.83ms
step:110/1490 train_time:29982ms step_avg:299.82ms
step:111/1490 train_time:30281ms step_avg:299.81ms
step:112/1490 train_time:30582ms step_avg:299.83ms
step:113/1490 train_time:30880ms step_avg:299.80ms
step:114/1490 train_time:31176ms step_avg:299.77ms
step:115/1490 train_time:31476ms step_avg:299.77ms
step:116/1490 train_time:31772ms step_avg:299.74ms
step:117/1490 train_time:32074ms step_avg:299.76ms
step:118/1490 train_time:32371ms step_avg:299.73ms
step:119/1490 train_time:32671ms step_avg:299.73ms
step:120/1490 train_time:32974ms step_avg:299.77ms
step:121/1490 train_time:33273ms step_avg:299.75ms
step:122/1490 train_time:33573ms step_avg:299.76ms
step:123/1490 train_time:33873ms step_avg:299.76ms
step:124/1490 train_time:34171ms step_avg:299.75ms
step:125/1490 train_time:34472ms step_avg:299.75ms
step:125/1490 val_loss:4.3861 train_time:34476ms step_avg:299.79ms
step:126/1490 train_time:34895ms step_avg:300.82ms
step:127/1490 train_time:35192ms step_avg:300.79ms
step:128/1490 train_time:35495ms step_avg:300.81ms
step:129/1490 train_time:35791ms step_avg:300.76ms
step:130/1490 train_time:36090ms step_avg:300.75ms
step:131/1490 train_time:36390ms step_avg:300.74ms
step:132/1490 train_time:36685ms step_avg:300.70ms
step:133/1490 train_time:36986ms step_avg:300.70ms
step:134/1490 train_time:37284ms step_avg:300.68ms
step:135/1490 train_time:37586ms step_avg:300.68ms
step:136/1490 train_time:37881ms step_avg:300.64ms
step:137/1490 train_time:38179ms step_avg:300.62ms
step:138/1490 train_time:38480ms step_avg:300.63ms
step:139/1490 train_time:38778ms step_avg:300.61ms
step:140/1490 train_time:39079ms step_avg:300.61ms
step:141/1490 train_time:39375ms step_avg:300.57ms
step:142/1490 train_time:39674ms step_avg:300.56ms
step:143/1490 train_time:39972ms step_avg:300.54ms
step:144/1490 train_time:40272ms step_avg:300.54ms
step:145/1490 train_time:40575ms step_avg:300.56ms
step:146/1490 train_time:40874ms step_avg:300.55ms
step:147/1490 train_time:41169ms step_avg:300.50ms
step:148/1490 train_time:41468ms step_avg:300.49ms
step:149/1490 train_time:41765ms step_avg:300.47ms
step:150/1490 train_time:42062ms step_avg:300.44ms
step:151/1490 train_time:42358ms step_avg:300.41ms
step:152/1490 train_time:42660ms step_avg:300.42ms
step:153/1490 train_time:42961ms step_avg:300.43ms
step:154/1490 train_time:43252ms step_avg:300.36ms
step:155/1490 train_time:43551ms step_avg:300.35ms
step:156/1490 train_time:43849ms step_avg:300.33ms
step:157/1490 train_time:44147ms step_avg:300.32ms
step:158/1490 train_time:44442ms step_avg:300.28ms
step:159/1490 train_time:44742ms step_avg:300.28ms
step:160/1490 train_time:45041ms step_avg:300.27ms
step:161/1490 train_time:45341ms step_avg:300.27ms
step:162/1490 train_time:45638ms step_avg:300.25ms
step:163/1490 train_time:45940ms step_avg:300.26ms
step:164/1490 train_time:46238ms step_avg:300.25ms
step:165/1490 train_time:46536ms step_avg:300.23ms
step:166/1490 train_time:46833ms step_avg:300.21ms
step:167/1490 train_time:47128ms step_avg:300.18ms
step:168/1490 train_time:47427ms step_avg:300.17ms
step:169/1490 train_time:47729ms step_avg:300.18ms
step:170/1490 train_time:48034ms step_avg:300.21ms
step:171/1490 train_time:48333ms step_avg:300.21ms
step:172/1490 train_time:48629ms step_avg:300.18ms
step:173/1490 train_time:48931ms step_avg:300.19ms
step:174/1490 train_time:49227ms step_avg:300.17ms
step:175/1490 train_time:49524ms step_avg:300.15ms
step:176/1490 train_time:49822ms step_avg:300.13ms
step:177/1490 train_time:50122ms step_avg:300.13ms
step:178/1490 train_time:50419ms step_avg:300.12ms
step:179/1490 train_time:50719ms step_avg:300.11ms
step:180/1490 train_time:51013ms step_avg:300.08ms
step:181/1490 train_time:51312ms step_avg:300.07ms
step:182/1490 train_time:51614ms step_avg:300.08ms
step:183/1490 train_time:51914ms step_avg:300.08ms
step:184/1490 train_time:52218ms step_avg:300.10ms
step:185/1490 train_time:52515ms step_avg:300.09ms
step:186/1490 train_time:52812ms step_avg:300.07ms
step:187/1490 train_time:53116ms step_avg:300.09ms
step:188/1490 train_time:53415ms step_avg:300.08ms
step:189/1490 train_time:53714ms step_avg:300.08ms
step:190/1490 train_time:54014ms step_avg:300.08ms
step:191/1490 train_time:54307ms step_avg:300.04ms
step:192/1490 train_time:54606ms step_avg:300.03ms
step:193/1490 train_time:54904ms step_avg:300.02ms
step:194/1490 train_time:55204ms step_avg:300.02ms
step:195/1490 train_time:55505ms step_avg:300.02ms
step:196/1490 train_time:55804ms step_avg:300.02ms
step:197/1490 train_time:56105ms step_avg:300.03ms
step:198/1490 train_time:56400ms step_avg:300.00ms
step:199/1490 train_time:56696ms step_avg:299.98ms
step:200/1490 train_time:56999ms step_avg:300.00ms
step:201/1490 train_time:57304ms step_avg:300.02ms
step:202/1490 train_time:57607ms step_avg:300.03ms
step:203/1490 train_time:57908ms step_avg:300.04ms
step:204/1490 train_time:58208ms step_avg:300.04ms
step:205/1490 train_time:58507ms step_avg:300.04ms
step:206/1490 train_time:58809ms step_avg:300.05ms
step:207/1490 train_time:59107ms step_avg:300.04ms
step:208/1490 train_time:59407ms step_avg:300.04ms
step:209/1490 train_time:59705ms step_avg:300.02ms
step:210/1490 train_time:60004ms step_avg:300.02ms
step:211/1490 train_time:60306ms step_avg:300.03ms
step:212/1490 train_time:60604ms step_avg:300.02ms
step:213/1490 train_time:60905ms step_avg:300.03ms
step:214/1490 train_time:61208ms step_avg:300.04ms
step:215/1490 train_time:61509ms step_avg:300.05ms
step:216/1490 train_time:61808ms step_avg:300.04ms
step:217/1490 train_time:62107ms step_avg:300.03ms
step:218/1490 train_time:62404ms step_avg:300.02ms
step:219/1490 train_time:62703ms step_avg:300.01ms
step:220/1490 train_time:63001ms step_avg:300.01ms
step:221/1490 train_time:63300ms step_avg:300.00ms
step:222/1490 train_time:63598ms step_avg:299.99ms
step:223/1490 train_time:63904ms step_avg:300.02ms
step:224/1490 train_time:64203ms step_avg:300.02ms
step:225/1490 train_time:64504ms step_avg:300.02ms
step:226/1490 train_time:64801ms step_avg:300.01ms
step:227/1490 train_time:65102ms step_avg:300.01ms
step:228/1490 train_time:65404ms step_avg:300.02ms
step:229/1490 train_time:65707ms step_avg:300.03ms
step:230/1490 train_time:66009ms step_avg:300.04ms
step:231/1490 train_time:66309ms step_avg:300.04ms
step:232/1490 train_time:66612ms step_avg:300.05ms
step:233/1490 train_time:66914ms step_avg:300.06ms
step:234/1490 train_time:67215ms step_avg:300.07ms
step:235/1490 train_time:67517ms step_avg:300.08ms
step:236/1490 train_time:67821ms step_avg:300.09ms
step:237/1490 train_time:68124ms step_avg:300.10ms
step:238/1490 train_time:68426ms step_avg:300.11ms
step:239/1490 train_time:68728ms step_avg:300.12ms
step:240/1490 train_time:69031ms step_avg:300.14ms
step:241/1490 train_time:69335ms step_avg:300.15ms
step:242/1490 train_time:69639ms step_avg:300.17ms
step:243/1490 train_time:69940ms step_avg:300.17ms
step:244/1490 train_time:70238ms step_avg:300.16ms
step:245/1490 train_time:70550ms step_avg:300.21ms
step:246/1490 train_time:70850ms step_avg:300.21ms
step:247/1490 train_time:71152ms step_avg:300.22ms
step:248/1490 train_time:71452ms step_avg:300.22ms
step:249/1490 train_time:71755ms step_avg:300.23ms
step:250/1490 train_time:72067ms step_avg:300.28ms
step:250/1490 val_loss:3.9771 train_time:72071ms step_avg:300.30ms
step:251/1490 train_time:72546ms step_avg:301.02ms
step:252/1490 train_time:72848ms step_avg:301.02ms
step:253/1490 train_time:73150ms step_avg:301.03ms
step:254/1490 train_time:73453ms step_avg:301.04ms
step:255/1490 train_time:73758ms step_avg:301.05ms
step:256/1490 train_time:74071ms step_avg:301.10ms
step:257/1490 train_time:74376ms step_avg:301.12ms
step:258/1490 train_time:74681ms step_avg:301.13ms
step:259/1490 train_time:74985ms step_avg:301.15ms
step:260/1490 train_time:75289ms step_avg:301.16ms
step:261/1490 train_time:75592ms step_avg:301.17ms
step:262/1490 train_time:75895ms step_avg:301.17ms
step:263/1490 train_time:76197ms step_avg:301.17ms
step:264/1490 train_time:76499ms step_avg:301.18ms
step:265/1490 train_time:76797ms step_avg:301.17ms
step:266/1490 train_time:77097ms step_avg:301.16ms
step:267/1490 train_time:77396ms step_avg:301.15ms
step:268/1490 train_time:77700ms step_avg:301.16ms
step:269/1490 train_time:78002ms step_avg:301.17ms
step:270/1490 train_time:78301ms step_avg:301.16ms
step:271/1490 train_time:78603ms step_avg:301.16ms
step:272/1490 train_time:78906ms step_avg:301.17ms
step:273/1490 train_time:79207ms step_avg:301.17ms
step:274/1490 train_time:79506ms step_avg:301.16ms
step:275/1490 train_time:79805ms step_avg:301.15ms
step:276/1490 train_time:80108ms step_avg:301.16ms
step:277/1490 train_time:80408ms step_avg:301.15ms
step:278/1490 train_time:80709ms step_avg:301.15ms
step:279/1490 train_time:81010ms step_avg:301.15ms
step:280/1490 train_time:81310ms step_avg:301.15ms
step:281/1490 train_time:81611ms step_avg:301.15ms
step:282/1490 train_time:81910ms step_avg:301.14ms
step:283/1490 train_time:82212ms step_avg:301.14ms
step:284/1490 train_time:82517ms step_avg:301.16ms
step:285/1490 train_time:82818ms step_avg:301.16ms
step:286/1490 train_time:83120ms step_avg:301.16ms
step:287/1490 train_time:83418ms step_avg:301.15ms
step:288/1490 train_time:83721ms step_avg:301.16ms
step:289/1490 train_time:84023ms step_avg:301.16ms
step:290/1490 train_time:84322ms step_avg:301.15ms
step:291/1490 train_time:84624ms step_avg:301.15ms
step:292/1490 train_time:84929ms step_avg:301.17ms
step:293/1490 train_time:85227ms step_avg:301.16ms
step:294/1490 train_time:85527ms step_avg:301.15ms
step:295/1490 train_time:85828ms step_avg:301.15ms
step:296/1490 train_time:86129ms step_avg:301.15ms
step:297/1490 train_time:86434ms step_avg:301.16ms
step:298/1490 train_time:86736ms step_avg:301.17ms
step:299/1490 train_time:87039ms step_avg:301.17ms
step:300/1490 train_time:87336ms step_avg:301.16ms
step:301/1490 train_time:87636ms step_avg:301.15ms
step:302/1490 train_time:87935ms step_avg:301.15ms
step:303/1490 train_time:88236ms step_avg:301.15ms
step:304/1490 train_time:88556ms step_avg:301.21ms
step:305/1490 train_time:88854ms step_avg:301.20ms
step:306/1490 train_time:89156ms step_avg:301.20ms
step:307/1490 train_time:89455ms step_avg:301.20ms
step:308/1490 train_time:89756ms step_avg:301.19ms
step:309/1490 train_time:90055ms step_avg:301.19ms
step:310/1490 train_time:90355ms step_avg:301.18ms
step:311/1490 train_time:90659ms step_avg:301.19ms
step:312/1490 train_time:90961ms step_avg:301.19ms
step:313/1490 train_time:91262ms step_avg:301.19ms
step:314/1490 train_time:91564ms step_avg:301.20ms
step:315/1490 train_time:91866ms step_avg:301.20ms
step:316/1490 train_time:92169ms step_avg:301.21ms
step:317/1490 train_time:92468ms step_avg:301.20ms
step:318/1490 train_time:92765ms step_avg:301.19ms
step:319/1490 train_time:93066ms step_avg:301.18ms
step:320/1490 train_time:93366ms step_avg:301.18ms
step:321/1490 train_time:93670ms step_avg:301.19ms
step:322/1490 train_time:93970ms step_avg:301.19ms
step:323/1490 train_time:94274ms step_avg:301.20ms
step:324/1490 train_time:94577ms step_avg:301.20ms
step:325/1490 train_time:94876ms step_avg:301.19ms
step:326/1490 train_time:95176ms step_avg:301.19ms
step:327/1490 train_time:95479ms step_avg:301.20ms
step:328/1490 train_time:95780ms step_avg:301.20ms
step:329/1490 train_time:96081ms step_avg:301.20ms
step:330/1490 train_time:96384ms step_avg:301.20ms
step:331/1490 train_time:96685ms step_avg:301.20ms
step:332/1490 train_time:96987ms step_avg:301.20ms
step:333/1490 train_time:97290ms step_avg:301.21ms
step:334/1490 train_time:97592ms step_avg:301.21ms
step:335/1490 train_time:97893ms step_avg:301.21ms
step:336/1490 train_time:98193ms step_avg:301.21ms
step:337/1490 train_time:98498ms step_avg:301.22ms
step:338/1490 train_time:98797ms step_avg:301.21ms
step:339/1490 train_time:99102ms step_avg:301.22ms
step:340/1490 train_time:99401ms step_avg:301.21ms
step:341/1490 train_time:99704ms step_avg:301.22ms
step:342/1490 train_time:100008ms step_avg:301.23ms
step:343/1490 train_time:100308ms step_avg:301.23ms
step:344/1490 train_time:100613ms step_avg:301.24ms
step:345/1490 train_time:100914ms step_avg:301.24ms
step:346/1490 train_time:101215ms step_avg:301.24ms
step:347/1490 train_time:101514ms step_avg:301.23ms
step:348/1490 train_time:101817ms step_avg:301.23ms
step:349/1490 train_time:102122ms step_avg:301.25ms
step:350/1490 train_time:102432ms step_avg:301.27ms
step:351/1490 train_time:102733ms step_avg:301.27ms
step:352/1490 train_time:103032ms step_avg:301.26ms
step:353/1490 train_time:103339ms step_avg:301.28ms
step:354/1490 train_time:103639ms step_avg:301.28ms
step:355/1490 train_time:103937ms step_avg:301.27ms
step:356/1490 train_time:104237ms step_avg:301.26ms
step:357/1490 train_time:104539ms step_avg:301.26ms
step:358/1490 train_time:104837ms step_avg:301.26ms
step:359/1490 train_time:105138ms step_avg:301.25ms
step:360/1490 train_time:105438ms step_avg:301.25ms
step:361/1490 train_time:105743ms step_avg:301.26ms
step:362/1490 train_time:106046ms step_avg:301.27ms
step:363/1490 train_time:106349ms step_avg:301.27ms
step:364/1490 train_time:106651ms step_avg:301.27ms
step:365/1490 train_time:106953ms step_avg:301.28ms
step:366/1490 train_time:107257ms step_avg:301.28ms
step:367/1490 train_time:107560ms step_avg:301.29ms
step:368/1490 train_time:107866ms step_avg:301.30ms
step:369/1490 train_time:108165ms step_avg:301.30ms
step:370/1490 train_time:108467ms step_avg:301.30ms
step:371/1490 train_time:108770ms step_avg:301.30ms
step:372/1490 train_time:109069ms step_avg:301.29ms
step:373/1490 train_time:109372ms step_avg:301.30ms
step:374/1490 train_time:109674ms step_avg:301.30ms
step:375/1490 train_time:109983ms step_avg:301.32ms
step:375/1490 val_loss:3.7997 train_time:109989ms step_avg:301.34ms
step:376/1490 train_time:110420ms step_avg:301.69ms
step:377/1490 train_time:110732ms step_avg:301.72ms
step:378/1490 train_time:111032ms step_avg:301.72ms
step:379/1490 train_time:111338ms step_avg:301.73ms
step:380/1490 train_time:111640ms step_avg:301.73ms
step:381/1490 train_time:111942ms step_avg:301.73ms
step:382/1490 train_time:112241ms step_avg:301.72ms
step:383/1490 train_time:112544ms step_avg:301.73ms
step:384/1490 train_time:112846ms step_avg:301.73ms
step:385/1490 train_time:113150ms step_avg:301.73ms
step:386/1490 train_time:113454ms step_avg:301.74ms
step:387/1490 train_time:113757ms step_avg:301.74ms
step:388/1490 train_time:114057ms step_avg:301.74ms
step:389/1490 train_time:114359ms step_avg:301.74ms
step:390/1490 train_time:114661ms step_avg:301.74ms
step:391/1490 train_time:114962ms step_avg:301.74ms
step:392/1490 train_time:115263ms step_avg:301.73ms
step:393/1490 train_time:115565ms step_avg:301.74ms
step:394/1490 train_time:115865ms step_avg:301.73ms
step:395/1490 train_time:116166ms step_avg:301.73ms
step:396/1490 train_time:116468ms step_avg:301.73ms
step:397/1490 train_time:116770ms step_avg:301.73ms
step:398/1490 train_time:117072ms step_avg:301.73ms
step:399/1490 train_time:117374ms step_avg:301.73ms
step:400/1490 train_time:117674ms step_avg:301.73ms
step:401/1490 train_time:117980ms step_avg:301.74ms
step:402/1490 train_time:118283ms step_avg:301.74ms
step:403/1490 train_time:118582ms step_avg:301.74ms
step:404/1490 train_time:118883ms step_avg:301.73ms
step:405/1490 train_time:119188ms step_avg:301.74ms
step:406/1490 train_time:119490ms step_avg:301.74ms
step:407/1490 train_time:119791ms step_avg:301.74ms
step:408/1490 train_time:120091ms step_avg:301.74ms
step:409/1490 train_time:120394ms step_avg:301.74ms
step:410/1490 train_time:120693ms step_avg:301.73ms
step:411/1490 train_time:120996ms step_avg:301.74ms
step:412/1490 train_time:121299ms step_avg:301.74ms
step:413/1490 train_time:121603ms step_avg:301.74ms
step:414/1490 train_time:121903ms step_avg:301.74ms
step:415/1490 train_time:122203ms step_avg:301.74ms
step:416/1490 train_time:122504ms step_avg:301.73ms
step:417/1490 train_time:122811ms step_avg:301.75ms
step:418/1490 train_time:123110ms step_avg:301.74ms
step:419/1490 train_time:123413ms step_avg:301.74ms
step:420/1490 train_time:123716ms step_avg:301.75ms
step:421/1490 train_time:124019ms step_avg:301.75ms
step:422/1490 train_time:124328ms step_avg:301.77ms
step:423/1490 train_time:124630ms step_avg:301.77ms
step:424/1490 train_time:124933ms step_avg:301.77ms
step:425/1490 train_time:125232ms step_avg:301.76ms
step:426/1490 train_time:125536ms step_avg:301.77ms
step:427/1490 train_time:125841ms step_avg:301.78ms
step:428/1490 train_time:126141ms step_avg:301.77ms
step:429/1490 train_time:126445ms step_avg:301.78ms
step:430/1490 train_time:126747ms step_avg:301.78ms
step:431/1490 train_time:127050ms step_avg:301.78ms
step:432/1490 train_time:127352ms step_avg:301.78ms
step:433/1490 train_time:127653ms step_avg:301.78ms
step:434/1490 train_time:127954ms step_avg:301.78ms
step:435/1490 train_time:128256ms step_avg:301.78ms
step:436/1490 train_time:128555ms step_avg:301.77ms
step:437/1490 train_time:128854ms step_avg:301.77ms
step:438/1490 train_time:129155ms step_avg:301.76ms
step:439/1490 train_time:129456ms step_avg:301.76ms
step:440/1490 train_time:129761ms step_avg:301.77ms
step:441/1490 train_time:130061ms step_avg:301.77ms
step:442/1490 train_time:130365ms step_avg:301.77ms
step:443/1490 train_time:130673ms step_avg:301.79ms
step:444/1490 train_time:130975ms step_avg:301.79ms
step:445/1490 train_time:131278ms step_avg:301.79ms
step:446/1490 train_time:131583ms step_avg:301.80ms
step:447/1490 train_time:131899ms step_avg:301.83ms
step:448/1490 train_time:132200ms step_avg:301.83ms
step:449/1490 train_time:132504ms step_avg:301.83ms
step:450/1490 train_time:132804ms step_avg:301.83ms
step:451/1490 train_time:133113ms step_avg:301.84ms
step:452/1490 train_time:133415ms step_avg:301.84ms
step:453/1490 train_time:133724ms step_avg:301.86ms
step:454/1490 train_time:134031ms step_avg:301.87ms
step:455/1490 train_time:134342ms step_avg:301.89ms
step:456/1490 train_time:134648ms step_avg:301.90ms
step:457/1490 train_time:134952ms step_avg:301.91ms
step:458/1490 train_time:135261ms step_avg:301.92ms
step:459/1490 train_time:135567ms step_avg:301.93ms
step:460/1490 train_time:135875ms step_avg:301.95ms
step:461/1490 train_time:136181ms step_avg:301.95ms
step:462/1490 train_time:136487ms step_avg:301.96ms
step:463/1490 train_time:136793ms step_avg:301.97ms
step:464/1490 train_time:137102ms step_avg:301.99ms
step:465/1490 train_time:137407ms step_avg:301.99ms
step:466/1490 train_time:137711ms step_avg:302.00ms
step:467/1490 train_time:138018ms step_avg:302.01ms
step:468/1490 train_time:138320ms step_avg:302.01ms
step:469/1490 train_time:138627ms step_avg:302.02ms
step:470/1490 train_time:138934ms step_avg:302.03ms
step:471/1490 train_time:139237ms step_avg:302.03ms
step:472/1490 train_time:139543ms step_avg:302.04ms
step:473/1490 train_time:139849ms step_avg:302.05ms
step:474/1490 train_time:140157ms step_avg:302.06ms
step:475/1490 train_time:140465ms step_avg:302.08ms
step:476/1490 train_time:140775ms step_avg:302.09ms
step:477/1490 train_time:141084ms step_avg:302.11ms
step:478/1490 train_time:141393ms step_avg:302.12ms
step:479/1490 train_time:141696ms step_avg:302.12ms
step:480/1490 train_time:142001ms step_avg:302.13ms
step:481/1490 train_time:142306ms step_avg:302.14ms
step:482/1490 train_time:142608ms step_avg:302.14ms
step:483/1490 train_time:142914ms step_avg:302.14ms
step:484/1490 train_time:143217ms step_avg:302.15ms
step:485/1490 train_time:143519ms step_avg:302.14ms
step:486/1490 train_time:143826ms step_avg:302.15ms
step:487/1490 train_time:144135ms step_avg:302.17ms
step:488/1490 train_time:144439ms step_avg:302.17ms
step:489/1490 train_time:144745ms step_avg:302.18ms
step:490/1490 train_time:145051ms step_avg:302.19ms
step:491/1490 train_time:145355ms step_avg:302.19ms
step:492/1490 train_time:145657ms step_avg:302.19ms
step:493/1490 train_time:145965ms step_avg:302.20ms
step:494/1490 train_time:146274ms step_avg:302.22ms
step:495/1490 train_time:146576ms step_avg:302.22ms
step:496/1490 train_time:146879ms step_avg:302.22ms
step:497/1490 train_time:147188ms step_avg:302.23ms
step:498/1490 train_time:147495ms step_avg:302.24ms
step:499/1490 train_time:147800ms step_avg:302.25ms
step:500/1490 train_time:148104ms step_avg:302.25ms
step:500/1490 val_loss:3.6827 train_time:148109ms step_avg:302.26ms
step:501/1490 train_time:148644ms step_avg:302.74ms
step:502/1490 train_time:148951ms step_avg:302.75ms
step:503/1490 train_time:149262ms step_avg:302.76ms
step:504/1490 train_time:149567ms step_avg:302.77ms
step:505/1490 train_time:149875ms step_avg:302.78ms
step:506/1490 train_time:150181ms step_avg:302.78ms
step:507/1490 train_time:150489ms step_avg:302.80ms
step:508/1490 train_time:150799ms step_avg:302.81ms
step:509/1490 train_time:151108ms step_avg:302.82ms
step:510/1490 train_time:151418ms step_avg:302.84ms
step:511/1490 train_time:151721ms step_avg:302.84ms
step:512/1490 train_time:152029ms step_avg:302.85ms
step:513/1490 train_time:152336ms step_avg:302.85ms
step:514/1490 train_time:152644ms step_avg:302.86ms
step:515/1490 train_time:152951ms step_avg:302.87ms
step:516/1490 train_time:153257ms step_avg:302.88ms
step:517/1490 train_time:153560ms step_avg:302.88ms
step:518/1490 train_time:153870ms step_avg:302.89ms
step:519/1490 train_time:154177ms step_avg:302.90ms
step:520/1490 train_time:154479ms step_avg:302.90ms
step:521/1490 train_time:154786ms step_avg:302.91ms
step:522/1490 train_time:155091ms step_avg:302.91ms
step:523/1490 train_time:155396ms step_avg:302.92ms
step:524/1490 train_time:155706ms step_avg:302.93ms
step:525/1490 train_time:156013ms step_avg:302.94ms
step:526/1490 train_time:156321ms step_avg:302.95ms
step:527/1490 train_time:156624ms step_avg:302.95ms
step:528/1490 train_time:156935ms step_avg:302.96ms
step:529/1490 train_time:157240ms step_avg:302.97ms
step:530/1490 train_time:157541ms step_avg:302.96ms
step:531/1490 train_time:157848ms step_avg:302.97ms
step:532/1490 train_time:158150ms step_avg:302.97ms
step:533/1490 train_time:158458ms step_avg:302.98ms
step:534/1490 train_time:158761ms step_avg:302.98ms
step:535/1490 train_time:159061ms step_avg:302.97ms
step:536/1490 train_time:159368ms step_avg:302.98ms
step:537/1490 train_time:159672ms step_avg:302.98ms
step:538/1490 train_time:159977ms step_avg:302.99ms
step:539/1490 train_time:160280ms step_avg:302.99ms
step:540/1490 train_time:160586ms step_avg:302.99ms
step:541/1490 train_time:160894ms step_avg:303.00ms
step:542/1490 train_time:161203ms step_avg:303.01ms
step:543/1490 train_time:161504ms step_avg:303.01ms
step:544/1490 train_time:161813ms step_avg:303.02ms
step:545/1490 train_time:162117ms step_avg:303.02ms
step:546/1490 train_time:162427ms step_avg:303.04ms
step:547/1490 train_time:162734ms step_avg:303.04ms
step:548/1490 train_time:163043ms step_avg:303.05ms
step:549/1490 train_time:163347ms step_avg:303.06ms
step:550/1490 train_time:163649ms step_avg:303.05ms
step:551/1490 train_time:163952ms step_avg:303.05ms
step:552/1490 train_time:164257ms step_avg:303.06ms
step:553/1490 train_time:164560ms step_avg:303.06ms
step:554/1490 train_time:164863ms step_avg:303.06ms
step:555/1490 train_time:165171ms step_avg:303.07ms
step:556/1490 train_time:165479ms step_avg:303.07ms
step:557/1490 train_time:165782ms step_avg:303.07ms
step:558/1490 train_time:166084ms step_avg:303.07ms
step:559/1490 train_time:166387ms step_avg:303.07ms
step:560/1490 train_time:166695ms step_avg:303.08ms
step:561/1490 train_time:167002ms step_avg:303.09ms
step:562/1490 train_time:167314ms step_avg:303.10ms
step:563/1490 train_time:167618ms step_avg:303.11ms
step:564/1490 train_time:167928ms step_avg:303.12ms
step:565/1490 train_time:168238ms step_avg:303.13ms
step:566/1490 train_time:168545ms step_avg:303.14ms
step:567/1490 train_time:168852ms step_avg:303.14ms
step:568/1490 train_time:169159ms step_avg:303.15ms
step:569/1490 train_time:169470ms step_avg:303.17ms
step:570/1490 train_time:169777ms step_avg:303.17ms
step:571/1490 train_time:170089ms step_avg:303.19ms
step:572/1490 train_time:170390ms step_avg:303.19ms
step:573/1490 train_time:170707ms step_avg:303.21ms
step:574/1490 train_time:171018ms step_avg:303.22ms
step:575/1490 train_time:171323ms step_avg:303.23ms
step:576/1490 train_time:171627ms step_avg:303.23ms
step:577/1490 train_time:171933ms step_avg:303.23ms
step:578/1490 train_time:172242ms step_avg:303.24ms
step:579/1490 train_time:172551ms step_avg:303.25ms
step:580/1490 train_time:172854ms step_avg:303.25ms
step:581/1490 train_time:173161ms step_avg:303.26ms
step:582/1490 train_time:173464ms step_avg:303.26ms
step:583/1490 train_time:173769ms step_avg:303.26ms
step:584/1490 train_time:174078ms step_avg:303.27ms
step:585/1490 train_time:174383ms step_avg:303.27ms
step:586/1490 train_time:174695ms step_avg:303.29ms
step:587/1490 train_time:175002ms step_avg:303.30ms
step:588/1490 train_time:175310ms step_avg:303.31ms
step:589/1490 train_time:175618ms step_avg:303.31ms
step:590/1490 train_time:175919ms step_avg:303.31ms
step:591/1490 train_time:176227ms step_avg:303.32ms
step:592/1490 train_time:176531ms step_avg:303.32ms
step:593/1490 train_time:176838ms step_avg:303.32ms
step:594/1490 train_time:177147ms step_avg:303.33ms
step:595/1490 train_time:177456ms step_avg:303.34ms
step:596/1490 train_time:177762ms step_avg:303.35ms
step:597/1490 train_time:178069ms step_avg:303.35ms
step:598/1490 train_time:178372ms step_avg:303.35ms
step:599/1490 train_time:178683ms step_avg:303.37ms
step:600/1490 train_time:178989ms step_avg:303.37ms
step:601/1490 train_time:179301ms step_avg:303.39ms
step:602/1490 train_time:179608ms step_avg:303.39ms
step:603/1490 train_time:179911ms step_avg:303.39ms
step:604/1490 train_time:180217ms step_avg:303.40ms
step:605/1490 train_time:180523ms step_avg:303.40ms
step:606/1490 train_time:180824ms step_avg:303.40ms
step:607/1490 train_time:181130ms step_avg:303.40ms
step:608/1490 train_time:181446ms step_avg:303.42ms
step:609/1490 train_time:181750ms step_avg:303.42ms
step:610/1490 train_time:182057ms step_avg:303.43ms
step:611/1490 train_time:182360ms step_avg:303.43ms
step:612/1490 train_time:182664ms step_avg:303.43ms
step:613/1490 train_time:182975ms step_avg:303.44ms
step:614/1490 train_time:183281ms step_avg:303.45ms
step:615/1490 train_time:183592ms step_avg:303.46ms
step:616/1490 train_time:183896ms step_avg:303.46ms
step:617/1490 train_time:184202ms step_avg:303.46ms
step:618/1490 train_time:184508ms step_avg:303.47ms
step:619/1490 train_time:184812ms step_avg:303.47ms
step:620/1490 train_time:185121ms step_avg:303.48ms
step:621/1490 train_time:185430ms step_avg:303.49ms
step:622/1490 train_time:185736ms step_avg:303.49ms
step:623/1490 train_time:186044ms step_avg:303.50ms
step:624/1490 train_time:186348ms step_avg:303.50ms
step:625/1490 train_time:186655ms step_avg:303.50ms
step:625/1490 val_loss:3.6050 train_time:186659ms step_avg:303.51ms
step:626/1490 train_time:187095ms step_avg:303.73ms
step:627/1490 train_time:187401ms step_avg:303.73ms
step:628/1490 train_time:187710ms step_avg:303.74ms
step:629/1490 train_time:188019ms step_avg:303.75ms
step:630/1490 train_time:188325ms step_avg:303.75ms
step:631/1490 train_time:188632ms step_avg:303.76ms
step:632/1490 train_time:188938ms step_avg:303.76ms
step:633/1490 train_time:189245ms step_avg:303.76ms
step:634/1490 train_time:189546ms step_avg:303.76ms
step:635/1490 train_time:189854ms step_avg:303.77ms
step:636/1490 train_time:190157ms step_avg:303.77ms
step:637/1490 train_time:190464ms step_avg:303.77ms
step:638/1490 train_time:190772ms step_avg:303.78ms
step:639/1490 train_time:191077ms step_avg:303.78ms
step:640/1490 train_time:191383ms step_avg:303.78ms
step:641/1490 train_time:191692ms step_avg:303.79ms
step:642/1490 train_time:191996ms step_avg:303.79ms
step:643/1490 train_time:192305ms step_avg:303.80ms
step:644/1490 train_time:192610ms step_avg:303.80ms
step:645/1490 train_time:192919ms step_avg:303.81ms
step:646/1490 train_time:193232ms step_avg:303.82ms
step:647/1490 train_time:193536ms step_avg:303.82ms
step:648/1490 train_time:193838ms step_avg:303.82ms
step:649/1490 train_time:194144ms step_avg:303.83ms
step:650/1490 train_time:194452ms step_avg:303.83ms
step:651/1490 train_time:194763ms step_avg:303.84ms
step:652/1490 train_time:195066ms step_avg:303.84ms
step:653/1490 train_time:195372ms step_avg:303.84ms
step:654/1490 train_time:195677ms step_avg:303.85ms
step:655/1490 train_time:195988ms step_avg:303.86ms
step:656/1490 train_time:196296ms step_avg:303.86ms
step:657/1490 train_time:196602ms step_avg:303.87ms
step:658/1490 train_time:196910ms step_avg:303.87ms
step:659/1490 train_time:197217ms step_avg:303.88ms
step:660/1490 train_time:197523ms step_avg:303.88ms
step:661/1490 train_time:197828ms step_avg:303.88ms
step:662/1490 train_time:198130ms step_avg:303.88ms
step:663/1490 train_time:198437ms step_avg:303.89ms
step:664/1490 train_time:198744ms step_avg:303.89ms
step:665/1490 train_time:199050ms step_avg:303.89ms
step:666/1490 train_time:199361ms step_avg:303.90ms
step:667/1490 train_time:199669ms step_avg:303.91ms
step:668/1490 train_time:199981ms step_avg:303.92ms
step:669/1490 train_time:200291ms step_avg:303.93ms
step:670/1490 train_time:200603ms step_avg:303.94ms
step:671/1490 train_time:200914ms step_avg:303.95ms
step:672/1490 train_time:201222ms step_avg:303.96ms
step:673/1490 train_time:201530ms step_avg:303.97ms
step:674/1490 train_time:201841ms step_avg:303.98ms
step:675/1490 train_time:202158ms step_avg:304.00ms
step:676/1490 train_time:202466ms step_avg:304.00ms
step:677/1490 train_time:202777ms step_avg:304.01ms
step:678/1490 train_time:203087ms step_avg:304.02ms
step:679/1490 train_time:203397ms step_avg:304.03ms
step:680/1490 train_time:203707ms step_avg:304.04ms
step:681/1490 train_time:204018ms step_avg:304.05ms
step:682/1490 train_time:204331ms step_avg:304.06ms
step:683/1490 train_time:204638ms step_avg:304.07ms
step:684/1490 train_time:204948ms step_avg:304.08ms
step:685/1490 train_time:205261ms step_avg:304.09ms
step:686/1490 train_time:205573ms step_avg:304.10ms
step:687/1490 train_time:205881ms step_avg:304.11ms
step:688/1490 train_time:206185ms step_avg:304.11ms
step:689/1490 train_time:206496ms step_avg:304.12ms
step:690/1490 train_time:206805ms step_avg:304.12ms
step:691/1490 train_time:207113ms step_avg:304.13ms
step:692/1490 train_time:207424ms step_avg:304.14ms
step:693/1490 train_time:207736ms step_avg:304.15ms
step:694/1490 train_time:208050ms step_avg:304.17ms
step:695/1490 train_time:208359ms step_avg:304.17ms
step:696/1490 train_time:208669ms step_avg:304.18ms
step:697/1490 train_time:208978ms step_avg:304.19ms
step:698/1490 train_time:209292ms step_avg:304.20ms
step:699/1490 train_time:209600ms step_avg:304.21ms
step:700/1490 train_time:209909ms step_avg:304.22ms
step:701/1490 train_time:210218ms step_avg:304.22ms
step:702/1490 train_time:210528ms step_avg:304.23ms
step:703/1490 train_time:210843ms step_avg:304.25ms
step:704/1490 train_time:211152ms step_avg:304.25ms
step:705/1490 train_time:211465ms step_avg:304.27ms
step:706/1490 train_time:211775ms step_avg:304.28ms
step:707/1490 train_time:212083ms step_avg:304.28ms
step:708/1490 train_time:212391ms step_avg:304.28ms
step:709/1490 train_time:212705ms step_avg:304.30ms
step:710/1490 train_time:213016ms step_avg:304.31ms
step:711/1490 train_time:213328ms step_avg:304.32ms
step:712/1490 train_time:213644ms step_avg:304.34ms
step:713/1490 train_time:213952ms step_avg:304.34ms
step:714/1490 train_time:214262ms step_avg:304.35ms
step:715/1490 train_time:214570ms step_avg:304.35ms
step:716/1490 train_time:214881ms step_avg:304.36ms
step:717/1490 train_time:215194ms step_avg:304.38ms
step:718/1490 train_time:215502ms step_avg:304.38ms
step:719/1490 train_time:215813ms step_avg:304.39ms
step:720/1490 train_time:216125ms step_avg:304.40ms
step:721/1490 train_time:216439ms step_avg:304.42ms
step:722/1490 train_time:216746ms step_avg:304.42ms
step:723/1490 train_time:217051ms step_avg:304.42ms
step:724/1490 train_time:217364ms step_avg:304.43ms
step:725/1490 train_time:217693ms step_avg:304.47ms
step:726/1490 train_time:218003ms step_avg:304.47ms
step:727/1490 train_time:218311ms step_avg:304.48ms
step:728/1490 train_time:218620ms step_avg:304.48ms
step:729/1490 train_time:218931ms step_avg:304.49ms
step:730/1490 train_time:219241ms step_avg:304.50ms
step:731/1490 train_time:219552ms step_avg:304.51ms
step:732/1490 train_time:219865ms step_avg:304.52ms
step:733/1490 train_time:220178ms step_avg:304.53ms
step:734/1490 train_time:220489ms step_avg:304.54ms
step:735/1490 train_time:220801ms step_avg:304.55ms
step:736/1490 train_time:221107ms step_avg:304.55ms
step:737/1490 train_time:221416ms step_avg:304.56ms
step:738/1490 train_time:221727ms step_avg:304.57ms
step:739/1490 train_time:222037ms step_avg:304.58ms
step:740/1490 train_time:222347ms step_avg:304.58ms
step:741/1490 train_time:222656ms step_avg:304.59ms
step:742/1490 train_time:222967ms step_avg:304.60ms
step:743/1490 train_time:223276ms step_avg:304.61ms
step:744/1490 train_time:223592ms step_avg:304.62ms
step:745/1490 train_time:223904ms step_avg:304.63ms
step:746/1490 train_time:224215ms step_avg:304.64ms
step:747/1490 train_time:224526ms step_avg:304.65ms
step:748/1490 train_time:224837ms step_avg:304.66ms
step:749/1490 train_time:225147ms step_avg:304.66ms
step:750/1490 train_time:225457ms step_avg:304.67ms
step:750/1490 val_loss:3.5484 train_time:225462ms step_avg:304.68ms
step:751/1490 train_time:225882ms step_avg:304.83ms
step:752/1490 train_time:226193ms step_avg:304.84ms
step:753/1490 train_time:226502ms step_avg:304.85ms
step:754/1490 train_time:226810ms step_avg:304.85ms
step:755/1490 train_time:227117ms step_avg:304.86ms
step:756/1490 train_time:227427ms step_avg:304.86ms
step:757/1490 train_time:227740ms step_avg:304.87ms
step:758/1490 train_time:228049ms step_avg:304.88ms
step:759/1490 train_time:228360ms step_avg:304.89ms
step:760/1490 train_time:228674ms step_avg:304.90ms
step:761/1490 train_time:228988ms step_avg:304.91ms
step:762/1490 train_time:229302ms step_avg:304.92ms
step:763/1490 train_time:229610ms step_avg:304.93ms
step:764/1490 train_time:229919ms step_avg:304.93ms
step:765/1490 train_time:230230ms step_avg:304.94ms
step:766/1490 train_time:230540ms step_avg:304.95ms
step:767/1490 train_time:230848ms step_avg:304.95ms
step:768/1490 train_time:231157ms step_avg:304.96ms
step:769/1490 train_time:231468ms step_avg:304.96ms
step:770/1490 train_time:231775ms step_avg:304.97ms
step:771/1490 train_time:232085ms step_avg:304.97ms
step:772/1490 train_time:232398ms step_avg:304.98ms
step:773/1490 train_time:232707ms step_avg:304.99ms
step:774/1490 train_time:233017ms step_avg:305.00ms
step:775/1490 train_time:233326ms step_avg:305.00ms
step:776/1490 train_time:233638ms step_avg:305.01ms
step:777/1490 train_time:233943ms step_avg:305.01ms
step:778/1490 train_time:234252ms step_avg:305.02ms
step:779/1490 train_time:234561ms step_avg:305.02ms
step:780/1490 train_time:234870ms step_avg:305.03ms
step:781/1490 train_time:235176ms step_avg:305.03ms
step:782/1490 train_time:235487ms step_avg:305.03ms
step:783/1490 train_time:235800ms step_avg:305.05ms
step:784/1490 train_time:236106ms step_avg:305.05ms
step:785/1490 train_time:236414ms step_avg:305.05ms
step:786/1490 train_time:236719ms step_avg:305.05ms
step:787/1490 train_time:237026ms step_avg:305.05ms
step:788/1490 train_time:237337ms step_avg:305.06ms
step:789/1490 train_time:237648ms step_avg:305.07ms
step:790/1490 train_time:237959ms step_avg:305.08ms
step:791/1490 train_time:238272ms step_avg:305.09ms
step:792/1490 train_time:238583ms step_avg:305.09ms
step:793/1490 train_time:238887ms step_avg:305.09ms
step:794/1490 train_time:239200ms step_avg:305.10ms
step:795/1490 train_time:239512ms step_avg:305.11ms
step:796/1490 train_time:239817ms step_avg:305.11ms
step:797/1490 train_time:240127ms step_avg:305.12ms
step:798/1490 train_time:240439ms step_avg:305.13ms
step:799/1490 train_time:240751ms step_avg:305.13ms
step:800/1490 train_time:241061ms step_avg:305.14ms
step:801/1490 train_time:241371ms step_avg:305.15ms
step:802/1490 train_time:241679ms step_avg:305.15ms
step:803/1490 train_time:241987ms step_avg:305.15ms
step:804/1490 train_time:242296ms step_avg:305.16ms
step:805/1490 train_time:242608ms step_avg:305.17ms
step:806/1490 train_time:242916ms step_avg:305.17ms
step:807/1490 train_time:243222ms step_avg:305.17ms
step:808/1490 train_time:243529ms step_avg:305.17ms
step:809/1490 train_time:243841ms step_avg:305.18ms
step:810/1490 train_time:244155ms step_avg:305.19ms
step:811/1490 train_time:244467ms step_avg:305.20ms
step:812/1490 train_time:244782ms step_avg:305.21ms
step:813/1490 train_time:245094ms step_avg:305.22ms
step:814/1490 train_time:245405ms step_avg:305.23ms
step:815/1490 train_time:245711ms step_avg:305.23ms
step:816/1490 train_time:246017ms step_avg:305.23ms
step:817/1490 train_time:246335ms step_avg:305.25ms
step:818/1490 train_time:246641ms step_avg:305.25ms
step:819/1490 train_time:246950ms step_avg:305.25ms
step:820/1490 train_time:247260ms step_avg:305.26ms
step:821/1490 train_time:247573ms step_avg:305.27ms
step:822/1490 train_time:247881ms step_avg:305.27ms
step:823/1490 train_time:248189ms step_avg:305.28ms
step:824/1490 train_time:248499ms step_avg:305.28ms
step:825/1490 train_time:248810ms step_avg:305.29ms
step:826/1490 train_time:249127ms step_avg:305.30ms
step:827/1490 train_time:249435ms step_avg:305.31ms
step:828/1490 train_time:249743ms step_avg:305.31ms
step:829/1490 train_time:250047ms step_avg:305.31ms
step:830/1490 train_time:250355ms step_avg:305.31ms
step:831/1490 train_time:250666ms step_avg:305.32ms
step:832/1490 train_time:250976ms step_avg:305.32ms
step:833/1490 train_time:251285ms step_avg:305.33ms
step:834/1490 train_time:251596ms step_avg:305.33ms
step:835/1490 train_time:251905ms step_avg:305.34ms
step:836/1490 train_time:252210ms step_avg:305.34ms
step:837/1490 train_time:252519ms step_avg:305.34ms
step:838/1490 train_time:252829ms step_avg:305.35ms
step:839/1490 train_time:253136ms step_avg:305.35ms
step:840/1490 train_time:253446ms step_avg:305.36ms
step:841/1490 train_time:253757ms step_avg:305.36ms
step:842/1490 train_time:254065ms step_avg:305.37ms
step:843/1490 train_time:254376ms step_avg:305.37ms
step:844/1490 train_time:254681ms step_avg:305.37ms
step:845/1490 train_time:254989ms step_avg:305.38ms
step:846/1490 train_time:255300ms step_avg:305.38ms
step:847/1490 train_time:255609ms step_avg:305.39ms
step:848/1490 train_time:255917ms step_avg:305.39ms
step:849/1490 train_time:256235ms step_avg:305.41ms
step:850/1490 train_time:256540ms step_avg:305.41ms
step:851/1490 train_time:256851ms step_avg:305.41ms
step:852/1490 train_time:257157ms step_avg:305.41ms
step:853/1490 train_time:257464ms step_avg:305.41ms
step:854/1490 train_time:257772ms step_avg:305.42ms
step:855/1490 train_time:258083ms step_avg:305.42ms
step:856/1490 train_time:258391ms step_avg:305.43ms
step:857/1490 train_time:258702ms step_avg:305.43ms
step:858/1490 train_time:259011ms step_avg:305.44ms
step:859/1490 train_time:259321ms step_avg:305.44ms
step:860/1490 train_time:259631ms step_avg:305.45ms
step:861/1490 train_time:259942ms step_avg:305.45ms
step:862/1490 train_time:260249ms step_avg:305.46ms
step:863/1490 train_time:260561ms step_avg:305.46ms
step:864/1490 train_time:260870ms step_avg:305.47ms
step:865/1490 train_time:261178ms step_avg:305.47ms
step:866/1490 train_time:261490ms step_avg:305.48ms
step:867/1490 train_time:261799ms step_avg:305.48ms
step:868/1490 train_time:262107ms step_avg:305.49ms
step:869/1490 train_time:262413ms step_avg:305.49ms
step:870/1490 train_time:262727ms step_avg:305.50ms
step:871/1490 train_time:263035ms step_avg:305.50ms
step:872/1490 train_time:263344ms step_avg:305.50ms
step:873/1490 train_time:263654ms step_avg:305.51ms
step:874/1490 train_time:263969ms step_avg:305.52ms
step:875/1490 train_time:264277ms step_avg:305.52ms
step:875/1490 val_loss:3.5072 train_time:264278ms step_avg:305.52ms
step:876/1490 train_time:264718ms step_avg:305.68ms
step:877/1490 train_time:265025ms step_avg:305.68ms
step:878/1490 train_time:265336ms step_avg:305.69ms
step:879/1490 train_time:265647ms step_avg:305.69ms
step:880/1490 train_time:265956ms step_avg:305.70ms
step:881/1490 train_time:266262ms step_avg:305.70ms
step:882/1490 train_time:266566ms step_avg:305.69ms
step:883/1490 train_time:266874ms step_avg:305.70ms
step:884/1490 train_time:267185ms step_avg:305.70ms
step:885/1490 train_time:267494ms step_avg:305.71ms
step:886/1490 train_time:267806ms step_avg:305.71ms
step:887/1490 train_time:268116ms step_avg:305.72ms
step:888/1490 train_time:268433ms step_avg:305.73ms
step:889/1490 train_time:268743ms step_avg:305.74ms
step:890/1490 train_time:269049ms step_avg:305.74ms
step:891/1490 train_time:269362ms step_avg:305.75ms
step:892/1490 train_time:269674ms step_avg:305.75ms
step:893/1490 train_time:269986ms step_avg:305.76ms
step:894/1490 train_time:270299ms step_avg:305.77ms
step:895/1490 train_time:270615ms step_avg:305.78ms
step:896/1490 train_time:270930ms step_avg:305.79ms
step:897/1490 train_time:271238ms step_avg:305.79ms
step:898/1490 train_time:271549ms step_avg:305.80ms
step:899/1490 train_time:271861ms step_avg:305.81ms
step:900/1490 train_time:272175ms step_avg:305.81ms
step:901/1490 train_time:272491ms step_avg:305.83ms
step:902/1490 train_time:272812ms step_avg:305.84ms
step:903/1490 train_time:273128ms step_avg:305.85ms
step:904/1490 train_time:273446ms step_avg:305.87ms
step:905/1490 train_time:273755ms step_avg:305.87ms
step:906/1490 train_time:274066ms step_avg:305.88ms
step:907/1490 train_time:274381ms step_avg:305.89ms
step:908/1490 train_time:274692ms step_avg:305.89ms
step:909/1490 train_time:275010ms step_avg:305.91ms
step:910/1490 train_time:275317ms step_avg:305.91ms
step:911/1490 train_time:275628ms step_avg:305.91ms
step:912/1490 train_time:275938ms step_avg:305.92ms
step:913/1490 train_time:276249ms step_avg:305.92ms
step:914/1490 train_time:276566ms step_avg:305.94ms
step:915/1490 train_time:276879ms step_avg:305.94ms
step:916/1490 train_time:277194ms step_avg:305.95ms
step:917/1490 train_time:277509ms step_avg:305.96ms
step:918/1490 train_time:277814ms step_avg:305.96ms
step:919/1490 train_time:278128ms step_avg:305.97ms
step:920/1490 train_time:278442ms step_avg:305.98ms
step:921/1490 train_time:278748ms step_avg:305.98ms
step:922/1490 train_time:279057ms step_avg:305.98ms
step:923/1490 train_time:279365ms step_avg:305.99ms
step:924/1490 train_time:279677ms step_avg:305.99ms
step:925/1490 train_time:279994ms step_avg:306.00ms
step:926/1490 train_time:280306ms step_avg:306.01ms
step:927/1490 train_time:280615ms step_avg:306.01ms
step:928/1490 train_time:280922ms step_avg:306.02ms
step:929/1490 train_time:281231ms step_avg:306.02ms
step:930/1490 train_time:281543ms step_avg:306.02ms
step:931/1490 train_time:281861ms step_avg:306.04ms
step:932/1490 train_time:282168ms step_avg:306.04ms
step:933/1490 train_time:282476ms step_avg:306.04ms
step:934/1490 train_time:282785ms step_avg:306.04ms
step:935/1490 train_time:283094ms step_avg:306.05ms
step:936/1490 train_time:283401ms step_avg:306.05ms
step:937/1490 train_time:283708ms step_avg:306.05ms
step:938/1490 train_time:284015ms step_avg:306.05ms
step:939/1490 train_time:284320ms step_avg:306.05ms
step:940/1490 train_time:284629ms step_avg:306.05ms
step:941/1490 train_time:284932ms step_avg:306.05ms
step:942/1490 train_time:285243ms step_avg:306.06ms
step:943/1490 train_time:285557ms step_avg:306.06ms
step:944/1490 train_time:285864ms step_avg:306.06ms
step:945/1490 train_time:286177ms step_avg:306.07ms
step:946/1490 train_time:286488ms step_avg:306.08ms
step:947/1490 train_time:286806ms step_avg:306.09ms
step:948/1490 train_time:287120ms step_avg:306.10ms
step:949/1490 train_time:287436ms step_avg:306.11ms
step:950/1490 train_time:287738ms step_avg:306.10ms
step:951/1490 train_time:288047ms step_avg:306.11ms
step:952/1490 train_time:288353ms step_avg:306.11ms
step:953/1490 train_time:288659ms step_avg:306.11ms
step:954/1490 train_time:288963ms step_avg:306.10ms
step:955/1490 train_time:289268ms step_avg:306.10ms
step:956/1490 train_time:289577ms step_avg:306.11ms
step:957/1490 train_time:289893ms step_avg:306.12ms
step:958/1490 train_time:290202ms step_avg:306.12ms
step:959/1490 train_time:290524ms step_avg:306.14ms
step:960/1490 train_time:290842ms step_avg:306.15ms
step:961/1490 train_time:291168ms step_avg:306.17ms
step:962/1490 train_time:291474ms step_avg:306.17ms
step:963/1490 train_time:291783ms step_avg:306.17ms
step:964/1490 train_time:292092ms step_avg:306.18ms
step:965/1490 train_time:292403ms step_avg:306.18ms
step:966/1490 train_time:292713ms step_avg:306.18ms
step:967/1490 train_time:293024ms step_avg:306.19ms
step:968/1490 train_time:293339ms step_avg:306.20ms
step:969/1490 train_time:293646ms step_avg:306.20ms
step:970/1490 train_time:293971ms step_avg:306.22ms
step:971/1490 train_time:294275ms step_avg:306.22ms
step:972/1490 train_time:294588ms step_avg:306.22ms
step:973/1490 train_time:294905ms step_avg:306.24ms
step:974/1490 train_time:295219ms step_avg:306.24ms
step:975/1490 train_time:295528ms step_avg:306.25ms
step:976/1490 train_time:295841ms step_avg:306.25ms
step:977/1490 train_time:296150ms step_avg:306.26ms
step:978/1490 train_time:296462ms step_avg:306.26ms
step:979/1490 train_time:296774ms step_avg:306.27ms
step:980/1490 train_time:297084ms step_avg:306.27ms
step:981/1490 train_time:297399ms step_avg:306.28ms
step:982/1490 train_time:297712ms step_avg:306.29ms
step:983/1490 train_time:298030ms step_avg:306.30ms
step:984/1490 train_time:298343ms step_avg:306.31ms
step:985/1490 train_time:298653ms step_avg:306.31ms
step:986/1490 train_time:298963ms step_avg:306.31ms
step:987/1490 train_time:299279ms step_avg:306.32ms
step:988/1490 train_time:299593ms step_avg:306.33ms
step:989/1490 train_time:299902ms step_avg:306.34ms
step:990/1490 train_time:300212ms step_avg:306.34ms
step:991/1490 train_time:300526ms step_avg:306.35ms
step:992/1490 train_time:300836ms step_avg:306.35ms
step:993/1490 train_time:301142ms step_avg:306.35ms
step:994/1490 train_time:301454ms step_avg:306.36ms
step:995/1490 train_time:301768ms step_avg:306.36ms
step:996/1490 train_time:302077ms step_avg:306.37ms
step:997/1490 train_time:302385ms step_avg:306.37ms
step:998/1490 train_time:302695ms step_avg:306.37ms
step:999/1490 train_time:303012ms step_avg:306.38ms
step:1000/1490 train_time:303320ms step_avg:306.38ms
step:1000/1490 val_loss:3.4427 train_time:303324ms step_avg:306.39ms
step:1001/1490 train_time:303879ms step_avg:306.64ms
step:1002/1490 train_time:304190ms step_avg:306.64ms
step:1003/1490 train_time:304503ms step_avg:306.65ms
step:1004/1490 train_time:304810ms step_avg:306.65ms
step:1005/1490 train_time:305120ms step_avg:306.65ms
step:1006/1490 train_time:305429ms step_avg:306.66ms
step:1007/1490 train_time:305737ms step_avg:306.66ms
step:1008/1490 train_time:306044ms step_avg:306.66ms
step:1009/1490 train_time:306352ms step_avg:306.66ms
step:1010/1490 train_time:306661ms step_avg:306.66ms
step:1011/1490 train_time:306976ms step_avg:306.67ms
step:1012/1490 train_time:307290ms step_avg:306.68ms
step:1013/1490 train_time:307605ms step_avg:306.69ms
step:1014/1490 train_time:307912ms step_avg:306.69ms
step:1015/1490 train_time:308224ms step_avg:306.69ms
step:1016/1490 train_time:308533ms step_avg:306.69ms
step:1017/1490 train_time:308844ms step_avg:306.70ms
step:1018/1490 train_time:309153ms step_avg:306.70ms
step:1019/1490 train_time:309465ms step_avg:306.70ms
step:1020/1490 train_time:309777ms step_avg:306.71ms
step:1021/1490 train_time:310084ms step_avg:306.71ms
step:1022/1490 train_time:310394ms step_avg:306.71ms
step:1023/1490 train_time:310704ms step_avg:306.72ms
step:1024/1490 train_time:311017ms step_avg:306.72ms
step:1025/1490 train_time:311335ms step_avg:306.73ms
step:1026/1490 train_time:311644ms step_avg:306.74ms
step:1027/1490 train_time:311960ms step_avg:306.75ms
step:1028/1490 train_time:312273ms step_avg:306.75ms
step:1029/1490 train_time:312578ms step_avg:306.75ms
step:1030/1490 train_time:312889ms step_avg:306.75ms
step:1031/1490 train_time:313199ms step_avg:306.76ms
step:1032/1490 train_time:313509ms step_avg:306.76ms
step:1033/1490 train_time:313826ms step_avg:306.77ms
step:1034/1490 train_time:314134ms step_avg:306.77ms
step:1035/1490 train_time:314447ms step_avg:306.78ms
step:1036/1490 train_time:314754ms step_avg:306.78ms
step:1037/1490 train_time:315074ms step_avg:306.79ms
step:1038/1490 train_time:315384ms step_avg:306.79ms
step:1039/1490 train_time:315697ms step_avg:306.80ms
step:1040/1490 train_time:316008ms step_avg:306.80ms
step:1041/1490 train_time:316326ms step_avg:306.81ms
step:1042/1490 train_time:316647ms step_avg:306.83ms
step:1043/1490 train_time:316953ms step_avg:306.83ms
step:1044/1490 train_time:317268ms step_avg:306.84ms
step:1045/1490 train_time:317578ms step_avg:306.84ms
step:1046/1490 train_time:317886ms step_avg:306.84ms
step:1047/1490 train_time:318195ms step_avg:306.84ms
step:1048/1490 train_time:318507ms step_avg:306.85ms
step:1049/1490 train_time:318822ms step_avg:306.85ms
step:1050/1490 train_time:319140ms step_avg:306.87ms
step:1051/1490 train_time:319450ms step_avg:306.87ms
step:1052/1490 train_time:319757ms step_avg:306.87ms
step:1053/1490 train_time:320066ms step_avg:306.87ms
step:1054/1490 train_time:320386ms step_avg:306.88ms
step:1055/1490 train_time:320697ms step_avg:306.89ms
step:1056/1490 train_time:321010ms step_avg:306.89ms
step:1057/1490 train_time:321321ms step_avg:306.90ms
step:1058/1490 train_time:321634ms step_avg:306.90ms
step:1059/1490 train_time:321954ms step_avg:306.91ms
step:1060/1490 train_time:322257ms step_avg:306.91ms
step:1061/1490 train_time:322568ms step_avg:306.92ms
step:1062/1490 train_time:322877ms step_avg:306.92ms
step:1063/1490 train_time:323191ms step_avg:306.92ms
step:1064/1490 train_time:323505ms step_avg:306.93ms
step:1065/1490 train_time:323815ms step_avg:306.93ms
step:1066/1490 train_time:324124ms step_avg:306.94ms
step:1067/1490 train_time:324435ms step_avg:306.94ms
step:1068/1490 train_time:324749ms step_avg:306.95ms
step:1069/1490 train_time:325062ms step_avg:306.95ms
step:1070/1490 train_time:325373ms step_avg:306.96ms
step:1071/1490 train_time:325686ms step_avg:306.96ms
step:1072/1490 train_time:325995ms step_avg:306.96ms
step:1073/1490 train_time:326307ms step_avg:306.97ms
step:1074/1490 train_time:326626ms step_avg:306.98ms
step:1075/1490 train_time:326932ms step_avg:306.98ms
step:1076/1490 train_time:327248ms step_avg:306.99ms
step:1077/1490 train_time:327557ms step_avg:306.99ms
step:1078/1490 train_time:327867ms step_avg:306.99ms
step:1079/1490 train_time:328175ms step_avg:306.99ms
step:1080/1490 train_time:328490ms step_avg:307.00ms
step:1081/1490 train_time:328816ms step_avg:307.02ms
step:1082/1490 train_time:329123ms step_avg:307.02ms
step:1083/1490 train_time:329435ms step_avg:307.02ms
step:1084/1490 train_time:329747ms step_avg:307.03ms
step:1085/1490 train_time:330062ms step_avg:307.03ms
step:1086/1490 train_time:330369ms step_avg:307.03ms
step:1087/1490 train_time:330680ms step_avg:307.04ms
step:1088/1490 train_time:330988ms step_avg:307.04ms
step:1089/1490 train_time:331302ms step_avg:307.05ms
step:1090/1490 train_time:331613ms step_avg:307.05ms
step:1091/1490 train_time:331924ms step_avg:307.05ms
step:1092/1490 train_time:332232ms step_avg:307.05ms
step:1093/1490 train_time:332543ms step_avg:307.06ms
step:1094/1490 train_time:332856ms step_avg:307.06ms
step:1095/1490 train_time:333169ms step_avg:307.07ms
step:1096/1490 train_time:333484ms step_avg:307.08ms
step:1097/1490 train_time:333794ms step_avg:307.08ms
step:1098/1490 train_time:334104ms step_avg:307.08ms
step:1099/1490 train_time:334419ms step_avg:307.09ms
step:1100/1490 train_time:334732ms step_avg:307.09ms
step:1101/1490 train_time:335042ms step_avg:307.10ms
step:1102/1490 train_time:335361ms step_avg:307.11ms
step:1103/1490 train_time:335669ms step_avg:307.11ms
step:1104/1490 train_time:335988ms step_avg:307.12ms
step:1105/1490 train_time:336304ms step_avg:307.13ms
step:1106/1490 train_time:336612ms step_avg:307.13ms
step:1107/1490 train_time:336925ms step_avg:307.13ms
step:1108/1490 train_time:337234ms step_avg:307.14ms
step:1109/1490 train_time:337545ms step_avg:307.14ms
step:1110/1490 train_time:337859ms step_avg:307.14ms
step:1111/1490 train_time:338171ms step_avg:307.15ms
step:1112/1490 train_time:338484ms step_avg:307.15ms
step:1113/1490 train_time:338793ms step_avg:307.16ms
step:1114/1490 train_time:339105ms step_avg:307.16ms
step:1115/1490 train_time:339418ms step_avg:307.17ms
step:1116/1490 train_time:339730ms step_avg:307.17ms
step:1117/1490 train_time:340043ms step_avg:307.18ms
step:1118/1490 train_time:340352ms step_avg:307.18ms
step:1119/1490 train_time:340663ms step_avg:307.18ms
step:1120/1490 train_time:340976ms step_avg:307.19ms
step:1121/1490 train_time:341291ms step_avg:307.19ms
step:1122/1490 train_time:341602ms step_avg:307.20ms
step:1123/1490 train_time:341919ms step_avg:307.20ms
step:1124/1490 train_time:342237ms step_avg:307.21ms
step:1125/1490 train_time:342548ms step_avg:307.22ms
step:1125/1490 val_loss:3.3881 train_time:342552ms step_avg:307.22ms
step:1126/1490 train_time:342992ms step_avg:307.34ms
step:1127/1490 train_time:343304ms step_avg:307.34ms
step:1128/1490 train_time:343627ms step_avg:307.36ms
step:1129/1490 train_time:343938ms step_avg:307.36ms
step:1130/1490 train_time:344254ms step_avg:307.37ms
step:1131/1490 train_time:344562ms step_avg:307.37ms
step:1132/1490 train_time:344874ms step_avg:307.37ms
step:1133/1490 train_time:345185ms step_avg:307.38ms
step:1134/1490 train_time:345501ms step_avg:307.38ms
step:1135/1490 train_time:345816ms step_avg:307.39ms
step:1136/1490 train_time:346125ms step_avg:307.39ms
step:1137/1490 train_time:346433ms step_avg:307.39ms
step:1138/1490 train_time:346749ms step_avg:307.40ms
step:1139/1490 train_time:347059ms step_avg:307.40ms
step:1140/1490 train_time:347370ms step_avg:307.41ms
step:1141/1490 train_time:347683ms step_avg:307.41ms
step:1142/1490 train_time:347996ms step_avg:307.42ms
step:1143/1490 train_time:348308ms step_avg:307.42ms
step:1144/1490 train_time:348630ms step_avg:307.43ms
step:1145/1490 train_time:348944ms step_avg:307.44ms
step:1146/1490 train_time:349256ms step_avg:307.44ms
step:1147/1490 train_time:349562ms step_avg:307.44ms
step:1148/1490 train_time:349872ms step_avg:307.44ms
step:1149/1490 train_time:350185ms step_avg:307.45ms
step:1150/1490 train_time:350502ms step_avg:307.46ms
step:1151/1490 train_time:350814ms step_avg:307.46ms
step:1152/1490 train_time:351127ms step_avg:307.47ms
step:1153/1490 train_time:351448ms step_avg:307.48ms
step:1154/1490 train_time:351753ms step_avg:307.48ms
step:1155/1490 train_time:352063ms step_avg:307.48ms
step:1156/1490 train_time:352377ms step_avg:307.48ms
step:1157/1490 train_time:352689ms step_avg:307.49ms
step:1158/1490 train_time:353002ms step_avg:307.49ms
step:1159/1490 train_time:353313ms step_avg:307.50ms
step:1160/1490 train_time:353632ms step_avg:307.51ms
step:1161/1490 train_time:353939ms step_avg:307.51ms
step:1162/1490 train_time:354250ms step_avg:307.51ms
step:1163/1490 train_time:354557ms step_avg:307.51ms
step:1164/1490 train_time:354865ms step_avg:307.51ms
step:1165/1490 train_time:355177ms step_avg:307.51ms
step:1166/1490 train_time:355485ms step_avg:307.51ms
step:1167/1490 train_time:355797ms step_avg:307.52ms
step:1168/1490 train_time:356104ms step_avg:307.52ms
step:1169/1490 train_time:356418ms step_avg:307.52ms
step:1170/1490 train_time:356733ms step_avg:307.53ms
step:1171/1490 train_time:357044ms step_avg:307.53ms
step:1172/1490 train_time:357354ms step_avg:307.53ms
step:1173/1490 train_time:357662ms step_avg:307.53ms
step:1174/1490 train_time:357970ms step_avg:307.53ms
step:1175/1490 train_time:358288ms step_avg:307.54ms
step:1176/1490 train_time:358599ms step_avg:307.55ms
step:1177/1490 train_time:358916ms step_avg:307.55ms
step:1178/1490 train_time:359222ms step_avg:307.55ms
step:1179/1490 train_time:359533ms step_avg:307.56ms
step:1180/1490 train_time:359846ms step_avg:307.56ms
step:1181/1490 train_time:360158ms step_avg:307.56ms
step:1182/1490 train_time:360466ms step_avg:307.57ms
step:1183/1490 train_time:360786ms step_avg:307.58ms
step:1184/1490 train_time:361099ms step_avg:307.58ms
step:1185/1490 train_time:361412ms step_avg:307.58ms
step:1186/1490 train_time:361725ms step_avg:307.59ms
step:1187/1490 train_time:362039ms step_avg:307.59ms
step:1188/1490 train_time:362359ms step_avg:307.61ms
step:1189/1490 train_time:362668ms step_avg:307.61ms
step:1190/1490 train_time:362974ms step_avg:307.61ms
step:1191/1490 train_time:363286ms step_avg:307.61ms
step:1192/1490 train_time:363594ms step_avg:307.61ms
step:1193/1490 train_time:363903ms step_avg:307.61ms
step:1194/1490 train_time:364212ms step_avg:307.61ms
step:1195/1490 train_time:364524ms step_avg:307.62ms
step:1196/1490 train_time:364839ms step_avg:307.62ms
step:1197/1490 train_time:365148ms step_avg:307.62ms
step:1198/1490 train_time:365454ms step_avg:307.62ms
step:1199/1490 train_time:365763ms step_avg:307.62ms
step:1200/1490 train_time:366083ms step_avg:307.63ms
step:1201/1490 train_time:366396ms step_avg:307.64ms
step:1202/1490 train_time:366709ms step_avg:307.64ms
step:1203/1490 train_time:367034ms step_avg:307.66ms
step:1204/1490 train_time:367344ms step_avg:307.66ms
step:1205/1490 train_time:367658ms step_avg:307.66ms
step:1206/1490 train_time:367975ms step_avg:307.67ms
step:1207/1490 train_time:368285ms step_avg:307.67ms
step:1208/1490 train_time:368592ms step_avg:307.67ms
step:1209/1490 train_time:368902ms step_avg:307.68ms
step:1210/1490 train_time:369216ms step_avg:307.68ms
step:1211/1490 train_time:369529ms step_avg:307.68ms
step:1212/1490 train_time:369842ms step_avg:307.69ms
step:1213/1490 train_time:370155ms step_avg:307.69ms
step:1214/1490 train_time:370472ms step_avg:307.70ms
step:1215/1490 train_time:370780ms step_avg:307.70ms
step:1216/1490 train_time:371090ms step_avg:307.70ms
step:1217/1490 train_time:371401ms step_avg:307.71ms
step:1218/1490 train_time:371712ms step_avg:307.71ms
step:1219/1490 train_time:372027ms step_avg:307.71ms
step:1220/1490 train_time:372333ms step_avg:307.71ms
step:1221/1490 train_time:372643ms step_avg:307.72ms
step:1222/1490 train_time:372955ms step_avg:307.72ms
step:1223/1490 train_time:373270ms step_avg:307.72ms
step:1224/1490 train_time:373578ms step_avg:307.73ms
step:1225/1490 train_time:373888ms step_avg:307.73ms
step:1226/1490 train_time:374203ms step_avg:307.73ms
step:1227/1490 train_time:374515ms step_avg:307.74ms
step:1228/1490 train_time:374827ms step_avg:307.74ms
step:1229/1490 train_time:375149ms step_avg:307.75ms
step:1230/1490 train_time:375460ms step_avg:307.75ms
step:1231/1490 train_time:375780ms step_avg:307.76ms
step:1232/1490 train_time:376097ms step_avg:307.77ms
step:1233/1490 train_time:376415ms step_avg:307.78ms
step:1234/1490 train_time:376726ms step_avg:307.78ms
step:1235/1490 train_time:377045ms step_avg:307.79ms
step:1236/1490 train_time:377355ms step_avg:307.79ms
step:1237/1490 train_time:377666ms step_avg:307.80ms
step:1238/1490 train_time:377978ms step_avg:307.80ms
step:1239/1490 train_time:378295ms step_avg:307.81ms
step:1240/1490 train_time:378608ms step_avg:307.81ms
step:1241/1490 train_time:378916ms step_avg:307.81ms
step:1242/1490 train_time:379225ms step_avg:307.81ms
step:1243/1490 train_time:379535ms step_avg:307.81ms
step:1244/1490 train_time:379848ms step_avg:307.82ms
step:1245/1490 train_time:380160ms step_avg:307.82ms
step:1246/1490 train_time:380469ms step_avg:307.82ms
step:1247/1490 train_time:380781ms step_avg:307.83ms
step:1248/1490 train_time:381104ms step_avg:307.84ms
step:1249/1490 train_time:381429ms step_avg:307.85ms
step:1250/1490 train_time:381750ms step_avg:307.86ms
step:1250/1490 val_loss:3.3396 train_time:381758ms step_avg:307.87ms
step:1251/1490 train_time:382216ms step_avg:307.99ms
step:1252/1490 train_time:382528ms step_avg:307.99ms
step:1253/1490 train_time:382838ms step_avg:308.00ms
step:1254/1490 train_time:383150ms step_avg:308.00ms
step:1255/1490 train_time:383469ms step_avg:308.01ms
step:1256/1490 train_time:383782ms step_avg:308.01ms
step:1257/1490 train_time:384095ms step_avg:308.02ms
step:1258/1490 train_time:384411ms step_avg:308.02ms
step:1259/1490 train_time:384723ms step_avg:308.02ms
step:1260/1490 train_time:385031ms step_avg:308.02ms
step:1261/1490 train_time:385343ms step_avg:308.03ms
step:1262/1490 train_time:385654ms step_avg:308.03ms
step:1263/1490 train_time:385970ms step_avg:308.04ms
step:1264/1490 train_time:386283ms step_avg:308.04ms
step:1265/1490 train_time:386590ms step_avg:308.04ms
step:1266/1490 train_time:386906ms step_avg:308.05ms
step:1267/1490 train_time:387221ms step_avg:308.05ms
step:1268/1490 train_time:387529ms step_avg:308.05ms
step:1269/1490 train_time:387846ms step_avg:308.06ms
step:1270/1490 train_time:388163ms step_avg:308.07ms
step:1271/1490 train_time:388478ms step_avg:308.07ms
step:1272/1490 train_time:388789ms step_avg:308.07ms
step:1273/1490 train_time:389105ms step_avg:308.08ms
step:1274/1490 train_time:389417ms step_avg:308.08ms
step:1275/1490 train_time:389731ms step_avg:308.09ms
step:1276/1490 train_time:390044ms step_avg:308.09ms
step:1277/1490 train_time:390359ms step_avg:308.10ms
step:1278/1490 train_time:390672ms step_avg:308.10ms
step:1279/1490 train_time:390985ms step_avg:308.10ms
step:1280/1490 train_time:391295ms step_avg:308.11ms
step:1281/1490 train_time:391607ms step_avg:308.11ms
step:1282/1490 train_time:391920ms step_avg:308.11ms
step:1283/1490 train_time:392234ms step_avg:308.12ms
step:1284/1490 train_time:392546ms step_avg:308.12ms
step:1285/1490 train_time:392862ms step_avg:308.13ms
step:1286/1490 train_time:393178ms step_avg:308.13ms
step:1287/1490 train_time:393501ms step_avg:308.14ms
step:1288/1490 train_time:393815ms step_avg:308.15ms
step:1289/1490 train_time:394128ms step_avg:308.15ms
step:1290/1490 train_time:394441ms step_avg:308.16ms
step:1291/1490 train_time:394750ms step_avg:308.16ms
step:1292/1490 train_time:395066ms step_avg:308.16ms
step:1293/1490 train_time:395386ms step_avg:308.17ms
step:1294/1490 train_time:395698ms step_avg:308.18ms
step:1295/1490 train_time:396013ms step_avg:308.18ms
step:1296/1490 train_time:396329ms step_avg:308.19ms
step:1297/1490 train_time:396653ms step_avg:308.20ms
step:1298/1490 train_time:396965ms step_avg:308.20ms
step:1299/1490 train_time:397287ms step_avg:308.21ms
step:1300/1490 train_time:397600ms step_avg:308.22ms
step:1301/1490 train_time:397914ms step_avg:308.22ms
step:1302/1490 train_time:398231ms step_avg:308.23ms
step:1303/1490 train_time:398540ms step_avg:308.23ms
step:1304/1490 train_time:398850ms step_avg:308.23ms
step:1305/1490 train_time:399164ms step_avg:308.23ms
step:1306/1490 train_time:399478ms step_avg:308.24ms
step:1307/1490 train_time:399789ms step_avg:308.24ms
step:1308/1490 train_time:400105ms step_avg:308.25ms
step:1309/1490 train_time:400416ms step_avg:308.25ms
step:1310/1490 train_time:400732ms step_avg:308.26ms
step:1311/1490 train_time:401039ms step_avg:308.25ms
step:1312/1490 train_time:401352ms step_avg:308.26ms
step:1313/1490 train_time:401671ms step_avg:308.27ms
step:1314/1490 train_time:401979ms step_avg:308.27ms
step:1315/1490 train_time:402293ms step_avg:308.27ms
step:1316/1490 train_time:402603ms step_avg:308.27ms
step:1317/1490 train_time:402918ms step_avg:308.28ms
step:1318/1490 train_time:403231ms step_avg:308.28ms
step:1319/1490 train_time:403549ms step_avg:308.29ms
step:1320/1490 train_time:403872ms step_avg:308.30ms
step:1321/1490 train_time:404185ms step_avg:308.30ms
step:1322/1490 train_time:404503ms step_avg:308.31ms
step:1323/1490 train_time:404811ms step_avg:308.31ms
step:1324/1490 train_time:405122ms step_avg:308.31ms
step:1325/1490 train_time:405431ms step_avg:308.31ms
step:1326/1490 train_time:405740ms step_avg:308.31ms
step:1327/1490 train_time:406048ms step_avg:308.31ms
step:1328/1490 train_time:406364ms step_avg:308.32ms
step:1329/1490 train_time:406676ms step_avg:308.32ms
step:1330/1490 train_time:406985ms step_avg:308.32ms
step:1331/1490 train_time:407298ms step_avg:308.33ms
step:1332/1490 train_time:407603ms step_avg:308.32ms
step:1333/1490 train_time:407915ms step_avg:308.33ms
step:1334/1490 train_time:408227ms step_avg:308.33ms
step:1335/1490 train_time:408538ms step_avg:308.33ms
step:1336/1490 train_time:408853ms step_avg:308.34ms
step:1337/1490 train_time:409177ms step_avg:308.35ms
step:1338/1490 train_time:409486ms step_avg:308.35ms
step:1339/1490 train_time:409795ms step_avg:308.35ms
step:1340/1490 train_time:410115ms step_avg:308.36ms
step:1341/1490 train_time:410435ms step_avg:308.37ms
step:1342/1490 train_time:410751ms step_avg:308.37ms
step:1343/1490 train_time:411071ms step_avg:308.38ms
step:1344/1490 train_time:411383ms step_avg:308.38ms
step:1345/1490 train_time:411691ms step_avg:308.38ms
step:1346/1490 train_time:412011ms step_avg:308.39ms
step:1347/1490 train_time:412329ms step_avg:308.40ms
step:1348/1490 train_time:412640ms step_avg:308.40ms
step:1349/1490 train_time:412954ms step_avg:308.40ms
step:1350/1490 train_time:413272ms step_avg:308.41ms
step:1351/1490 train_time:413586ms step_avg:308.42ms
step:1352/1490 train_time:413908ms step_avg:308.43ms
step:1353/1490 train_time:414221ms step_avg:308.43ms
step:1354/1490 train_time:414533ms step_avg:308.43ms
step:1355/1490 train_time:414847ms step_avg:308.44ms
step:1356/1490 train_time:415171ms step_avg:308.45ms
step:1357/1490 train_time:415487ms step_avg:308.45ms
step:1358/1490 train_time:415807ms step_avg:308.46ms
step:1359/1490 train_time:416121ms step_avg:308.47ms
step:1360/1490 train_time:416442ms step_avg:308.48ms
step:1361/1490 train_time:416764ms step_avg:308.49ms
step:1362/1490 train_time:417076ms step_avg:308.49ms
step:1363/1490 train_time:417392ms step_avg:308.49ms
step:1364/1490 train_time:417710ms step_avg:308.50ms
step:1365/1490 train_time:418023ms step_avg:308.50ms
step:1366/1490 train_time:418337ms step_avg:308.51ms
step:1367/1490 train_time:418653ms step_avg:308.51ms
step:1368/1490 train_time:418968ms step_avg:308.52ms
step:1369/1490 train_time:419281ms step_avg:308.52ms
step:1370/1490 train_time:419601ms step_avg:308.53ms
step:1371/1490 train_time:419915ms step_avg:308.53ms
step:1372/1490 train_time:420228ms step_avg:308.54ms
step:1373/1490 train_time:420540ms step_avg:308.54ms
step:1374/1490 train_time:420857ms step_avg:308.55ms
step:1375/1490 train_time:421174ms step_avg:308.55ms
step:1375/1490 val_loss:3.2998 train_time:421179ms step_avg:308.56ms
step:1376/1490 train_time:421636ms step_avg:308.66ms
step:1377/1490 train_time:421952ms step_avg:308.67ms
step:1378/1490 train_time:422272ms step_avg:308.68ms
step:1379/1490 train_time:422592ms step_avg:308.69ms
step:1380/1490 train_time:422905ms step_avg:308.69ms
step:1381/1490 train_time:423218ms step_avg:308.69ms
step:1382/1490 train_time:423537ms step_avg:308.70ms
step:1383/1490 train_time:423849ms step_avg:308.70ms
step:1384/1490 train_time:424168ms step_avg:308.71ms
step:1385/1490 train_time:424480ms step_avg:308.71ms
step:1386/1490 train_time:424796ms step_avg:308.72ms
step:1387/1490 train_time:425109ms step_avg:308.72ms
step:1388/1490 train_time:425421ms step_avg:308.72ms
step:1389/1490 train_time:425734ms step_avg:308.73ms
step:1390/1490 train_time:426051ms step_avg:308.73ms
step:1391/1490 train_time:426361ms step_avg:308.73ms
step:1392/1490 train_time:426677ms step_avg:308.74ms
step:1393/1490 train_time:426994ms step_avg:308.75ms
step:1394/1490 train_time:427312ms step_avg:308.75ms
step:1395/1490 train_time:427625ms step_avg:308.75ms
step:1396/1490 train_time:427938ms step_avg:308.76ms
step:1397/1490 train_time:428255ms step_avg:308.76ms
step:1398/1490 train_time:428578ms step_avg:308.77ms
step:1399/1490 train_time:428893ms step_avg:308.78ms
step:1400/1490 train_time:429202ms step_avg:308.78ms
step:1401/1490 train_time:429518ms step_avg:308.78ms
step:1402/1490 train_time:429827ms step_avg:308.78ms
step:1403/1490 train_time:430135ms step_avg:308.78ms
step:1404/1490 train_time:430447ms step_avg:308.79ms
step:1405/1490 train_time:430764ms step_avg:308.79ms
step:1406/1490 train_time:431086ms step_avg:308.80ms
step:1407/1490 train_time:431401ms step_avg:308.81ms
step:1408/1490 train_time:431717ms step_avg:308.81ms
step:1409/1490 train_time:432038ms step_avg:308.82ms
step:1410/1490 train_time:432353ms step_avg:308.82ms
step:1411/1490 train_time:432674ms step_avg:308.83ms
step:1412/1490 train_time:432989ms step_avg:308.84ms
step:1413/1490 train_time:433303ms step_avg:308.84ms
step:1414/1490 train_time:433619ms step_avg:308.85ms
step:1415/1490 train_time:433937ms step_avg:308.85ms
step:1416/1490 train_time:434252ms step_avg:308.86ms
step:1417/1490 train_time:434576ms step_avg:308.87ms
step:1418/1490 train_time:434885ms step_avg:308.87ms
step:1419/1490 train_time:435198ms step_avg:308.87ms
step:1420/1490 train_time:435523ms step_avg:308.88ms
step:1421/1490 train_time:435838ms step_avg:308.89ms
step:1422/1490 train_time:436161ms step_avg:308.90ms
step:1423/1490 train_time:436479ms step_avg:308.90ms
step:1424/1490 train_time:436792ms step_avg:308.90ms
step:1425/1490 train_time:437107ms step_avg:308.91ms
step:1426/1490 train_time:437424ms step_avg:308.92ms
step:1427/1490 train_time:437738ms step_avg:308.92ms
step:1428/1490 train_time:438054ms step_avg:308.92ms
step:1429/1490 train_time:438365ms step_avg:308.93ms
step:1430/1490 train_time:438679ms step_avg:308.93ms
step:1431/1490 train_time:438998ms step_avg:308.94ms
step:1432/1490 train_time:439312ms step_avg:308.94ms
step:1433/1490 train_time:439642ms step_avg:308.95ms
step:1434/1490 train_time:439961ms step_avg:308.96ms
step:1435/1490 train_time:440276ms step_avg:308.97ms
step:1436/1490 train_time:440588ms step_avg:308.97ms
step:1437/1490 train_time:440906ms step_avg:308.97ms
step:1438/1490 train_time:441221ms step_avg:308.98ms
step:1439/1490 train_time:441543ms step_avg:308.99ms
step:1440/1490 train_time:441859ms step_avg:308.99ms
step:1441/1490 train_time:442174ms step_avg:309.00ms
step:1442/1490 train_time:442487ms step_avg:309.00ms
step:1443/1490 train_time:442805ms step_avg:309.01ms
step:1444/1490 train_time:443123ms step_avg:309.01ms
step:1445/1490 train_time:443440ms step_avg:309.02ms
step:1446/1490 train_time:443757ms step_avg:309.02ms
step:1447/1490 train_time:444074ms step_avg:309.03ms
step:1448/1490 train_time:444390ms step_avg:309.03ms
step:1449/1490 train_time:444702ms step_avg:309.04ms
step:1450/1490 train_time:445030ms step_avg:309.05ms
step:1451/1490 train_time:445347ms step_avg:309.05ms
step:1452/1490 train_time:445677ms step_avg:309.07ms
step:1453/1490 train_time:445994ms step_avg:309.07ms
step:1454/1490 train_time:446303ms step_avg:309.07ms
step:1455/1490 train_time:446620ms step_avg:309.08ms
step:1456/1490 train_time:446930ms step_avg:309.08ms
step:1457/1490 train_time:447249ms step_avg:309.09ms
step:1458/1490 train_time:447568ms step_avg:309.09ms
step:1459/1490 train_time:447885ms step_avg:309.10ms
step:1460/1490 train_time:448202ms step_avg:309.10ms
step:1461/1490 train_time:448513ms step_avg:309.11ms
step:1462/1490 train_time:448827ms step_avg:309.11ms
step:1463/1490 train_time:449140ms step_avg:309.11ms
step:1464/1490 train_time:449451ms step_avg:309.11ms
step:1465/1490 train_time:449771ms step_avg:309.12ms
step:1466/1490 train_time:450085ms step_avg:309.12ms
step:1467/1490 train_time:450407ms step_avg:309.13ms
step:1468/1490 train_time:450722ms step_avg:309.14ms
step:1469/1490 train_time:451043ms step_avg:309.15ms
step:1470/1490 train_time:451360ms step_avg:309.15ms
step:1471/1490 train_time:451686ms step_avg:309.16ms
step:1472/1490 train_time:452001ms step_avg:309.17ms
step:1473/1490 train_time:452326ms step_avg:309.18ms
step:1474/1490 train_time:452642ms step_avg:309.18ms
step:1475/1490 train_time:452956ms step_avg:309.19ms
step:1476/1490 train_time:453267ms step_avg:309.19ms
step:1477/1490 train_time:453590ms step_avg:309.20ms
step:1478/1490 train_time:453901ms step_avg:309.20ms
step:1479/1490 train_time:454225ms step_avg:309.21ms
step:1480/1490 train_time:454546ms step_avg:309.22ms
step:1481/1490 train_time:454872ms step_avg:309.23ms
step:1482/1490 train_time:455184ms step_avg:309.23ms
step:1483/1490 train_time:455502ms step_avg:309.23ms
step:1484/1490 train_time:455817ms step_avg:309.24ms
step:1485/1490 train_time:456132ms step_avg:309.24ms
step:1486/1490 train_time:456448ms step_avg:309.25ms
step:1487/1490 train_time:456759ms step_avg:309.25ms
step:1488/1490 train_time:457068ms step_avg:309.25ms
step:1489/1490 train_time:457384ms step_avg:309.25ms
step:1490/1490 train_time:457704ms step_avg:309.26ms
step:1490/1490 val_loss:3.2786 train_time:457706ms step_avg:309.26ms
peak memory allocated: 31516 MiB reserved: 31822 MiB
total training time: 457.71s (457706ms)
Metrics saved to logs/e410e1f3-0e87-4d94-870b-786487907512/metrics.json
